<testsuites name="jest tests">
  <testsuite name="Advice reducer" tests="13" errors="0" failures="0" skipped="0" timestamp="2017-10-07T17:22:42" time="6.32">
    <testcase classname="Advice reducer undefined action should handle initial state" name="Advice reducer undefined action should handle initial state" time="0.011">
    </testcase>
    <testcase classname="Advice reducer ADD_ADVICE should add an advice" name="Advice reducer ADD_ADVICE should add an advice" time="0.003">
    </testcase>
    <testcase classname="Advice reducer UPDATE_ADVICE should do nothing if no advice selected" name="Advice reducer UPDATE_ADVICE should do nothing if no advice selected" time="0.002">
    </testcase>
    <testcase classname="Advice reducer SELECT_ADVICE should set a selectedId" name="Advice reducer SELECT_ADVICE should set a selectedId" time="0.001">
    </testcase>
    <testcase classname="Advice reducer REMOVE_ADVICE should remove an advice that is selected" name="Advice reducer REMOVE_ADVICE should remove an advice that is selected" time="0.001">
    </testcase>
    <testcase classname="Advice reducer REMOVE_ADVICE should remove an advice" name="Advice reducer REMOVE_ADVICE should remove an advice" time="0.002">
    </testcase>
    <testcase classname="Advice reducer SET_INSURANCE should set an insurance as selected" name="Advice reducer SET_INSURANCE should set an insurance as selected" time="0.004">
    </testcase>
    <testcase classname="Advice reducer REMOVE_INSURANCE should set selectedInsurance as null" name="Advice reducer REMOVE_INSURANCE should set selectedInsurance as null" time="0.001">
    </testcase>
    <testcase classname="Advice reducer Selections getAdvice should return the advice" name="Advice reducer Selections getAdvice should return the advice" time="0.001">
    </testcase>
    <testcase classname="Advice reducer Selections getIds should return all advice ids" name="Advice reducer Selections getIds should return all advice ids" time="0.001">
    </testcase>
    <testcase classname="Advice reducer Selections getSelectedId should return the selected advice id" name="Advice reducer Selections getSelectedId should return the selected advice id" time="0.001">
    </testcase>
    <testcase classname="Advice reducer Selections getSelected should return the selected advice" name="Advice reducer Selections getSelected should return the selected advice" time="0.001">
    </testcase>
    <testcase classname="Advice reducer Selections getSelectedInsurance should return the selected insurance" name="Advice reducer Selections getSelectedInsurance should return the selected insurance" time="0.001">
    </testcase>
  </testsuite>
  <testsuite name="CarProposalHelper" tests="3" errors="0" failures="0" skipped="0" timestamp="2017-10-07T17:22:42" time="6.642">
    <testcase classname="CarProposalHelper should convert final questions to request format" name="CarProposalHelper should convert final questions to request format" time="0.036">
    </testcase>
    <testcase classname="CarProposalHelper should convert basic questions to request format" name="CarProposalHelper should convert basic questions to request format" time="0.009">
    </testcase>
    <testcase classname="CarProposalHelper should get the dutch boolean anwer with comment" name="CarProposalHelper should get the dutch boolean anwer with comment" time="0.003">
    </testcase>
  </testsuite>
  <testsuite name="Custom Validators" tests="31" errors="0" failures="0" skipped="0" timestamp="2017-10-07T17:22:49" time="0.884">
    <testcase classname="Custom Validators maxNumberValidator should return error obj on value bigger than max" name="Custom Validators maxNumberValidator should return error obj on value bigger than max" time="0.004">
    </testcase>
    <testcase classname="Custom Validators maxNumberValidator should return null on valid value" name="Custom Validators maxNumberValidator should return null on valid value" time="0.002">
    </testcase>
    <testcase classname="Custom Validators maxNumberValidator should return null on max value" name="Custom Validators maxNumberValidator should return null on max value" time="0.001">
    </testcase>
    <testcase classname="Custom Validators minNumberValidator should return error obj on value smaller than min" name="Custom Validators minNumberValidator should return error obj on value smaller than min" time="0.001">
    </testcase>
    <testcase classname="Custom Validators minNumberValidator should return null on valid value" name="Custom Validators minNumberValidator should return null on valid value" time="0.002">
    </testcase>
    <testcase classname="Custom Validators minNumberValidator should return null on min value" name="Custom Validators minNumberValidator should return null on min value" time="0.001">
    </testcase>
    <testcase classname="Custom Validators numberValidator should return error on string value" name="Custom Validators numberValidator should return error on string value" time="0.001">
    </testcase>
    <testcase classname="Custom Validators numberValidator should return error on special chars" name="Custom Validators numberValidator should return error on special chars" time="0.001">
    </testcase>
    <testcase classname="Custom Validators numberValidator should return error on floating point" name="Custom Validators numberValidator should return error on floating point" time="0.003">
    </testcase>
    <testcase classname="Custom Validators numberValidator should return error on negative number" name="Custom Validators numberValidator should return error on negative number" time="0">
    </testcase>
    <testcase classname="Custom Validators numberValidator should return null on number" name="Custom Validators numberValidator should return null on number" time="0.001">
    </testcase>
    <testcase classname="Custom Validators dateValidator should return error on string value" name="Custom Validators dateValidator should return error on string value" time="0.002">
    </testcase>
    <testcase classname="Custom Validators dateValidator should return error on number value" name="Custom Validators dateValidator should return error on number value" time="0.002">
    </testcase>
    <testcase classname="Custom Validators dateValidator should return null on date value" name="Custom Validators dateValidator should return null on date value" time="0.001">
    </testcase>
    <testcase classname="Custom Validators futureDateValidator should return error on string value" name="Custom Validators futureDateValidator should return error on string value" time="0.003">
    </testcase>
    <testcase classname="Custom Validators futureDateValidator should return error on number value" name="Custom Validators futureDateValidator should return error on number value" time="0.002">
    </testcase>
    <testcase classname="Custom Validators futureDateValidator should return null on future date value" name="Custom Validators futureDateValidator should return null on future date value" time="0.003">
    </testcase>
    <testcase classname="Custom Validators futureDateValidator should return error on past date value" name="Custom Validators futureDateValidator should return error on past date value" time="0.001">
    </testcase>
    <testcase classname="Custom Validators maxDateValidator should return error on string value" name="Custom Validators maxDateValidator should return error on string value" time="0.002">
    </testcase>
    <testcase classname="Custom Validators maxDateValidator should return error on number value" name="Custom Validators maxDateValidator should return error on number value" time="0.003">
    </testcase>
    <testcase classname="Custom Validators maxDateValidator should return null on date value in max limit" name="Custom Validators maxDateValidator should return null on date value in max limit" time="0.003">
    </testcase>
    <testcase classname="Custom Validators maxDateValidator should return error on date value past max limit" name="Custom Validators maxDateValidator should return error on date value past max limit" time="0.001">
    </testcase>
    <testcase classname="Custom Validators birthDateValidator should return error on string value" name="Custom Validators birthDateValidator should return error on string value" time="0.001">
    </testcase>
    <testcase classname="Custom Validators birthDateValidator should return error on number value" name="Custom Validators birthDateValidator should return error on number value" time="0.001">
    </testcase>
    <testcase classname="Custom Validators birthDateValidator should return error on invalid date value" name="Custom Validators birthDateValidator should return error on invalid date value" time="0.001">
    </testcase>
    <testcase classname="Custom Validators birthDateValidator should return null on date value" name="Custom Validators birthDateValidator should return null on date value" time="0.001">
    </testcase>
    <testcase classname="Custom Validators regExValidator should return error on unmatched value (email)" name="Custom Validators regExValidator should return error on unmatched value (email)" time="0.001">
    </testcase>
    <testcase classname="Custom Validators regExValidator should return null on matched value (email)" name="Custom Validators regExValidator should return null on matched value (email)" time="0.001">
    </testcase>
    <testcase classname="Custom Validators phoneNumberValidator should return error on string value" name="Custom Validators phoneNumberValidator should return error on string value" time="0.001">
    </testcase>
    <testcase classname="Custom Validators phoneNumberValidator should return null on short number value" name="Custom Validators phoneNumberValidator should return null on short number value" time="0">
    </testcase>
    <testcase classname="Custom Validators phoneNumberValidator should return null on phone value" name="Custom Validators phoneNumberValidator should return null on phone value" time="0.01">
    </testcase>
  </testsuite>
  <testsuite name="ProfileEffects" tests="10" errors="0" failures="10" skipped="0" timestamp="2017-10-07T17:22:50" time="2.786">
    <testcase classname="ProfileEffects LOAD_PROFILE_REQUEST should return profile status" name="ProfileEffects LOAD_PROFILE_REQUEST should return profile status" time="0.499">
      <failure>TypeError: jasmine.createSpyObj is not a function
    at /home/thomas/Documents/projects/knab-james-frontend/src/app/profile/effects/profile.spec.ts:26:21
    at ZoneDelegate.Object.&lt;anonymous&gt;.ZoneDelegate.invoke (/home/thomas/Documents/projects/knab-james-frontend/node_modules/zone.js/dist/zone-node.js:392:26)
    at ProxyZoneSpec.Object.&lt;anonymous&gt;.ProxyZoneSpec.onInvoke (/home/thomas/Documents/projects/knab-james-frontend/node_modules/zone.js/dist/proxy.js:79:39)
    at ZoneDelegate.Object.&lt;anonymous&gt;.ZoneDelegate.invoke (/home/thomas/Documents/projects/knab-james-frontend/node_modules/zone.js/dist/zone-node.js:391:32)
    at Zone.Object.&lt;anonymous&gt;.Zone.run (/home/thomas/Documents/projects/knab-james-frontend/node_modules/zone.js/dist/zone-node.js:142:43)
    at Object.testBody.length (/home/thomas/Documents/projects/knab-james-frontend/node_modules/jest-zone-patch/index.js:47:27)
    at Object.asyncFn (/home/thomas/Documents/projects/knab-james-frontend/node_modules/jest-jasmine2/build/jasmine_async.js:124:61)
    at resolve (/home/thomas/Documents/projects/knab-james-frontend/node_modules/jest-jasmine2/build/queue_runner.js:47:12)
    at new ZoneAwarePromise (/home/thomas/Documents/projects/knab-james-frontend/node_modules/zone.js/dist/zone-node.js:861:29)
    at mapper (/home/thomas/Documents/projects/knab-james-frontend/node_modules/jest-jasmine2/build/queue_runner.js:36:499)
    at promise.then (/home/thomas/Documents/projects/knab-james-frontend/node_modules/jest-jasmine2/build/queue_runner.js:75:39)
    at ZoneDelegate.Object.&lt;anonymous&gt;.ZoneDelegate.invoke (/home/thomas/Documents/projects/knab-james-frontend/node_modules/zone.js/dist/zone-node.js:392:26)
    at Zone.Object.&lt;anonymous&gt;.Zone.run (/home/thomas/Documents/projects/knab-james-frontend/node_modules/zone.js/dist/zone-node.js:142:43)
    at /home/thomas/Documents/projects/knab-james-frontend/node_modules/zone.js/dist/zone-node.js:844:57
    at ZoneDelegate.Object.&lt;anonymous&gt;.ZoneDelegate.invokeTask (/home/thomas/Documents/projects/knab-james-frontend/node_modules/zone.js/dist/zone-node.js:425:31)
    at Zone.Object.&lt;anonymous&gt;.Zone.runTask (/home/thomas/Documents/projects/knab-james-frontend/node_modules/zone.js/dist/zone-node.js:192:47)
    at drainMicroTaskQueue (/home/thomas/Documents/projects/knab-james-frontend/node_modules/zone.js/dist/zone-node.js:602:35)
    at process._tickCallback (internal/process/next_tick.js:109:7)</failure>
    </testcase>
    <testcase classname="ProfileEffects LOAD_PROFILE_SUCCESS should return loaded profile" name="ProfileEffects LOAD_PROFILE_SUCCESS should return loaded profile" time="0.021">
      <failure>TypeError: jasmine.createSpyObj is not a function
    at /home/thomas/Documents/projects/knab-james-frontend/src/app/profile/effects/profile.spec.ts:26:21
    at ZoneDelegate.Object.&lt;anonymous&gt;.ZoneDelegate.invoke (/home/thomas/Documents/projects/knab-james-frontend/node_modules/zone.js/dist/zone-node.js:392:26)
    at ProxyZoneSpec.Object.&lt;anonymous&gt;.ProxyZoneSpec.onInvoke (/home/thomas/Documents/projects/knab-james-frontend/node_modules/zone.js/dist/proxy.js:79:39)
    at ZoneDelegate.Object.&lt;anonymous&gt;.ZoneDelegate.invoke (/home/thomas/Documents/projects/knab-james-frontend/node_modules/zone.js/dist/zone-node.js:391:32)
    at Zone.Object.&lt;anonymous&gt;.Zone.run (/home/thomas/Documents/projects/knab-james-frontend/node_modules/zone.js/dist/zone-node.js:142:43)
    at Object.testBody.length (/home/thomas/Documents/projects/knab-james-frontend/node_modules/jest-zone-patch/index.js:47:27)
    at Object.asyncFn (/home/thomas/Documents/projects/knab-james-frontend/node_modules/jest-jasmine2/build/jasmine_async.js:124:61)
    at resolve (/home/thomas/Documents/projects/knab-james-frontend/node_modules/jest-jasmine2/build/queue_runner.js:47:12)
    at new ZoneAwarePromise (/home/thomas/Documents/projects/knab-james-frontend/node_modules/zone.js/dist/zone-node.js:861:29)
    at mapper (/home/thomas/Documents/projects/knab-james-frontend/node_modules/jest-jasmine2/build/queue_runner.js:36:499)
    at promise.then (/home/thomas/Documents/projects/knab-james-frontend/node_modules/jest-jasmine2/build/queue_runner.js:75:39)
    at ZoneDelegate.Object.&lt;anonymous&gt;.ZoneDelegate.invoke (/home/thomas/Documents/projects/knab-james-frontend/node_modules/zone.js/dist/zone-node.js:392:26)
    at Zone.Object.&lt;anonymous&gt;.Zone.run (/home/thomas/Documents/projects/knab-james-frontend/node_modules/zone.js/dist/zone-node.js:142:43)
    at /home/thomas/Documents/projects/knab-james-frontend/node_modules/zone.js/dist/zone-node.js:844:57
    at ZoneDelegate.Object.&lt;anonymous&gt;.ZoneDelegate.invokeTask (/home/thomas/Documents/projects/knab-james-frontend/node_modules/zone.js/dist/zone-node.js:425:31)
    at Zone.Object.&lt;anonymous&gt;.Zone.runTask (/home/thomas/Documents/projects/knab-james-frontend/node_modules/zone.js/dist/zone-node.js:192:47)
    at drainMicroTaskQueue (/home/thomas/Documents/projects/knab-james-frontend/node_modules/zone.js/dist/zone-node.js:602:35)
    at process._tickCallback (internal/process/next_tick.js:109:7)</failure>
      <failure>Error: expect(received).toEqual(expected)

Expected value to equal:
  {&quot;loaded&quot;: true, &quot;loading&quot;: false, &quot;profile&quot;: undefined}
Received:
  {&quot;loaded&quot;: true, &quot;loading&quot;: false, &quot;profile&quot;: {}}

Difference:

- Expected
+ Received

  Object {
    &quot;loaded&quot;: true,
    &quot;loading&quot;: false,
-   &quot;profile&quot;: undefined,
+   &quot;profile&quot;: Object {},
  }
    at /home/thomas/Documents/projects/knab-james-frontend/src/app/profile/effects/profile.spec.ts:125:22
    at ZoneDelegate.Object.&lt;anonymous&gt;.ZoneDelegate.invoke (/home/thomas/Documents/projects/knab-james-frontend/node_modules/zone.js/dist/zone-node.js:392:26)
    at ProxyZoneSpec.Object.&lt;anonymous&gt;.ProxyZoneSpec.onInvoke (/home/thomas/Documents/projects/knab-james-frontend/node_modules/zone.js/dist/proxy.js:79:39)
    at ZoneDelegate.Object.&lt;anonymous&gt;.ZoneDelegate.invoke (/home/thomas/Documents/projects/knab-james-frontend/node_modules/zone.js/dist/zone-node.js:391:32)
    at Zone.Object.&lt;anonymous&gt;.Zone.run (/home/thomas/Documents/projects/knab-james-frontend/node_modules/zone.js/dist/zone-node.js:142:43)
    at Object.testBody.length (/home/thomas/Documents/projects/knab-james-frontend/node_modules/jest-zone-patch/index.js:47:27)
    at Object.asyncFn (/home/thomas/Documents/projects/knab-james-frontend/node_modules/jest-jasmine2/build/jasmine_async.js:126:345)
    at resolve (/home/thomas/Documents/projects/knab-james-frontend/node_modules/jest-jasmine2/build/queue_runner.js:47:12)
    at new ZoneAwarePromise (/home/thomas/Documents/projects/knab-james-frontend/node_modules/zone.js/dist/zone-node.js:861:29)
    at mapper (/home/thomas/Documents/projects/knab-james-frontend/node_modules/jest-jasmine2/build/queue_runner.js:36:499)
    at promise.then (/home/thomas/Documents/projects/knab-james-frontend/node_modules/jest-jasmine2/build/queue_runner.js:75:39)
    at ZoneDelegate.Object.&lt;anonymous&gt;.ZoneDelegate.invoke (/home/thomas/Documents/projects/knab-james-frontend/node_modules/zone.js/dist/zone-node.js:392:26)
    at Zone.Object.&lt;anonymous&gt;.Zone.run (/home/thomas/Documents/projects/knab-james-frontend/node_modules/zone.js/dist/zone-node.js:142:43)
    at /home/thomas/Documents/projects/knab-james-frontend/node_modules/zone.js/dist/zone-node.js:844:57
    at ZoneDelegate.Object.&lt;anonymous&gt;.ZoneDelegate.invokeTask (/home/thomas/Documents/projects/knab-james-frontend/node_modules/zone.js/dist/zone-node.js:425:31)
    at Zone.Object.&lt;anonymous&gt;.Zone.runTask (/home/thomas/Documents/projects/knab-james-frontend/node_modules/zone.js/dist/zone-node.js:192:47)
    at drainMicroTaskQueue (/home/thomas/Documents/projects/knab-james-frontend/node_modules/zone.js/dist/zone-node.js:602:35)
    at process._tickCallback (internal/process/next_tick.js:109:7)</failure>
    </testcase>
    <testcase classname="ProfileEffects LOAD_PROFILE_FAILURE should fail the request" name="ProfileEffects LOAD_PROFILE_FAILURE should fail the request" time="0.003">
      <failure>TypeError: jasmine.createSpyObj is not a function
    at /home/thomas/Documents/projects/knab-james-frontend/src/app/profile/effects/profile.spec.ts:26:21
    at ZoneDelegate.Object.&lt;anonymous&gt;.ZoneDelegate.invoke (/home/thomas/Documents/projects/knab-james-frontend/node_modules/zone.js/dist/zone-node.js:392:26)
    at ProxyZoneSpec.Object.&lt;anonymous&gt;.ProxyZoneSpec.onInvoke (/home/thomas/Documents/projects/knab-james-frontend/node_modules/zone.js/dist/proxy.js:79:39)
    at ZoneDelegate.Object.&lt;anonymous&gt;.ZoneDelegate.invoke (/home/thomas/Documents/projects/knab-james-frontend/node_modules/zone.js/dist/zone-node.js:391:32)
    at Zone.Object.&lt;anonymous&gt;.Zone.run (/home/thomas/Documents/projects/knab-james-frontend/node_modules/zone.js/dist/zone-node.js:142:43)
    at Object.testBody.length (/home/thomas/Documents/projects/knab-james-frontend/node_modules/jest-zone-patch/index.js:47:27)
    at Object.asyncFn (/home/thomas/Documents/projects/knab-james-frontend/node_modules/jest-jasmine2/build/jasmine_async.js:124:61)
    at resolve (/home/thomas/Documents/projects/knab-james-frontend/node_modules/jest-jasmine2/build/queue_runner.js:47:12)
    at new ZoneAwarePromise (/home/thomas/Documents/projects/knab-james-frontend/node_modules/zone.js/dist/zone-node.js:861:29)
    at mapper (/home/thomas/Documents/projects/knab-james-frontend/node_modules/jest-jasmine2/build/queue_runner.js:36:499)
    at promise.then (/home/thomas/Documents/projects/knab-james-frontend/node_modules/jest-jasmine2/build/queue_runner.js:75:39)
    at ZoneDelegate.Object.&lt;anonymous&gt;.ZoneDelegate.invoke (/home/thomas/Documents/projects/knab-james-frontend/node_modules/zone.js/dist/zone-node.js:392:26)
    at Zone.Object.&lt;anonymous&gt;.Zone.run (/home/thomas/Documents/projects/knab-james-frontend/node_modules/zone.js/dist/zone-node.js:142:43)
    at /home/thomas/Documents/projects/knab-james-frontend/node_modules/zone.js/dist/zone-node.js:844:57
    at ZoneDelegate.Object.&lt;anonymous&gt;.ZoneDelegate.invokeTask (/home/thomas/Documents/projects/knab-james-frontend/node_modules/zone.js/dist/zone-node.js:425:31)
    at Zone.Object.&lt;anonymous&gt;.Zone.runTask (/home/thomas/Documents/projects/knab-james-frontend/node_modules/zone.js/dist/zone-node.js:192:47)
    at drainMicroTaskQueue (/home/thomas/Documents/projects/knab-james-frontend/node_modules/zone.js/dist/zone-node.js:602:35)
    at process._tickCallback (internal/process/next_tick.js:109:7)</failure>
    </testcase>
    <testcase classname="ProfileEffects UPDATE_PROFILE should update the profile" name="ProfileEffects UPDATE_PROFILE should update the profile" time="0.006">
      <failure>TypeError: jasmine.createSpyObj is not a function
    at /home/thomas/Documents/projects/knab-james-frontend/src/app/profile/effects/profile.spec.ts:26:21
    at ZoneDelegate.Object.&lt;anonymous&gt;.ZoneDelegate.invoke (/home/thomas/Documents/projects/knab-james-frontend/node_modules/zone.js/dist/zone-node.js:392:26)
    at ProxyZoneSpec.Object.&lt;anonymous&gt;.ProxyZoneSpec.onInvoke (/home/thomas/Documents/projects/knab-james-frontend/node_modules/zone.js/dist/proxy.js:79:39)
    at ZoneDelegate.Object.&lt;anonymous&gt;.ZoneDelegate.invoke (/home/thomas/Documents/projects/knab-james-frontend/node_modules/zone.js/dist/zone-node.js:391:32)
    at Zone.Object.&lt;anonymous&gt;.Zone.run (/home/thomas/Documents/projects/knab-james-frontend/node_modules/zone.js/dist/zone-node.js:142:43)
    at Object.testBody.length (/home/thomas/Documents/projects/knab-james-frontend/node_modules/jest-zone-patch/index.js:47:27)
    at Object.asyncFn (/home/thomas/Documents/projects/knab-james-frontend/node_modules/jest-jasmine2/build/jasmine_async.js:124:61)
    at resolve (/home/thomas/Documents/projects/knab-james-frontend/node_modules/jest-jasmine2/build/queue_runner.js:47:12)
    at new ZoneAwarePromise (/home/thomas/Documents/projects/knab-james-frontend/node_modules/zone.js/dist/zone-node.js:861:29)
    at mapper (/home/thomas/Documents/projects/knab-james-frontend/node_modules/jest-jasmine2/build/queue_runner.js:36:499)
    at promise.then (/home/thomas/Documents/projects/knab-james-frontend/node_modules/jest-jasmine2/build/queue_runner.js:75:39)
    at ZoneDelegate.Object.&lt;anonymous&gt;.ZoneDelegate.invoke (/home/thomas/Documents/projects/knab-james-frontend/node_modules/zone.js/dist/zone-node.js:392:26)
    at Zone.Object.&lt;anonymous&gt;.Zone.run (/home/thomas/Documents/projects/knab-james-frontend/node_modules/zone.js/dist/zone-node.js:142:43)
    at /home/thomas/Documents/projects/knab-james-frontend/node_modules/zone.js/dist/zone-node.js:844:57
    at ZoneDelegate.Object.&lt;anonymous&gt;.ZoneDelegate.invokeTask (/home/thomas/Documents/projects/knab-james-frontend/node_modules/zone.js/dist/zone-node.js:425:31)
    at Zone.Object.&lt;anonymous&gt;.Zone.runTask (/home/thomas/Documents/projects/knab-james-frontend/node_modules/zone.js/dist/zone-node.js:192:47)
    at drainMicroTaskQueue (/home/thomas/Documents/projects/knab-james-frontend/node_modules/zone.js/dist/zone-node.js:602:35)
    at process._tickCallback (internal/process/next_tick.js:109:7)</failure>
      <failure>Error: expect(received).toEqual(expected)

Expected value to equal:
  {&quot;loaded&quot;: false, &quot;loading&quot;: false, &quot;profile&quot;: undefined}
Received:
  {&quot;loaded&quot;: false, &quot;loading&quot;: false, &quot;profile&quot;: {}}

Difference:

- Expected
+ Received

  Object {
    &quot;loaded&quot;: false,
    &quot;loading&quot;: false,
-   &quot;profile&quot;: undefined,
+   &quot;profile&quot;: Object {},
  }
    at /home/thomas/Documents/projects/knab-james-frontend/src/app/profile/effects/profile.spec.ts:155:22
    at ZoneDelegate.Object.&lt;anonymous&gt;.ZoneDelegate.invoke (/home/thomas/Documents/projects/knab-james-frontend/node_modules/zone.js/dist/zone-node.js:392:26)
    at ProxyZoneSpec.Object.&lt;anonymous&gt;.ProxyZoneSpec.onInvoke (/home/thomas/Documents/projects/knab-james-frontend/node_modules/zone.js/dist/proxy.js:79:39)
    at ZoneDelegate.Object.&lt;anonymous&gt;.ZoneDelegate.invoke (/home/thomas/Documents/projects/knab-james-frontend/node_modules/zone.js/dist/zone-node.js:391:32)
    at Zone.Object.&lt;anonymous&gt;.Zone.run (/home/thomas/Documents/projects/knab-james-frontend/node_modules/zone.js/dist/zone-node.js:142:43)
    at Object.testBody.length (/home/thomas/Documents/projects/knab-james-frontend/node_modules/jest-zone-patch/index.js:47:27)
    at Object.asyncFn (/home/thomas/Documents/projects/knab-james-frontend/node_modules/jest-jasmine2/build/jasmine_async.js:126:345)
    at resolve (/home/thomas/Documents/projects/knab-james-frontend/node_modules/jest-jasmine2/build/queue_runner.js:47:12)
    at new ZoneAwarePromise (/home/thomas/Documents/projects/knab-james-frontend/node_modules/zone.js/dist/zone-node.js:861:29)
    at mapper (/home/thomas/Documents/projects/knab-james-frontend/node_modules/jest-jasmine2/build/queue_runner.js:36:499)
    at promise.then (/home/thomas/Documents/projects/knab-james-frontend/node_modules/jest-jasmine2/build/queue_runner.js:75:39)
    at ZoneDelegate.Object.&lt;anonymous&gt;.ZoneDelegate.invoke (/home/thomas/Documents/projects/knab-james-frontend/node_modules/zone.js/dist/zone-node.js:392:26)
    at Zone.Object.&lt;anonymous&gt;.Zone.run (/home/thomas/Documents/projects/knab-james-frontend/node_modules/zone.js/dist/zone-node.js:142:43)
    at /home/thomas/Documents/projects/knab-james-frontend/node_modules/zone.js/dist/zone-node.js:844:57
    at ZoneDelegate.Object.&lt;anonymous&gt;.ZoneDelegate.invokeTask (/home/thomas/Documents/projects/knab-james-frontend/node_modules/zone.js/dist/zone-node.js:425:31)
    at Zone.Object.&lt;anonymous&gt;.Zone.runTask (/home/thomas/Documents/projects/knab-james-frontend/node_modules/zone.js/dist/zone-node.js:192:47)
    at drainMicroTaskQueue (/home/thomas/Documents/projects/knab-james-frontend/node_modules/zone.js/dist/zone-node.js:602:35)
    at process._tickCallback (internal/process/next_tick.js:109:7)</failure>
    </testcase>
    <testcase classname="ProfileEffects SAVE_PROFILE_REQUEST should save profile" name="ProfileEffects SAVE_PROFILE_REQUEST should save profile" time="0.004">
      <failure>TypeError: jasmine.createSpyObj is not a function
    at /home/thomas/Documents/projects/knab-james-frontend/src/app/profile/effects/profile.spec.ts:26:21
    at ZoneDelegate.Object.&lt;anonymous&gt;.ZoneDelegate.invoke (/home/thomas/Documents/projects/knab-james-frontend/node_modules/zone.js/dist/zone-node.js:392:26)
    at ProxyZoneSpec.Object.&lt;anonymous&gt;.ProxyZoneSpec.onInvoke (/home/thomas/Documents/projects/knab-james-frontend/node_modules/zone.js/dist/proxy.js:79:39)
    at ZoneDelegate.Object.&lt;anonymous&gt;.ZoneDelegate.invoke (/home/thomas/Documents/projects/knab-james-frontend/node_modules/zone.js/dist/zone-node.js:391:32)
    at Zone.Object.&lt;anonymous&gt;.Zone.run (/home/thomas/Documents/projects/knab-james-frontend/node_modules/zone.js/dist/zone-node.js:142:43)
    at Object.testBody.length (/home/thomas/Documents/projects/knab-james-frontend/node_modules/jest-zone-patch/index.js:47:27)
    at Object.asyncFn (/home/thomas/Documents/projects/knab-james-frontend/node_modules/jest-jasmine2/build/jasmine_async.js:124:61)
    at resolve (/home/thomas/Documents/projects/knab-james-frontend/node_modules/jest-jasmine2/build/queue_runner.js:47:12)
    at new ZoneAwarePromise (/home/thomas/Documents/projects/knab-james-frontend/node_modules/zone.js/dist/zone-node.js:861:29)
    at mapper (/home/thomas/Documents/projects/knab-james-frontend/node_modules/jest-jasmine2/build/queue_runner.js:36:499)
    at promise.then (/home/thomas/Documents/projects/knab-james-frontend/node_modules/jest-jasmine2/build/queue_runner.js:75:39)
    at ZoneDelegate.Object.&lt;anonymous&gt;.ZoneDelegate.invoke (/home/thomas/Documents/projects/knab-james-frontend/node_modules/zone.js/dist/zone-node.js:392:26)
    at Zone.Object.&lt;anonymous&gt;.Zone.run (/home/thomas/Documents/projects/knab-james-frontend/node_modules/zone.js/dist/zone-node.js:142:43)
    at /home/thomas/Documents/projects/knab-james-frontend/node_modules/zone.js/dist/zone-node.js:844:57
    at ZoneDelegate.Object.&lt;anonymous&gt;.ZoneDelegate.invokeTask (/home/thomas/Documents/projects/knab-james-frontend/node_modules/zone.js/dist/zone-node.js:425:31)
    at Zone.Object.&lt;anonymous&gt;.Zone.runTask (/home/thomas/Documents/projects/knab-james-frontend/node_modules/zone.js/dist/zone-node.js:192:47)
    at drainMicroTaskQueue (/home/thomas/Documents/projects/knab-james-frontend/node_modules/zone.js/dist/zone-node.js:602:35)
    at process._tickCallback (internal/process/next_tick.js:109:7)</failure>
    </testcase>
    <testcase classname="ProfileEffects SAVE_PROFILE_SUCCESS should return saved profile" name="ProfileEffects SAVE_PROFILE_SUCCESS should return saved profile" time="0.006">
      <failure>TypeError: jasmine.createSpyObj is not a function
    at /home/thomas/Documents/projects/knab-james-frontend/src/app/profile/effects/profile.spec.ts:26:21
    at ZoneDelegate.Object.&lt;anonymous&gt;.ZoneDelegate.invoke (/home/thomas/Documents/projects/knab-james-frontend/node_modules/zone.js/dist/zone-node.js:392:26)
    at ProxyZoneSpec.Object.&lt;anonymous&gt;.ProxyZoneSpec.onInvoke (/home/thomas/Documents/projects/knab-james-frontend/node_modules/zone.js/dist/proxy.js:79:39)
    at ZoneDelegate.Object.&lt;anonymous&gt;.ZoneDelegate.invoke (/home/thomas/Documents/projects/knab-james-frontend/node_modules/zone.js/dist/zone-node.js:391:32)
    at Zone.Object.&lt;anonymous&gt;.Zone.run (/home/thomas/Documents/projects/knab-james-frontend/node_modules/zone.js/dist/zone-node.js:142:43)
    at Object.testBody.length (/home/thomas/Documents/projects/knab-james-frontend/node_modules/jest-zone-patch/index.js:47:27)
    at Object.asyncFn (/home/thomas/Documents/projects/knab-james-frontend/node_modules/jest-jasmine2/build/jasmine_async.js:124:61)
    at resolve (/home/thomas/Documents/projects/knab-james-frontend/node_modules/jest-jasmine2/build/queue_runner.js:47:12)
    at new ZoneAwarePromise (/home/thomas/Documents/projects/knab-james-frontend/node_modules/zone.js/dist/zone-node.js:861:29)
    at mapper (/home/thomas/Documents/projects/knab-james-frontend/node_modules/jest-jasmine2/build/queue_runner.js:36:499)
    at promise.then (/home/thomas/Documents/projects/knab-james-frontend/node_modules/jest-jasmine2/build/queue_runner.js:75:39)
    at ZoneDelegate.Object.&lt;anonymous&gt;.ZoneDelegate.invoke (/home/thomas/Documents/projects/knab-james-frontend/node_modules/zone.js/dist/zone-node.js:392:26)
    at Zone.Object.&lt;anonymous&gt;.Zone.run (/home/thomas/Documents/projects/knab-james-frontend/node_modules/zone.js/dist/zone-node.js:142:43)
    at /home/thomas/Documents/projects/knab-james-frontend/node_modules/zone.js/dist/zone-node.js:844:57
    at ZoneDelegate.Object.&lt;anonymous&gt;.ZoneDelegate.invokeTask (/home/thomas/Documents/projects/knab-james-frontend/node_modules/zone.js/dist/zone-node.js:425:31)
    at Zone.Object.&lt;anonymous&gt;.Zone.runTask (/home/thomas/Documents/projects/knab-james-frontend/node_modules/zone.js/dist/zone-node.js:192:47)
    at drainMicroTaskQueue (/home/thomas/Documents/projects/knab-james-frontend/node_modules/zone.js/dist/zone-node.js:602:35)
    at process._tickCallback (internal/process/next_tick.js:109:7)</failure>
      <failure>Error: expect(received).toEqual(expected)

Expected value to equal:
  {&quot;loaded&quot;: true, &quot;loading&quot;: false, &quot;profile&quot;: undefined}
Received:
  {&quot;loaded&quot;: true, &quot;loading&quot;: false, &quot;profile&quot;: {}}

Difference:

- Expected
+ Received

  Object {
    &quot;loaded&quot;: true,
    &quot;loading&quot;: false,
-   &quot;profile&quot;: undefined,
+   &quot;profile&quot;: Object {},
  }
    at /home/thomas/Documents/projects/knab-james-frontend/src/app/profile/effects/profile.spec.ts:185:22
    at ZoneDelegate.Object.&lt;anonymous&gt;.ZoneDelegate.invoke (/home/thomas/Documents/projects/knab-james-frontend/node_modules/zone.js/dist/zone-node.js:392:26)
    at ProxyZoneSpec.Object.&lt;anonymous&gt;.ProxyZoneSpec.onInvoke (/home/thomas/Documents/projects/knab-james-frontend/node_modules/zone.js/dist/proxy.js:79:39)
    at ZoneDelegate.Object.&lt;anonymous&gt;.ZoneDelegate.invoke (/home/thomas/Documents/projects/knab-james-frontend/node_modules/zone.js/dist/zone-node.js:391:32)
    at Zone.Object.&lt;anonymous&gt;.Zone.run (/home/thomas/Documents/projects/knab-james-frontend/node_modules/zone.js/dist/zone-node.js:142:43)
    at Object.testBody.length (/home/thomas/Documents/projects/knab-james-frontend/node_modules/jest-zone-patch/index.js:47:27)
    at Object.asyncFn (/home/thomas/Documents/projects/knab-james-frontend/node_modules/jest-jasmine2/build/jasmine_async.js:126:345)
    at resolve (/home/thomas/Documents/projects/knab-james-frontend/node_modules/jest-jasmine2/build/queue_runner.js:47:12)
    at new ZoneAwarePromise (/home/thomas/Documents/projects/knab-james-frontend/node_modules/zone.js/dist/zone-node.js:861:29)
    at mapper (/home/thomas/Documents/projects/knab-james-frontend/node_modules/jest-jasmine2/build/queue_runner.js:36:499)
    at promise.then (/home/thomas/Documents/projects/knab-james-frontend/node_modules/jest-jasmine2/build/queue_runner.js:75:39)
    at ZoneDelegate.Object.&lt;anonymous&gt;.ZoneDelegate.invoke (/home/thomas/Documents/projects/knab-james-frontend/node_modules/zone.js/dist/zone-node.js:392:26)
    at Zone.Object.&lt;anonymous&gt;.Zone.run (/home/thomas/Documents/projects/knab-james-frontend/node_modules/zone.js/dist/zone-node.js:142:43)
    at /home/thomas/Documents/projects/knab-james-frontend/node_modules/zone.js/dist/zone-node.js:844:57
    at ZoneDelegate.Object.&lt;anonymous&gt;.ZoneDelegate.invokeTask (/home/thomas/Documents/projects/knab-james-frontend/node_modules/zone.js/dist/zone-node.js:425:31)
    at Zone.Object.&lt;anonymous&gt;.Zone.runTask (/home/thomas/Documents/projects/knab-james-frontend/node_modules/zone.js/dist/zone-node.js:192:47)
    at drainMicroTaskQueue (/home/thomas/Documents/projects/knab-james-frontend/node_modules/zone.js/dist/zone-node.js:602:35)
    at process._tickCallback (internal/process/next_tick.js:109:7)</failure>
    </testcase>
    <testcase classname="ProfileEffects SAVE_PROFILE_FAILURE should " name="ProfileEffects SAVE_PROFILE_FAILURE should " time="0.003">
      <failure>TypeError: jasmine.createSpyObj is not a function
    at /home/thomas/Documents/projects/knab-james-frontend/src/app/profile/effects/profile.spec.ts:26:21
    at ZoneDelegate.Object.&lt;anonymous&gt;.ZoneDelegate.invoke (/home/thomas/Documents/projects/knab-james-frontend/node_modules/zone.js/dist/zone-node.js:392:26)
    at ProxyZoneSpec.Object.&lt;anonymous&gt;.ProxyZoneSpec.onInvoke (/home/thomas/Documents/projects/knab-james-frontend/node_modules/zone.js/dist/proxy.js:79:39)
    at ZoneDelegate.Object.&lt;anonymous&gt;.ZoneDelegate.invoke (/home/thomas/Documents/projects/knab-james-frontend/node_modules/zone.js/dist/zone-node.js:391:32)
    at Zone.Object.&lt;anonymous&gt;.Zone.run (/home/thomas/Documents/projects/knab-james-frontend/node_modules/zone.js/dist/zone-node.js:142:43)
    at Object.testBody.length (/home/thomas/Documents/projects/knab-james-frontend/node_modules/jest-zone-patch/index.js:47:27)
    at Object.asyncFn (/home/thomas/Documents/projects/knab-james-frontend/node_modules/jest-jasmine2/build/jasmine_async.js:124:61)
    at resolve (/home/thomas/Documents/projects/knab-james-frontend/node_modules/jest-jasmine2/build/queue_runner.js:47:12)
    at new ZoneAwarePromise (/home/thomas/Documents/projects/knab-james-frontend/node_modules/zone.js/dist/zone-node.js:861:29)
    at mapper (/home/thomas/Documents/projects/knab-james-frontend/node_modules/jest-jasmine2/build/queue_runner.js:36:499)
    at promise.then (/home/thomas/Documents/projects/knab-james-frontend/node_modules/jest-jasmine2/build/queue_runner.js:75:39)
    at ZoneDelegate.Object.&lt;anonymous&gt;.ZoneDelegate.invoke (/home/thomas/Documents/projects/knab-james-frontend/node_modules/zone.js/dist/zone-node.js:392:26)
    at Zone.Object.&lt;anonymous&gt;.Zone.run (/home/thomas/Documents/projects/knab-james-frontend/node_modules/zone.js/dist/zone-node.js:142:43)
    at /home/thomas/Documents/projects/knab-james-frontend/node_modules/zone.js/dist/zone-node.js:844:57
    at ZoneDelegate.Object.&lt;anonymous&gt;.ZoneDelegate.invokeTask (/home/thomas/Documents/projects/knab-james-frontend/node_modules/zone.js/dist/zone-node.js:425:31)
    at Zone.Object.&lt;anonymous&gt;.Zone.runTask (/home/thomas/Documents/projects/knab-james-frontend/node_modules/zone.js/dist/zone-node.js:192:47)
    at drainMicroTaskQueue (/home/thomas/Documents/projects/knab-james-frontend/node_modules/zone.js/dist/zone-node.js:602:35)
    at process._tickCallback (internal/process/next_tick.js:109:7)</failure>
    </testcase>
    <testcase classname="ProfileEffects UPDATE_ADDRESS_REQUEST should " name="ProfileEffects UPDATE_ADDRESS_REQUEST should " time="0.007">
      <failure>TypeError: jasmine.createSpyObj is not a function
    at /home/thomas/Documents/projects/knab-james-frontend/src/app/profile/effects/profile.spec.ts:26:21
    at ZoneDelegate.Object.&lt;anonymous&gt;.ZoneDelegate.invoke (/home/thomas/Documents/projects/knab-james-frontend/node_modules/zone.js/dist/zone-node.js:392:26)
    at ProxyZoneSpec.Object.&lt;anonymous&gt;.ProxyZoneSpec.onInvoke (/home/thomas/Documents/projects/knab-james-frontend/node_modules/zone.js/dist/proxy.js:79:39)
    at ZoneDelegate.Object.&lt;anonymous&gt;.ZoneDelegate.invoke (/home/thomas/Documents/projects/knab-james-frontend/node_modules/zone.js/dist/zone-node.js:391:32)
    at Zone.Object.&lt;anonymous&gt;.Zone.run (/home/thomas/Documents/projects/knab-james-frontend/node_modules/zone.js/dist/zone-node.js:142:43)
    at Object.testBody.length (/home/thomas/Documents/projects/knab-james-frontend/node_modules/jest-zone-patch/index.js:47:27)
    at Object.asyncFn (/home/thomas/Documents/projects/knab-james-frontend/node_modules/jest-jasmine2/build/jasmine_async.js:124:61)
    at resolve (/home/thomas/Documents/projects/knab-james-frontend/node_modules/jest-jasmine2/build/queue_runner.js:47:12)
    at new ZoneAwarePromise (/home/thomas/Documents/projects/knab-james-frontend/node_modules/zone.js/dist/zone-node.js:861:29)
    at mapper (/home/thomas/Documents/projects/knab-james-frontend/node_modules/jest-jasmine2/build/queue_runner.js:36:499)
    at promise.then (/home/thomas/Documents/projects/knab-james-frontend/node_modules/jest-jasmine2/build/queue_runner.js:75:39)
    at ZoneDelegate.Object.&lt;anonymous&gt;.ZoneDelegate.invoke (/home/thomas/Documents/projects/knab-james-frontend/node_modules/zone.js/dist/zone-node.js:392:26)
    at Zone.Object.&lt;anonymous&gt;.Zone.run (/home/thomas/Documents/projects/knab-james-frontend/node_modules/zone.js/dist/zone-node.js:142:43)
    at /home/thomas/Documents/projects/knab-james-frontend/node_modules/zone.js/dist/zone-node.js:844:57
    at ZoneDelegate.Object.&lt;anonymous&gt;.ZoneDelegate.invokeTask (/home/thomas/Documents/projects/knab-james-frontend/node_modules/zone.js/dist/zone-node.js:425:31)
    at Zone.Object.&lt;anonymous&gt;.Zone.runTask (/home/thomas/Documents/projects/knab-james-frontend/node_modules/zone.js/dist/zone-node.js:192:47)
    at drainMicroTaskQueue (/home/thomas/Documents/projects/knab-james-frontend/node_modules/zone.js/dist/zone-node.js:602:35)
    at process._tickCallback (internal/process/next_tick.js:109:7)</failure>
    </testcase>
    <testcase classname="ProfileEffects UPDATE_ADDRESS_SUCCESS should " name="ProfileEffects UPDATE_ADDRESS_SUCCESS should " time="0.008">
      <failure>TypeError: jasmine.createSpyObj is not a function
    at /home/thomas/Documents/projects/knab-james-frontend/src/app/profile/effects/profile.spec.ts:26:21
    at ZoneDelegate.Object.&lt;anonymous&gt;.ZoneDelegate.invoke (/home/thomas/Documents/projects/knab-james-frontend/node_modules/zone.js/dist/zone-node.js:392:26)
    at ProxyZoneSpec.Object.&lt;anonymous&gt;.ProxyZoneSpec.onInvoke (/home/thomas/Documents/projects/knab-james-frontend/node_modules/zone.js/dist/proxy.js:79:39)
    at ZoneDelegate.Object.&lt;anonymous&gt;.ZoneDelegate.invoke (/home/thomas/Documents/projects/knab-james-frontend/node_modules/zone.js/dist/zone-node.js:391:32)
    at Zone.Object.&lt;anonymous&gt;.Zone.run (/home/thomas/Documents/projects/knab-james-frontend/node_modules/zone.js/dist/zone-node.js:142:43)
    at Object.testBody.length (/home/thomas/Documents/projects/knab-james-frontend/node_modules/jest-zone-patch/index.js:47:27)
    at Object.asyncFn (/home/thomas/Documents/projects/knab-james-frontend/node_modules/jest-jasmine2/build/jasmine_async.js:124:61)
    at resolve (/home/thomas/Documents/projects/knab-james-frontend/node_modules/jest-jasmine2/build/queue_runner.js:47:12)
    at new ZoneAwarePromise (/home/thomas/Documents/projects/knab-james-frontend/node_modules/zone.js/dist/zone-node.js:861:29)
    at mapper (/home/thomas/Documents/projects/knab-james-frontend/node_modules/jest-jasmine2/build/queue_runner.js:36:499)
    at promise.then (/home/thomas/Documents/projects/knab-james-frontend/node_modules/jest-jasmine2/build/queue_runner.js:75:39)
    at ZoneDelegate.Object.&lt;anonymous&gt;.ZoneDelegate.invoke (/home/thomas/Documents/projects/knab-james-frontend/node_modules/zone.js/dist/zone-node.js:392:26)
    at Zone.Object.&lt;anonymous&gt;.Zone.run (/home/thomas/Documents/projects/knab-james-frontend/node_modules/zone.js/dist/zone-node.js:142:43)
    at /home/thomas/Documents/projects/knab-james-frontend/node_modules/zone.js/dist/zone-node.js:844:57
    at ZoneDelegate.Object.&lt;anonymous&gt;.ZoneDelegate.invokeTask (/home/thomas/Documents/projects/knab-james-frontend/node_modules/zone.js/dist/zone-node.js:425:31)
    at Zone.Object.&lt;anonymous&gt;.Zone.runTask (/home/thomas/Documents/projects/knab-james-frontend/node_modules/zone.js/dist/zone-node.js:192:47)
    at drainMicroTaskQueue (/home/thomas/Documents/projects/knab-james-frontend/node_modules/zone.js/dist/zone-node.js:602:35)
    at process._tickCallback (internal/process/next_tick.js:109:7)</failure>
      <failure>Error: expect(received).toEqual(expected)

Expected value to equal:
  {&quot;loaded&quot;: true, &quot;loading&quot;: false, &quot;profile&quot;: undefined}
Received:
  {&quot;loaded&quot;: true, &quot;loading&quot;: false, &quot;profile&quot;: {}}

Difference:

- Expected
+ Received

  Object {
    &quot;loaded&quot;: true,
    &quot;loading&quot;: false,
-   &quot;profile&quot;: undefined,
+   &quot;profile&quot;: Object {},
  }
    at /home/thomas/Documents/projects/knab-james-frontend/src/app/profile/effects/profile.spec.ts:230:22
    at ZoneDelegate.Object.&lt;anonymous&gt;.ZoneDelegate.invoke (/home/thomas/Documents/projects/knab-james-frontend/node_modules/zone.js/dist/zone-node.js:392:26)
    at ProxyZoneSpec.Object.&lt;anonymous&gt;.ProxyZoneSpec.onInvoke (/home/thomas/Documents/projects/knab-james-frontend/node_modules/zone.js/dist/proxy.js:79:39)
    at ZoneDelegate.Object.&lt;anonymous&gt;.ZoneDelegate.invoke (/home/thomas/Documents/projects/knab-james-frontend/node_modules/zone.js/dist/zone-node.js:391:32)
    at Zone.Object.&lt;anonymous&gt;.Zone.run (/home/thomas/Documents/projects/knab-james-frontend/node_modules/zone.js/dist/zone-node.js:142:43)
    at Object.testBody.length (/home/thomas/Documents/projects/knab-james-frontend/node_modules/jest-zone-patch/index.js:47:27)
    at Object.asyncFn (/home/thomas/Documents/projects/knab-james-frontend/node_modules/jest-jasmine2/build/jasmine_async.js:126:345)
    at resolve (/home/thomas/Documents/projects/knab-james-frontend/node_modules/jest-jasmine2/build/queue_runner.js:47:12)
    at new ZoneAwarePromise (/home/thomas/Documents/projects/knab-james-frontend/node_modules/zone.js/dist/zone-node.js:861:29)
    at mapper (/home/thomas/Documents/projects/knab-james-frontend/node_modules/jest-jasmine2/build/queue_runner.js:36:499)
    at promise.then (/home/thomas/Documents/projects/knab-james-frontend/node_modules/jest-jasmine2/build/queue_runner.js:75:39)
    at ZoneDelegate.Object.&lt;anonymous&gt;.ZoneDelegate.invoke (/home/thomas/Documents/projects/knab-james-frontend/node_modules/zone.js/dist/zone-node.js:392:26)
    at Zone.Object.&lt;anonymous&gt;.Zone.run (/home/thomas/Documents/projects/knab-james-frontend/node_modules/zone.js/dist/zone-node.js:142:43)
    at /home/thomas/Documents/projects/knab-james-frontend/node_modules/zone.js/dist/zone-node.js:844:57
    at ZoneDelegate.Object.&lt;anonymous&gt;.ZoneDelegate.invokeTask (/home/thomas/Documents/projects/knab-james-frontend/node_modules/zone.js/dist/zone-node.js:425:31)
    at Zone.Object.&lt;anonymous&gt;.Zone.runTask (/home/thomas/Documents/projects/knab-james-frontend/node_modules/zone.js/dist/zone-node.js:192:47)
    at drainMicroTaskQueue (/home/thomas/Documents/projects/knab-james-frontend/node_modules/zone.js/dist/zone-node.js:602:35)
    at process._tickCallback (internal/process/next_tick.js:109:7)</failure>
    </testcase>
    <testcase classname="ProfileEffects UPDATE_ADDRESS_FAILURE should " name="ProfileEffects UPDATE_ADDRESS_FAILURE should " time="0.004">
      <failure>TypeError: jasmine.createSpyObj is not a function
    at /home/thomas/Documents/projects/knab-james-frontend/src/app/profile/effects/profile.spec.ts:26:21
    at ZoneDelegate.Object.&lt;anonymous&gt;.ZoneDelegate.invoke (/home/thomas/Documents/projects/knab-james-frontend/node_modules/zone.js/dist/zone-node.js:392:26)
    at ProxyZoneSpec.Object.&lt;anonymous&gt;.ProxyZoneSpec.onInvoke (/home/thomas/Documents/projects/knab-james-frontend/node_modules/zone.js/dist/proxy.js:79:39)
    at ZoneDelegate.Object.&lt;anonymous&gt;.ZoneDelegate.invoke (/home/thomas/Documents/projects/knab-james-frontend/node_modules/zone.js/dist/zone-node.js:391:32)
    at Zone.Object.&lt;anonymous&gt;.Zone.run (/home/thomas/Documents/projects/knab-james-frontend/node_modules/zone.js/dist/zone-node.js:142:43)
    at Object.testBody.length (/home/thomas/Documents/projects/knab-james-frontend/node_modules/jest-zone-patch/index.js:47:27)
    at Object.asyncFn (/home/thomas/Documents/projects/knab-james-frontend/node_modules/jest-jasmine2/build/jasmine_async.js:124:61)
    at resolve (/home/thomas/Documents/projects/knab-james-frontend/node_modules/jest-jasmine2/build/queue_runner.js:47:12)
    at new ZoneAwarePromise (/home/thomas/Documents/projects/knab-james-frontend/node_modules/zone.js/dist/zone-node.js:861:29)
    at mapper (/home/thomas/Documents/projects/knab-james-frontend/node_modules/jest-jasmine2/build/queue_runner.js:36:499)
    at promise.then (/home/thomas/Documents/projects/knab-james-frontend/node_modules/jest-jasmine2/build/queue_runner.js:75:39)
    at ZoneDelegate.Object.&lt;anonymous&gt;.ZoneDelegate.invoke (/home/thomas/Documents/projects/knab-james-frontend/node_modules/zone.js/dist/zone-node.js:392:26)
    at Zone.Object.&lt;anonymous&gt;.Zone.run (/home/thomas/Documents/projects/knab-james-frontend/node_modules/zone.js/dist/zone-node.js:142:43)
    at /home/thomas/Documents/projects/knab-james-frontend/node_modules/zone.js/dist/zone-node.js:844:57
    at ZoneDelegate.Object.&lt;anonymous&gt;.ZoneDelegate.invokeTask (/home/thomas/Documents/projects/knab-james-frontend/node_modules/zone.js/dist/zone-node.js:425:31)
    at Zone.Object.&lt;anonymous&gt;.Zone.runTask (/home/thomas/Documents/projects/knab-james-frontend/node_modules/zone.js/dist/zone-node.js:192:47)
    at drainMicroTaskQueue (/home/thomas/Documents/projects/knab-james-frontend/node_modules/zone.js/dist/zone-node.js:602:35)
    at process._tickCallback (internal/process/next_tick.js:109:7)</failure>
    </testcase>
  </testsuite>
  <testsuite name="AuthEffects" tests="5" errors="0" failures="4" skipped="1" timestamp="2017-10-07T17:22:53" time="1.804">
    <testcase classname="AuthEffects login$ should call authService with the payload" name="AuthEffects login$ should call authService with the payload" time="0.29">
      <failure>TypeError: jasmine.createSpyObj is not a function
    at /home/thomas/Documents/projects/knab-james-frontend/src/app/auth/effects/auth.effects.spec.ts:69:21
    at ZoneDelegate.Object.&lt;anonymous&gt;.ZoneDelegate.invoke (/home/thomas/Documents/projects/knab-james-frontend/node_modules/zone.js/dist/zone-node.js:392:26)
    at ProxyZoneSpec.Object.&lt;anonymous&gt;.ProxyZoneSpec.onInvoke (/home/thomas/Documents/projects/knab-james-frontend/node_modules/zone.js/dist/proxy.js:79:39)
    at ZoneDelegate.Object.&lt;anonymous&gt;.ZoneDelegate.invoke (/home/thomas/Documents/projects/knab-james-frontend/node_modules/zone.js/dist/zone-node.js:391:32)
    at Zone.Object.&lt;anonymous&gt;.Zone.run (/home/thomas/Documents/projects/knab-james-frontend/node_modules/zone.js/dist/zone-node.js:142:43)
    at Object.testBody.length (/home/thomas/Documents/projects/knab-james-frontend/node_modules/jest-zone-patch/index.js:47:27)
    at Object.asyncFn (/home/thomas/Documents/projects/knab-james-frontend/node_modules/jest-jasmine2/build/jasmine_async.js:124:61)
    at resolve (/home/thomas/Documents/projects/knab-james-frontend/node_modules/jest-jasmine2/build/queue_runner.js:47:12)
    at new ZoneAwarePromise (/home/thomas/Documents/projects/knab-james-frontend/node_modules/zone.js/dist/zone-node.js:861:29)
    at mapper (/home/thomas/Documents/projects/knab-james-frontend/node_modules/jest-jasmine2/build/queue_runner.js:36:499)
    at promise.then (/home/thomas/Documents/projects/knab-james-frontend/node_modules/jest-jasmine2/build/queue_runner.js:75:39)
    at ZoneDelegate.Object.&lt;anonymous&gt;.ZoneDelegate.invoke (/home/thomas/Documents/projects/knab-james-frontend/node_modules/zone.js/dist/zone-node.js:392:26)
    at Zone.Object.&lt;anonymous&gt;.Zone.run (/home/thomas/Documents/projects/knab-james-frontend/node_modules/zone.js/dist/zone-node.js:142:43)
    at /home/thomas/Documents/projects/knab-james-frontend/node_modules/zone.js/dist/zone-node.js:844:57
    at ZoneDelegate.Object.&lt;anonymous&gt;.ZoneDelegate.invokeTask (/home/thomas/Documents/projects/knab-james-frontend/node_modules/zone.js/dist/zone-node.js:425:31)
    at Zone.Object.&lt;anonymous&gt;.Zone.runTask (/home/thomas/Documents/projects/knab-james-frontend/node_modules/zone.js/dist/zone-node.js:192:47)
    at drainMicroTaskQueue (/home/thomas/Documents/projects/knab-james-frontend/node_modules/zone.js/dist/zone-node.js:602:35)
    at process._tickCallback (internal/process/next_tick.js:109:7)</failure>
      <failure>TypeError: Cannot read property &apos;login&apos; of undefined
    at /home/thomas/Documents/projects/knab-james-frontend/src/app/auth/effects/auth.effects.spec.ts:101:18
    at ZoneDelegate.Object.&lt;anonymous&gt;.ZoneDelegate.invoke (/home/thomas/Documents/projects/knab-james-frontend/node_modules/zone.js/dist/zone-node.js:392:26)
    at ProxyZoneSpec.Object.&lt;anonymous&gt;.ProxyZoneSpec.onInvoke (/home/thomas/Documents/projects/knab-james-frontend/node_modules/zone.js/dist/proxy.js:79:39)
    at ZoneDelegate.Object.&lt;anonymous&gt;.ZoneDelegate.invoke (/home/thomas/Documents/projects/knab-james-frontend/node_modules/zone.js/dist/zone-node.js:391:32)
    at Zone.Object.&lt;anonymous&gt;.Zone.run (/home/thomas/Documents/projects/knab-james-frontend/node_modules/zone.js/dist/zone-node.js:142:43)
    at Object.testBody.length (/home/thomas/Documents/projects/knab-james-frontend/node_modules/jest-zone-patch/index.js:47:27)
    at Object.asyncFn (/home/thomas/Documents/projects/knab-james-frontend/node_modules/jest-jasmine2/build/jasmine_async.js:126:345)
    at resolve (/home/thomas/Documents/projects/knab-james-frontend/node_modules/jest-jasmine2/build/queue_runner.js:47:12)
    at new ZoneAwarePromise (/home/thomas/Documents/projects/knab-james-frontend/node_modules/zone.js/dist/zone-node.js:861:29)
    at mapper (/home/thomas/Documents/projects/knab-james-frontend/node_modules/jest-jasmine2/build/queue_runner.js:36:499)
    at promise.then (/home/thomas/Documents/projects/knab-james-frontend/node_modules/jest-jasmine2/build/queue_runner.js:75:39)
    at ZoneDelegate.Object.&lt;anonymous&gt;.ZoneDelegate.invoke (/home/thomas/Documents/projects/knab-james-frontend/node_modules/zone.js/dist/zone-node.js:392:26)
    at Zone.Object.&lt;anonymous&gt;.Zone.run (/home/thomas/Documents/projects/knab-james-frontend/node_modules/zone.js/dist/zone-node.js:142:43)
    at /home/thomas/Documents/projects/knab-james-frontend/node_modules/zone.js/dist/zone-node.js:844:57
    at ZoneDelegate.Object.&lt;anonymous&gt;.ZoneDelegate.invokeTask (/home/thomas/Documents/projects/knab-james-frontend/node_modules/zone.js/dist/zone-node.js:425:31)
    at Zone.Object.&lt;anonymous&gt;.Zone.runTask (/home/thomas/Documents/projects/knab-james-frontend/node_modules/zone.js/dist/zone-node.js:192:47)
    at drainMicroTaskQueue (/home/thomas/Documents/projects/knab-james-frontend/node_modules/zone.js/dist/zone-node.js:602:35)
    at process._tickCallback (internal/process/next_tick.js:109:7)</failure>
    </testcase>
    <testcase classname="AuthEffects login$ should fail on a service error" name="AuthEffects login$ should fail on a service error" time="0">
      <skipped/>
    </testcase>
    <testcase classname="AuthEffects loginSuccess$ should redirect to / route" name="AuthEffects loginSuccess$ should redirect to / route" time="0.012">
      <failure>TypeError: jasmine.createSpyObj is not a function
    at /home/thomas/Documents/projects/knab-james-frontend/src/app/auth/effects/auth.effects.spec.ts:69:21
    at ZoneDelegate.Object.&lt;anonymous&gt;.ZoneDelegate.invoke (/home/thomas/Documents/projects/knab-james-frontend/node_modules/zone.js/dist/zone-node.js:392:26)
    at ProxyZoneSpec.Object.&lt;anonymous&gt;.ProxyZoneSpec.onInvoke (/home/thomas/Documents/projects/knab-james-frontend/node_modules/zone.js/dist/proxy.js:79:39)
    at ZoneDelegate.Object.&lt;anonymous&gt;.ZoneDelegate.invoke (/home/thomas/Documents/projects/knab-james-frontend/node_modules/zone.js/dist/zone-node.js:391:32)
    at Zone.Object.&lt;anonymous&gt;.Zone.run (/home/thomas/Documents/projects/knab-james-frontend/node_modules/zone.js/dist/zone-node.js:142:43)
    at Object.testBody.length (/home/thomas/Documents/projects/knab-james-frontend/node_modules/jest-zone-patch/index.js:47:27)
    at Object.asyncFn (/home/thomas/Documents/projects/knab-james-frontend/node_modules/jest-jasmine2/build/jasmine_async.js:124:61)
    at resolve (/home/thomas/Documents/projects/knab-james-frontend/node_modules/jest-jasmine2/build/queue_runner.js:47:12)
    at new ZoneAwarePromise (/home/thomas/Documents/projects/knab-james-frontend/node_modules/zone.js/dist/zone-node.js:861:29)
    at mapper (/home/thomas/Documents/projects/knab-james-frontend/node_modules/jest-jasmine2/build/queue_runner.js:36:499)
    at promise.then (/home/thomas/Documents/projects/knab-james-frontend/node_modules/jest-jasmine2/build/queue_runner.js:75:39)
    at ZoneDelegate.Object.&lt;anonymous&gt;.ZoneDelegate.invoke (/home/thomas/Documents/projects/knab-james-frontend/node_modules/zone.js/dist/zone-node.js:392:26)
    at Zone.Object.&lt;anonymous&gt;.Zone.run (/home/thomas/Documents/projects/knab-james-frontend/node_modules/zone.js/dist/zone-node.js:142:43)
    at /home/thomas/Documents/projects/knab-james-frontend/node_modules/zone.js/dist/zone-node.js:844:57
    at ZoneDelegate.Object.&lt;anonymous&gt;.ZoneDelegate.invokeTask (/home/thomas/Documents/projects/knab-james-frontend/node_modules/zone.js/dist/zone-node.js:425:31)
    at Zone.Object.&lt;anonymous&gt;.Zone.runTask (/home/thomas/Documents/projects/knab-james-frontend/node_modules/zone.js/dist/zone-node.js:192:47)
    at drainMicroTaskQueue (/home/thomas/Documents/projects/knab-james-frontend/node_modules/zone.js/dist/zone-node.js:602:35)
    at process._tickCallback (internal/process/next_tick.js:109:7)</failure>
      <failure>TypeError: Cannot read property &apos;loginSuccess$&apos; of undefined
    at /home/thomas/Documents/projects/knab-james-frontend/src/app/auth/effects/auth.effects.spec.ts:137:14
    at ZoneDelegate.Object.&lt;anonymous&gt;.ZoneDelegate.invoke (/home/thomas/Documents/projects/knab-james-frontend/node_modules/zone.js/dist/zone-node.js:392:26)
    at ProxyZoneSpec.Object.&lt;anonymous&gt;.ProxyZoneSpec.onInvoke (/home/thomas/Documents/projects/knab-james-frontend/node_modules/zone.js/dist/proxy.js:79:39)
    at ZoneDelegate.Object.&lt;anonymous&gt;.ZoneDelegate.invoke (/home/thomas/Documents/projects/knab-james-frontend/node_modules/zone.js/dist/zone-node.js:391:32)
    at Zone.Object.&lt;anonymous&gt;.Zone.run (/home/thomas/Documents/projects/knab-james-frontend/node_modules/zone.js/dist/zone-node.js:142:43)
    at Object.testBody.length (/home/thomas/Documents/projects/knab-james-frontend/node_modules/jest-zone-patch/index.js:47:27)
    at Object.asyncFn (/home/thomas/Documents/projects/knab-james-frontend/node_modules/jest-jasmine2/build/jasmine_async.js:126:345)
    at resolve (/home/thomas/Documents/projects/knab-james-frontend/node_modules/jest-jasmine2/build/queue_runner.js:47:12)
    at new ZoneAwarePromise (/home/thomas/Documents/projects/knab-james-frontend/node_modules/zone.js/dist/zone-node.js:861:29)
    at mapper (/home/thomas/Documents/projects/knab-james-frontend/node_modules/jest-jasmine2/build/queue_runner.js:36:499)
    at promise.then (/home/thomas/Documents/projects/knab-james-frontend/node_modules/jest-jasmine2/build/queue_runner.js:75:39)
    at ZoneDelegate.Object.&lt;anonymous&gt;.ZoneDelegate.invoke (/home/thomas/Documents/projects/knab-james-frontend/node_modules/zone.js/dist/zone-node.js:392:26)
    at Zone.Object.&lt;anonymous&gt;.Zone.run (/home/thomas/Documents/projects/knab-james-frontend/node_modules/zone.js/dist/zone-node.js:142:43)
    at /home/thomas/Documents/projects/knab-james-frontend/node_modules/zone.js/dist/zone-node.js:844:57
    at ZoneDelegate.Object.&lt;anonymous&gt;.ZoneDelegate.invokeTask (/home/thomas/Documents/projects/knab-james-frontend/node_modules/zone.js/dist/zone-node.js:425:31)
    at Zone.Object.&lt;anonymous&gt;.Zone.runTask (/home/thomas/Documents/projects/knab-james-frontend/node_modules/zone.js/dist/zone-node.js:192:47)
    at drainMicroTaskQueue (/home/thomas/Documents/projects/knab-james-frontend/node_modules/zone.js/dist/zone-node.js:602:35)
    at process._tickCallback (internal/process/next_tick.js:109:7)</failure>
    </testcase>
    <testcase classname="AuthEffects loginRedirect$ should redirect to /login route" name="AuthEffects loginRedirect$ should redirect to /login route" time="0.006">
      <failure>TypeError: jasmine.createSpyObj is not a function
    at /home/thomas/Documents/projects/knab-james-frontend/src/app/auth/effects/auth.effects.spec.ts:69:21
    at ZoneDelegate.Object.&lt;anonymous&gt;.ZoneDelegate.invoke (/home/thomas/Documents/projects/knab-james-frontend/node_modules/zone.js/dist/zone-node.js:392:26)
    at ProxyZoneSpec.Object.&lt;anonymous&gt;.ProxyZoneSpec.onInvoke (/home/thomas/Documents/projects/knab-james-frontend/node_modules/zone.js/dist/proxy.js:79:39)
    at ZoneDelegate.Object.&lt;anonymous&gt;.ZoneDelegate.invoke (/home/thomas/Documents/projects/knab-james-frontend/node_modules/zone.js/dist/zone-node.js:391:32)
    at Zone.Object.&lt;anonymous&gt;.Zone.run (/home/thomas/Documents/projects/knab-james-frontend/node_modules/zone.js/dist/zone-node.js:142:43)
    at Object.testBody.length (/home/thomas/Documents/projects/knab-james-frontend/node_modules/jest-zone-patch/index.js:47:27)
    at Object.asyncFn (/home/thomas/Documents/projects/knab-james-frontend/node_modules/jest-jasmine2/build/jasmine_async.js:124:61)
    at resolve (/home/thomas/Documents/projects/knab-james-frontend/node_modules/jest-jasmine2/build/queue_runner.js:47:12)
    at new ZoneAwarePromise (/home/thomas/Documents/projects/knab-james-frontend/node_modules/zone.js/dist/zone-node.js:861:29)
    at mapper (/home/thomas/Documents/projects/knab-james-frontend/node_modules/jest-jasmine2/build/queue_runner.js:36:499)
    at promise.then (/home/thomas/Documents/projects/knab-james-frontend/node_modules/jest-jasmine2/build/queue_runner.js:75:39)
    at ZoneDelegate.Object.&lt;anonymous&gt;.ZoneDelegate.invoke (/home/thomas/Documents/projects/knab-james-frontend/node_modules/zone.js/dist/zone-node.js:392:26)
    at Zone.Object.&lt;anonymous&gt;.Zone.run (/home/thomas/Documents/projects/knab-james-frontend/node_modules/zone.js/dist/zone-node.js:142:43)
    at /home/thomas/Documents/projects/knab-james-frontend/node_modules/zone.js/dist/zone-node.js:844:57
    at ZoneDelegate.Object.&lt;anonymous&gt;.ZoneDelegate.invokeTask (/home/thomas/Documents/projects/knab-james-frontend/node_modules/zone.js/dist/zone-node.js:425:31)
    at Zone.Object.&lt;anonymous&gt;.Zone.runTask (/home/thomas/Documents/projects/knab-james-frontend/node_modules/zone.js/dist/zone-node.js:192:47)
    at drainMicroTaskQueue (/home/thomas/Documents/projects/knab-james-frontend/node_modules/zone.js/dist/zone-node.js:602:35)
    at process._tickCallback (internal/process/next_tick.js:109:7)</failure>
      <failure>TypeError: Cannot read property &apos;loginRedirect$&apos; of undefined
    at /home/thomas/Documents/projects/knab-james-frontend/src/app/auth/effects/auth.effects.spec.ts:145:14
    at ZoneDelegate.Object.&lt;anonymous&gt;.ZoneDelegate.invoke (/home/thomas/Documents/projects/knab-james-frontend/node_modules/zone.js/dist/zone-node.js:392:26)
    at ProxyZoneSpec.Object.&lt;anonymous&gt;.ProxyZoneSpec.onInvoke (/home/thomas/Documents/projects/knab-james-frontend/node_modules/zone.js/dist/proxy.js:79:39)
    at ZoneDelegate.Object.&lt;anonymous&gt;.ZoneDelegate.invoke (/home/thomas/Documents/projects/knab-james-frontend/node_modules/zone.js/dist/zone-node.js:391:32)
    at Zone.Object.&lt;anonymous&gt;.Zone.run (/home/thomas/Documents/projects/knab-james-frontend/node_modules/zone.js/dist/zone-node.js:142:43)
    at Object.testBody.length (/home/thomas/Documents/projects/knab-james-frontend/node_modules/jest-zone-patch/index.js:47:27)
    at Object.asyncFn (/home/thomas/Documents/projects/knab-james-frontend/node_modules/jest-jasmine2/build/jasmine_async.js:126:345)
    at resolve (/home/thomas/Documents/projects/knab-james-frontend/node_modules/jest-jasmine2/build/queue_runner.js:47:12)
    at new ZoneAwarePromise (/home/thomas/Documents/projects/knab-james-frontend/node_modules/zone.js/dist/zone-node.js:861:29)
    at mapper (/home/thomas/Documents/projects/knab-james-frontend/node_modules/jest-jasmine2/build/queue_runner.js:36:499)
    at promise.then (/home/thomas/Documents/projects/knab-james-frontend/node_modules/jest-jasmine2/build/queue_runner.js:75:39)
    at ZoneDelegate.Object.&lt;anonymous&gt;.ZoneDelegate.invoke (/home/thomas/Documents/projects/knab-james-frontend/node_modules/zone.js/dist/zone-node.js:392:26)
    at Zone.Object.&lt;anonymous&gt;.Zone.run (/home/thomas/Documents/projects/knab-james-frontend/node_modules/zone.js/dist/zone-node.js:142:43)
    at /home/thomas/Documents/projects/knab-james-frontend/node_modules/zone.js/dist/zone-node.js:844:57
    at ZoneDelegate.Object.&lt;anonymous&gt;.ZoneDelegate.invokeTask (/home/thomas/Documents/projects/knab-james-frontend/node_modules/zone.js/dist/zone-node.js:425:31)
    at Zone.Object.&lt;anonymous&gt;.Zone.runTask (/home/thomas/Documents/projects/knab-james-frontend/node_modules/zone.js/dist/zone-node.js:192:47)
    at drainMicroTaskQueue (/home/thomas/Documents/projects/knab-james-frontend/node_modules/zone.js/dist/zone-node.js:602:35)
    at process._tickCallback (internal/process/next_tick.js:109:7)</failure>
    </testcase>
    <testcase classname="AuthEffects logout$ should call logout on the authService" name="AuthEffects logout$ should call logout on the authService" time="0.008">
      <failure>TypeError: jasmine.createSpyObj is not a function
    at /home/thomas/Documents/projects/knab-james-frontend/src/app/auth/effects/auth.effects.spec.ts:69:21
    at ZoneDelegate.Object.&lt;anonymous&gt;.ZoneDelegate.invoke (/home/thomas/Documents/projects/knab-james-frontend/node_modules/zone.js/dist/zone-node.js:392:26)
    at ProxyZoneSpec.Object.&lt;anonymous&gt;.ProxyZoneSpec.onInvoke (/home/thomas/Documents/projects/knab-james-frontend/node_modules/zone.js/dist/proxy.js:79:39)
    at ZoneDelegate.Object.&lt;anonymous&gt;.ZoneDelegate.invoke (/home/thomas/Documents/projects/knab-james-frontend/node_modules/zone.js/dist/zone-node.js:391:32)
    at Zone.Object.&lt;anonymous&gt;.Zone.run (/home/thomas/Documents/projects/knab-james-frontend/node_modules/zone.js/dist/zone-node.js:142:43)
    at Object.testBody.length (/home/thomas/Documents/projects/knab-james-frontend/node_modules/jest-zone-patch/index.js:47:27)
    at Object.asyncFn (/home/thomas/Documents/projects/knab-james-frontend/node_modules/jest-jasmine2/build/jasmine_async.js:124:61)
    at resolve (/home/thomas/Documents/projects/knab-james-frontend/node_modules/jest-jasmine2/build/queue_runner.js:47:12)
    at new ZoneAwarePromise (/home/thomas/Documents/projects/knab-james-frontend/node_modules/zone.js/dist/zone-node.js:861:29)
    at mapper (/home/thomas/Documents/projects/knab-james-frontend/node_modules/jest-jasmine2/build/queue_runner.js:36:499)
    at promise.then (/home/thomas/Documents/projects/knab-james-frontend/node_modules/jest-jasmine2/build/queue_runner.js:75:39)
    at ZoneDelegate.Object.&lt;anonymous&gt;.ZoneDelegate.invoke (/home/thomas/Documents/projects/knab-james-frontend/node_modules/zone.js/dist/zone-node.js:392:26)
    at Zone.Object.&lt;anonymous&gt;.Zone.run (/home/thomas/Documents/projects/knab-james-frontend/node_modules/zone.js/dist/zone-node.js:142:43)
    at /home/thomas/Documents/projects/knab-james-frontend/node_modules/zone.js/dist/zone-node.js:844:57
    at ZoneDelegate.Object.&lt;anonymous&gt;.ZoneDelegate.invokeTask (/home/thomas/Documents/projects/knab-james-frontend/node_modules/zone.js/dist/zone-node.js:425:31)
    at Zone.Object.&lt;anonymous&gt;.Zone.runTask (/home/thomas/Documents/projects/knab-james-frontend/node_modules/zone.js/dist/zone-node.js:192:47)
    at drainMicroTaskQueue (/home/thomas/Documents/projects/knab-james-frontend/node_modules/zone.js/dist/zone-node.js:602:35)
    at process._tickCallback (internal/process/next_tick.js:109:7)</failure>
      <failure>TypeError: Cannot read property &apos;logout$&apos; of undefined
    at /home/thomas/Documents/projects/knab-james-frontend/src/app/auth/effects/auth.effects.spec.ts:153:14
    at ZoneDelegate.Object.&lt;anonymous&gt;.ZoneDelegate.invoke (/home/thomas/Documents/projects/knab-james-frontend/node_modules/zone.js/dist/zone-node.js:392:26)
    at ProxyZoneSpec.Object.&lt;anonymous&gt;.ProxyZoneSpec.onInvoke (/home/thomas/Documents/projects/knab-james-frontend/node_modules/zone.js/dist/proxy.js:79:39)
    at ZoneDelegate.Object.&lt;anonymous&gt;.ZoneDelegate.invoke (/home/thomas/Documents/projects/knab-james-frontend/node_modules/zone.js/dist/zone-node.js:391:32)
    at Zone.Object.&lt;anonymous&gt;.Zone.run (/home/thomas/Documents/projects/knab-james-frontend/node_modules/zone.js/dist/zone-node.js:142:43)
    at Object.testBody.length (/home/thomas/Documents/projects/knab-james-frontend/node_modules/jest-zone-patch/index.js:47:27)
    at Object.asyncFn (/home/thomas/Documents/projects/knab-james-frontend/node_modules/jest-jasmine2/build/jasmine_async.js:126:345)
    at resolve (/home/thomas/Documents/projects/knab-james-frontend/node_modules/jest-jasmine2/build/queue_runner.js:47:12)
    at new ZoneAwarePromise (/home/thomas/Documents/projects/knab-james-frontend/node_modules/zone.js/dist/zone-node.js:861:29)
    at mapper (/home/thomas/Documents/projects/knab-james-frontend/node_modules/jest-jasmine2/build/queue_runner.js:36:499)
    at promise.then (/home/thomas/Documents/projects/knab-james-frontend/node_modules/jest-jasmine2/build/queue_runner.js:75:39)
    at ZoneDelegate.Object.&lt;anonymous&gt;.ZoneDelegate.invoke (/home/thomas/Documents/projects/knab-james-frontend/node_modules/zone.js/dist/zone-node.js:392:26)
    at Zone.Object.&lt;anonymous&gt;.Zone.run (/home/thomas/Documents/projects/knab-james-frontend/node_modules/zone.js/dist/zone-node.js:142:43)
    at /home/thomas/Documents/projects/knab-james-frontend/node_modules/zone.js/dist/zone-node.js:844:57
    at ZoneDelegate.Object.&lt;anonymous&gt;.ZoneDelegate.invokeTask (/home/thomas/Documents/projects/knab-james-frontend/node_modules/zone.js/dist/zone-node.js:425:31)
    at Zone.Object.&lt;anonymous&gt;.Zone.runTask (/home/thomas/Documents/projects/knab-james-frontend/node_modules/zone.js/dist/zone-node.js:192:47)
    at drainMicroTaskQueue (/home/thomas/Documents/projects/knab-james-frontend/node_modules/zone.js/dist/zone-node.js:602:35)
    at process._tickCallback (internal/process/next_tick.js:109:7)</failure>
    </testcase>
  </testsuite>
  <testsuite name="Service: Car" tests="6" errors="0" failures="0" skipped="0" timestamp="2017-10-07T17:22:53" time="2.052">
    <testcase classname="Service: Car Car Information should define the getByLicense function" name="Service: Car Car Information should define the getByLicense function" time="0.129">
    </testcase>
    <testcase classname="Service: Car Car Information should return an Observable&lt;Car&gt;" name="Service: Car Car Information should return an Observable&lt;Car&gt;" time="0.06">
    </testcase>
    <testcase classname="Service: Car Car Coverage should define the getCoverageRecommendation function" name="Service: Car Car Coverage should define the getCoverageRecommendation function" time="0.047">
    </testcase>
    <testcase classname="Service: Car Car Coverage should return a Observable&lt;CarCoverageRecommendation&gt;" name="Service: Car Car Coverage should return a Observable&lt;CarCoverageRecommendation&gt;" time="0.03">
    </testcase>
    <testcase classname="Service: Car Car Insurance Compare should define the getInsurances function" name="Service: Car Car Insurance Compare should define the getInsurances function" time="0.028">
    </testcase>
    <testcase classname="Service: Car Car Insurance Compare should return an Observable&lt;Array&lt;CarInsurance&gt;&gt;" name="Service: Car Car Insurance Compare should return an Observable&lt;Array&lt;CarInsurance&gt;&gt;" time="0.027">
    </testcase>
  </testsuite>
  <testsuite name="Util: IBAN Validator" tests="2" errors="0" failures="0" skipped="0" timestamp="2017-10-07T17:22:55" time="0.345">
    <testcase classname="Util: IBAN Validator should validate a Dutch iban number" name="Util: IBAN Validator should validate a Dutch iban number" time="0.031">
    </testcase>
    <testcase classname="Util: IBAN Validator should validate other iban numbers" name="Util: IBAN Validator should validate other iban numbers" time="0.014">
    </testcase>
  </testsuite>
  <testsuite name="Car reducer" tests="7" errors="0" failures="0" skipped="0" timestamp="2017-10-07T17:22:55" time="0.341">
    <testcase classname="Car reducer undefined action should handle initial state" name="Car reducer undefined action should handle initial state" time="0.006">
    </testcase>
    <testcase classname="Car reducer BUY_REQUEST should set loading to true" name="Car reducer BUY_REQUEST should set loading to true" time="0.004">
    </testcase>
    <testcase classname="Car reducer GET_INFO_REQUEST should set loading to true" name="Car reducer GET_INFO_REQUEST should set loading to true" time="0.002">
    </testcase>
    <testcase classname="Car reducer GET_INFO_SUCCESS should set info and loaded" name="Car reducer GET_INFO_SUCCESS should set info and loaded" time="0.002">
    </testcase>
    <testcase classname="Car reducer GET_INFO_FAILURE should reset info and set error" name="Car reducer GET_INFO_FAILURE should reset info and set error" time="0.003">
    </testcase>
    <testcase classname="Car reducer BUY_SUCCESS should set buyComplete to true" name="Car reducer BUY_SUCCESS should set buyComplete to true" time="0.002">
    </testcase>
    <testcase classname="Car reducer BUY_FAILURE should set buyError to true" name="Car reducer BUY_FAILURE should set buyError to true" time="0.004">
    </testcase>
  </testsuite>
  <testsuite name="CarEffects" tests="2" errors="0" failures="2" skipped="0" timestamp="2017-10-07T17:22:56" time="0.784">
    <testcase classname="CarEffects carCoverage$ should return coverage success action" name="CarEffects carCoverage$ should return coverage success action" time="0.3">
      <failure>TypeError: jasmine.createSpyObj is not a function
    at /home/thomas/Documents/projects/knab-james-frontend/src/app/car/effects/coverage.spec.ts:34:21
    at ZoneDelegate.Object.&lt;anonymous&gt;.ZoneDelegate.invoke (/home/thomas/Documents/projects/knab-james-frontend/node_modules/zone.js/dist/zone-node.js:392:26)
    at ProxyZoneSpec.Object.&lt;anonymous&gt;.ProxyZoneSpec.onInvoke (/home/thomas/Documents/projects/knab-james-frontend/node_modules/zone.js/dist/proxy.js:79:39)
    at ZoneDelegate.Object.&lt;anonymous&gt;.ZoneDelegate.invoke (/home/thomas/Documents/projects/knab-james-frontend/node_modules/zone.js/dist/zone-node.js:391:32)
    at Zone.Object.&lt;anonymous&gt;.Zone.run (/home/thomas/Documents/projects/knab-james-frontend/node_modules/zone.js/dist/zone-node.js:142:43)
    at Object.testBody.length (/home/thomas/Documents/projects/knab-james-frontend/node_modules/jest-zone-patch/index.js:47:27)
    at Object.asyncFn (/home/thomas/Documents/projects/knab-james-frontend/node_modules/jest-jasmine2/build/jasmine_async.js:124:61)
    at resolve (/home/thomas/Documents/projects/knab-james-frontend/node_modules/jest-jasmine2/build/queue_runner.js:47:12)
    at new ZoneAwarePromise (/home/thomas/Documents/projects/knab-james-frontend/node_modules/zone.js/dist/zone-node.js:861:29)
    at mapper (/home/thomas/Documents/projects/knab-james-frontend/node_modules/jest-jasmine2/build/queue_runner.js:36:499)
    at promise.then (/home/thomas/Documents/projects/knab-james-frontend/node_modules/jest-jasmine2/build/queue_runner.js:75:39)
    at ZoneDelegate.Object.&lt;anonymous&gt;.ZoneDelegate.invoke (/home/thomas/Documents/projects/knab-james-frontend/node_modules/zone.js/dist/zone-node.js:392:26)
    at Zone.Object.&lt;anonymous&gt;.Zone.run (/home/thomas/Documents/projects/knab-james-frontend/node_modules/zone.js/dist/zone-node.js:142:43)
    at /home/thomas/Documents/projects/knab-james-frontend/node_modules/zone.js/dist/zone-node.js:844:57
    at ZoneDelegate.Object.&lt;anonymous&gt;.ZoneDelegate.invokeTask (/home/thomas/Documents/projects/knab-james-frontend/node_modules/zone.js/dist/zone-node.js:425:31)
    at Zone.Object.&lt;anonymous&gt;.Zone.runTask (/home/thomas/Documents/projects/knab-james-frontend/node_modules/zone.js/dist/zone-node.js:192:47)
    at drainMicroTaskQueue (/home/thomas/Documents/projects/knab-james-frontend/node_modules/zone.js/dist/zone-node.js:602:35)
    at process._tickCallback (internal/process/next_tick.js:109:7)</failure>
      <failure>TypeError: Cannot read property &apos;getCoverageRecommendation&apos; of undefined
    at /home/thomas/Documents/projects/knab-james-frontend/src/app/car/effects/coverage.spec.ts:52:17
    at ZoneDelegate.Object.&lt;anonymous&gt;.ZoneDelegate.invoke (/home/thomas/Documents/projects/knab-james-frontend/node_modules/zone.js/dist/zone-node.js:392:26)
    at ProxyZoneSpec.Object.&lt;anonymous&gt;.ProxyZoneSpec.onInvoke (/home/thomas/Documents/projects/knab-james-frontend/node_modules/zone.js/dist/proxy.js:79:39)
    at ZoneDelegate.Object.&lt;anonymous&gt;.ZoneDelegate.invoke (/home/thomas/Documents/projects/knab-james-frontend/node_modules/zone.js/dist/zone-node.js:391:32)
    at Zone.Object.&lt;anonymous&gt;.Zone.run (/home/thomas/Documents/projects/knab-james-frontend/node_modules/zone.js/dist/zone-node.js:142:43)
    at Object.testBody.length (/home/thomas/Documents/projects/knab-james-frontend/node_modules/jest-zone-patch/index.js:47:27)
    at Object.asyncFn (/home/thomas/Documents/projects/knab-james-frontend/node_modules/jest-jasmine2/build/jasmine_async.js:126:345)
    at resolve (/home/thomas/Documents/projects/knab-james-frontend/node_modules/jest-jasmine2/build/queue_runner.js:47:12)
    at new ZoneAwarePromise (/home/thomas/Documents/projects/knab-james-frontend/node_modules/zone.js/dist/zone-node.js:861:29)
    at mapper (/home/thomas/Documents/projects/knab-james-frontend/node_modules/jest-jasmine2/build/queue_runner.js:36:499)
    at promise.then (/home/thomas/Documents/projects/knab-james-frontend/node_modules/jest-jasmine2/build/queue_runner.js:75:39)
    at ZoneDelegate.Object.&lt;anonymous&gt;.ZoneDelegate.invoke (/home/thomas/Documents/projects/knab-james-frontend/node_modules/zone.js/dist/zone-node.js:392:26)
    at Zone.Object.&lt;anonymous&gt;.Zone.run (/home/thomas/Documents/projects/knab-james-frontend/node_modules/zone.js/dist/zone-node.js:142:43)
    at /home/thomas/Documents/projects/knab-james-frontend/node_modules/zone.js/dist/zone-node.js:844:57
    at ZoneDelegate.Object.&lt;anonymous&gt;.ZoneDelegate.invokeTask (/home/thomas/Documents/projects/knab-james-frontend/node_modules/zone.js/dist/zone-node.js:425:31)
    at Zone.Object.&lt;anonymous&gt;.Zone.runTask (/home/thomas/Documents/projects/knab-james-frontend/node_modules/zone.js/dist/zone-node.js:192:47)
    at drainMicroTaskQueue (/home/thomas/Documents/projects/knab-james-frontend/node_modules/zone.js/dist/zone-node.js:602:35)
    at process._tickCallback (internal/process/next_tick.js:109:7)</failure>
    </testcase>
    <testcase classname="CarEffects carCoverage$ should return coverage failure action" name="CarEffects carCoverage$ should return coverage failure action" time="0.003">
      <failure>TypeError: jasmine.createSpyObj is not a function
    at /home/thomas/Documents/projects/knab-james-frontend/src/app/car/effects/coverage.spec.ts:34:21
    at ZoneDelegate.Object.&lt;anonymous&gt;.ZoneDelegate.invoke (/home/thomas/Documents/projects/knab-james-frontend/node_modules/zone.js/dist/zone-node.js:392:26)
    at ProxyZoneSpec.Object.&lt;anonymous&gt;.ProxyZoneSpec.onInvoke (/home/thomas/Documents/projects/knab-james-frontend/node_modules/zone.js/dist/proxy.js:79:39)
    at ZoneDelegate.Object.&lt;anonymous&gt;.ZoneDelegate.invoke (/home/thomas/Documents/projects/knab-james-frontend/node_modules/zone.js/dist/zone-node.js:391:32)
    at Zone.Object.&lt;anonymous&gt;.Zone.run (/home/thomas/Documents/projects/knab-james-frontend/node_modules/zone.js/dist/zone-node.js:142:43)
    at Object.testBody.length (/home/thomas/Documents/projects/knab-james-frontend/node_modules/jest-zone-patch/index.js:47:27)
    at Object.asyncFn (/home/thomas/Documents/projects/knab-james-frontend/node_modules/jest-jasmine2/build/jasmine_async.js:124:61)
    at resolve (/home/thomas/Documents/projects/knab-james-frontend/node_modules/jest-jasmine2/build/queue_runner.js:47:12)
    at new ZoneAwarePromise (/home/thomas/Documents/projects/knab-james-frontend/node_modules/zone.js/dist/zone-node.js:861:29)
    at mapper (/home/thomas/Documents/projects/knab-james-frontend/node_modules/jest-jasmine2/build/queue_runner.js:36:499)
    at promise.then (/home/thomas/Documents/projects/knab-james-frontend/node_modules/jest-jasmine2/build/queue_runner.js:75:39)
    at ZoneDelegate.Object.&lt;anonymous&gt;.ZoneDelegate.invoke (/home/thomas/Documents/projects/knab-james-frontend/node_modules/zone.js/dist/zone-node.js:392:26)
    at Zone.Object.&lt;anonymous&gt;.Zone.run (/home/thomas/Documents/projects/knab-james-frontend/node_modules/zone.js/dist/zone-node.js:142:43)
    at /home/thomas/Documents/projects/knab-james-frontend/node_modules/zone.js/dist/zone-node.js:844:57
    at ZoneDelegate.Object.&lt;anonymous&gt;.ZoneDelegate.invokeTask (/home/thomas/Documents/projects/knab-james-frontend/node_modules/zone.js/dist/zone-node.js:425:31)
    at Zone.Object.&lt;anonymous&gt;.Zone.runTask (/home/thomas/Documents/projects/knab-james-frontend/node_modules/zone.js/dist/zone-node.js:192:47)
    at drainMicroTaskQueue (/home/thomas/Documents/projects/knab-james-frontend/node_modules/zone.js/dist/zone-node.js:602:35)
    at process._tickCallback (internal/process/next_tick.js:109:7)</failure>
      <failure>TypeError: Cannot read property &apos;getCoverageRecommendation&apos; of undefined
    at /home/thomas/Documents/projects/knab-james-frontend/src/app/car/effects/coverage.spec.ts:63:17
    at ZoneDelegate.Object.&lt;anonymous&gt;.ZoneDelegate.invoke (/home/thomas/Documents/projects/knab-james-frontend/node_modules/zone.js/dist/zone-node.js:392:26)
    at ProxyZoneSpec.Object.&lt;anonymous&gt;.ProxyZoneSpec.onInvoke (/home/thomas/Documents/projects/knab-james-frontend/node_modules/zone.js/dist/proxy.js:79:39)
    at ZoneDelegate.Object.&lt;anonymous&gt;.ZoneDelegate.invoke (/home/thomas/Documents/projects/knab-james-frontend/node_modules/zone.js/dist/zone-node.js:391:32)
    at Zone.Object.&lt;anonymous&gt;.Zone.run (/home/thomas/Documents/projects/knab-james-frontend/node_modules/zone.js/dist/zone-node.js:142:43)
    at Object.testBody.length (/home/thomas/Documents/projects/knab-james-frontend/node_modules/jest-zone-patch/index.js:47:27)
    at Object.asyncFn (/home/thomas/Documents/projects/knab-james-frontend/node_modules/jest-jasmine2/build/jasmine_async.js:126:345)
    at resolve (/home/thomas/Documents/projects/knab-james-frontend/node_modules/jest-jasmine2/build/queue_runner.js:47:12)
    at new ZoneAwarePromise (/home/thomas/Documents/projects/knab-james-frontend/node_modules/zone.js/dist/zone-node.js:861:29)
    at mapper (/home/thomas/Documents/projects/knab-james-frontend/node_modules/jest-jasmine2/build/queue_runner.js:36:499)
    at promise.then (/home/thomas/Documents/projects/knab-james-frontend/node_modules/jest-jasmine2/build/queue_runner.js:75:39)
    at ZoneDelegate.Object.&lt;anonymous&gt;.ZoneDelegate.invoke (/home/thomas/Documents/projects/knab-james-frontend/node_modules/zone.js/dist/zone-node.js:392:26)
    at Zone.Object.&lt;anonymous&gt;.Zone.run (/home/thomas/Documents/projects/knab-james-frontend/node_modules/zone.js/dist/zone-node.js:142:43)
    at /home/thomas/Documents/projects/knab-james-frontend/node_modules/zone.js/dist/zone-node.js:844:57
    at ZoneDelegate.Object.&lt;anonymous&gt;.ZoneDelegate.invokeTask (/home/thomas/Documents/projects/knab-james-frontend/node_modules/zone.js/dist/zone-node.js:425:31)
    at Zone.Object.&lt;anonymous&gt;.Zone.runTask (/home/thomas/Documents/projects/knab-james-frontend/node_modules/zone.js/dist/zone-node.js:192:47)
    at drainMicroTaskQueue (/home/thomas/Documents/projects/knab-james-frontend/node_modules/zone.js/dist/zone-node.js:602:35)
    at process._tickCallback (internal/process/next_tick.js:109:7)</failure>
    </testcase>
  </testsuite>
  <testsuite name="Component: AddressLookup" tests="2" errors="0" failures="0" skipped="0" timestamp="2017-10-07T17:22:55" time="1.438">
    <testcase classname="Component: AddressLookup should bind to store observables" name="Component: AddressLookup should bind to store observables" time="0.424">
    </testcase>
    <testcase classname="Component: AddressLookup Dispatch address lookup action" name="Component: AddressLookup Dispatch address lookup action" time="0.156">
    </testcase>
  </testsuite>
  <testsuite name="Component: Login" tests="8" errors="0" failures="8" skipped="0" timestamp="2017-10-07T17:22:55" time="1.757">
    <testcase classname="Component: Login should initialize the form" name="Component: Login should initialize the form" time="0.807">
      <failure>Error: Failed: SyntaxError
    at stackFormatter (/home/thomas/Documents/projects/knab-james-frontend/node_modules/jest-jasmine2/build/expectation_result_factory.js:51:427)
    at expectationResultFactory (/home/thomas/Documents/projects/knab-james-frontend/node_modules/jest-jasmine2/build/expectation_result_factory.js:51:591)
    at Spec.Object.&lt;anonymous&gt;.Spec.addExpectationResult (/home/thomas/Documents/projects/knab-james-frontend/node_modules/jest-jasmine2/build/jasmine/Spec.js:74:70)
    at Env.fail (/home/thomas/Documents/projects/knab-james-frontend/node_modules/jest-jasmine2/build/jasmine/Env.js:511:25)
    at Function.next.fail (/home/thomas/Documents/projects/knab-james-frontend/node_modules/jest-jasmine2/build/queue_runner.js:43:22)
    at /home/thomas/Documents/projects/knab-james-frontend/node_modules/@angular/core/bundles/core-testing.umd.js:85:26
    at /home/thomas/Documents/projects/knab-james-frontend/node_modules/@angular/core/bundles/core-testing.umd.js:136:17
    at ZoneDelegate.Object.&lt;anonymous&gt;.ZoneDelegate.invoke (/home/thomas/Documents/projects/knab-james-frontend/node_modules/zone.js/dist/zone-node.js:392:26)
    at AsyncTestZoneSpec.Object.&lt;anonymous&gt;.AsyncTestZoneSpec.onInvoke (/home/thomas/Documents/projects/knab-james-frontend/node_modules/zone.js/dist/async-test.js:49:39)
    at ProxyZoneSpec.Object.&lt;anonymous&gt;.ProxyZoneSpec.onInvoke (/home/thomas/Documents/projects/knab-james-frontend/node_modules/zone.js/dist/proxy.js:76:39)
    at ZoneDelegate.Object.&lt;anonymous&gt;.ZoneDelegate.invoke (/home/thomas/Documents/projects/knab-james-frontend/node_modules/zone.js/dist/zone-node.js:391:32)
    at Zone.Object.&lt;anonymous&gt;.Zone.run (/home/thomas/Documents/projects/knab-james-frontend/node_modules/zone.js/dist/zone-node.js:142:43)
    at AsyncTestZoneSpec._failCallback (/home/thomas/Documents/projects/knab-james-frontend/packages/core/testing/src/async.ts:111:15)
    at AsyncTestZoneSpec.Object.&lt;anonymous&gt;.AsyncTestZoneSpec.onHandleError (/home/thomas/Documents/projects/knab-james-frontend/node_modules/zone.js/dist/async-test.js:59:18)
    at ProxyZoneSpec.Object.&lt;anonymous&gt;.ProxyZoneSpec.onHandleError (/home/thomas/Documents/projects/knab-james-frontend/node_modules/zone.js/dist/proxy.js:84:39)
    at ZoneDelegate.Object.&lt;anonymous&gt;.ZoneDelegate.handleError (/home/thomas/Documents/projects/knab-james-frontend/node_modules/zone.js/dist/zone-node.js:396:37)
    at Zone.Object.&lt;anonymous&gt;.Zone.runGuarded (/home/thomas/Documents/projects/knab-james-frontend/node_modules/zone.js/dist/zone-node.js:158:44)
    at runInTestZone (/home/thomas/Documents/projects/knab-james-frontend/node_modules/@angular/core/bundles/core-testing.umd.js:141:25)
    at /home/thomas/Documents/projects/knab-james-frontend/node_modules/@angular/core/bundles/core-testing.umd.js:80:13
    at ZoneDelegate.Object.&lt;anonymous&gt;.ZoneDelegate.invoke (/home/thomas/Documents/projects/knab-james-frontend/node_modules/zone.js/dist/zone-node.js:392:26)
    at ProxyZoneSpec.Object.&lt;anonymous&gt;.ProxyZoneSpec.onInvoke (/home/thomas/Documents/projects/knab-james-frontend/node_modules/zone.js/dist/proxy.js:79:39)
    at ZoneDelegate.Object.&lt;anonymous&gt;.ZoneDelegate.invoke (/home/thomas/Documents/projects/knab-james-frontend/node_modules/zone.js/dist/zone-node.js:391:32)
    at Zone.Object.&lt;anonymous&gt;.Zone.run (/home/thomas/Documents/projects/knab-james-frontend/node_modules/zone.js/dist/zone-node.js:142:43)
    at Object.testBody.length.done (/home/thomas/Documents/projects/knab-james-frontend/node_modules/jest-zone-patch/index.js:48:29)
    at resolve (/home/thomas/Documents/projects/knab-james-frontend/node_modules/jest-jasmine2/build/queue_runner.js:47:12)
    at new ZoneAwarePromise (/home/thomas/Documents/projects/knab-james-frontend/node_modules/zone.js/dist/zone-node.js:861:29)
    at mapper (/home/thomas/Documents/projects/knab-james-frontend/node_modules/jest-jasmine2/build/queue_runner.js:36:499)
    at promise.then (/home/thomas/Documents/projects/knab-james-frontend/node_modules/jest-jasmine2/build/queue_runner.js:75:39)
    at ZoneDelegate.Object.&lt;anonymous&gt;.ZoneDelegate.invoke (/home/thomas/Documents/projects/knab-james-frontend/node_modules/zone.js/dist/zone-node.js:392:26)
    at Zone.Object.&lt;anonymous&gt;.Zone.run (/home/thomas/Documents/projects/knab-james-frontend/node_modules/zone.js/dist/zone-node.js:142:43)
    at /home/thomas/Documents/projects/knab-james-frontend/node_modules/zone.js/dist/zone-node.js:844:57
    at ZoneDelegate.Object.&lt;anonymous&gt;.ZoneDelegate.invokeTask (/home/thomas/Documents/projects/knab-james-frontend/node_modules/zone.js/dist/zone-node.js:425:31)
    at Zone.Object.&lt;anonymous&gt;.Zone.runTask (/home/thomas/Documents/projects/knab-james-frontend/node_modules/zone.js/dist/zone-node.js:192:47)
    at drainMicroTaskQueue (/home/thomas/Documents/projects/knab-james-frontend/node_modules/zone.js/dist/zone-node.js:602:35)
    at process._tickCallback (internal/process/next_tick.js:109:7)</failure>
      <failure>SyntaxError
    at XMLHttpRequest.open (/home/thomas/Documents/projects/knab-james-frontend/node_modules/jsdom/lib/jsdom/living/xmlhttprequest.js:486:15)
    at ResourceLoaderImpl.Object.&lt;anonymous&gt;.ResourceLoaderImpl.get (/home/thomas/Documents/projects/knab-james-frontend/node_modules/@angular/platform-browser-dynamic/bundles/platform-browser-dynamic.umd.js:63:13)
    at DirectiveNormalizer.Object.&lt;anonymous&gt;.DirectiveNormalizer._fetch (/home/thomas/Documents/projects/knab-james-frontend/node_modules/@angular/compiler/bundles/compiler.umd.js:14104:43)
    at DirectiveNormalizer.Object.&lt;anonymous&gt;.DirectiveNormalizer.normalizeTemplateOnly (/home/thomas/Documents/projects/knab-james-frontend/node_modules/@angular/compiler/bundles/compiler.umd.js:14147:29)
    at DirectiveNormalizer.Object.&lt;anonymous&gt;.DirectiveNormalizer.normalizeTemplate (/home/thomas/Documents/projects/knab-james-frontend/node_modules/@angular/compiler/bundles/compiler.umd.js:14131:36)
    at CompileMetadataResolver.Object.&lt;anonymous&gt;.CompileMetadataResolver.loadDirectiveMetadata (/home/thomas/Documents/projects/knab-james-frontend/node_modules/@angular/compiler/bundles/compiler.umd.js:15160:75)
    at /home/thomas/Documents/projects/knab-james-frontend/node_modules/@angular/compiler/bundles/compiler.umd.js:26837:72
    at Array.forEach (native)
    at /home/thomas/Documents/projects/knab-james-frontend/node_modules/@angular/compiler/bundles/compiler.umd.js:26836:72
    at Array.forEach (native)</failure>
      <failure>TypeError: Cannot read property &apos;form&apos; of undefined
    at /home/thomas/Documents/projects/knab-james-frontend/src/app/auth/containers/login-page.component.spec.ts:62:16
    at ZoneDelegate.Object.&lt;anonymous&gt;.ZoneDelegate.invoke (/home/thomas/Documents/projects/knab-james-frontend/node_modules/zone.js/dist/zone-node.js:392:26)
    at ProxyZoneSpec.Object.&lt;anonymous&gt;.ProxyZoneSpec.onInvoke (/home/thomas/Documents/projects/knab-james-frontend/node_modules/zone.js/dist/proxy.js:79:39)
    at ZoneDelegate.Object.&lt;anonymous&gt;.ZoneDelegate.invoke (/home/thomas/Documents/projects/knab-james-frontend/node_modules/zone.js/dist/zone-node.js:391:32)
    at Zone.Object.&lt;anonymous&gt;.Zone.run (/home/thomas/Documents/projects/knab-james-frontend/node_modules/zone.js/dist/zone-node.js:142:43)
    at Object.testBody.length (/home/thomas/Documents/projects/knab-james-frontend/node_modules/jest-zone-patch/index.js:47:27)
    at Object.asyncFn (/home/thomas/Documents/projects/knab-james-frontend/node_modules/jest-jasmine2/build/jasmine_async.js:126:345)
    at resolve (/home/thomas/Documents/projects/knab-james-frontend/node_modules/jest-jasmine2/build/queue_runner.js:47:12)
    at new ZoneAwarePromise (/home/thomas/Documents/projects/knab-james-frontend/node_modules/zone.js/dist/zone-node.js:861:29)
    at mapper (/home/thomas/Documents/projects/knab-james-frontend/node_modules/jest-jasmine2/build/queue_runner.js:36:499)
    at promise.then (/home/thomas/Documents/projects/knab-james-frontend/node_modules/jest-jasmine2/build/queue_runner.js:75:39)
    at ZoneDelegate.Object.&lt;anonymous&gt;.ZoneDelegate.invoke (/home/thomas/Documents/projects/knab-james-frontend/node_modules/zone.js/dist/zone-node.js:392:26)
    at Zone.Object.&lt;anonymous&gt;.Zone.run (/home/thomas/Documents/projects/knab-james-frontend/node_modules/zone.js/dist/zone-node.js:142:43)
    at /home/thomas/Documents/projects/knab-james-frontend/node_modules/zone.js/dist/zone-node.js:844:57
    at ZoneDelegate.Object.&lt;anonymous&gt;.ZoneDelegate.invokeTask (/home/thomas/Documents/projects/knab-james-frontend/node_modules/zone.js/dist/zone-node.js:425:31)
    at Zone.Object.&lt;anonymous&gt;.Zone.runTask (/home/thomas/Documents/projects/knab-james-frontend/node_modules/zone.js/dist/zone-node.js:192:47)
    at drainMicroTaskQueue (/home/thomas/Documents/projects/knab-james-frontend/node_modules/zone.js/dist/zone-node.js:602:35)
    at process._tickCallback (internal/process/next_tick.js:109:7)</failure>
    </testcase>
    <testcase classname="Component: Login email invalid when empty" name="Component: Login email invalid when empty" time="0.053">
      <failure>Error: Failed: SyntaxError
    at stackFormatter (/home/thomas/Documents/projects/knab-james-frontend/node_modules/jest-jasmine2/build/expectation_result_factory.js:51:427)
    at expectationResultFactory (/home/thomas/Documents/projects/knab-james-frontend/node_modules/jest-jasmine2/build/expectation_result_factory.js:51:591)
    at Spec.Object.&lt;anonymous&gt;.Spec.addExpectationResult (/home/thomas/Documents/projects/knab-james-frontend/node_modules/jest-jasmine2/build/jasmine/Spec.js:74:70)
    at Env.fail (/home/thomas/Documents/projects/knab-james-frontend/node_modules/jest-jasmine2/build/jasmine/Env.js:511:25)
    at Function.next.fail (/home/thomas/Documents/projects/knab-james-frontend/node_modules/jest-jasmine2/build/queue_runner.js:43:22)
    at /home/thomas/Documents/projects/knab-james-frontend/node_modules/@angular/core/bundles/core-testing.umd.js:85:26
    at /home/thomas/Documents/projects/knab-james-frontend/node_modules/@angular/core/bundles/core-testing.umd.js:136:17
    at ZoneDelegate.Object.&lt;anonymous&gt;.ZoneDelegate.invoke (/home/thomas/Documents/projects/knab-james-frontend/node_modules/zone.js/dist/zone-node.js:392:26)
    at AsyncTestZoneSpec.Object.&lt;anonymous&gt;.AsyncTestZoneSpec.onInvoke (/home/thomas/Documents/projects/knab-james-frontend/node_modules/zone.js/dist/async-test.js:49:39)
    at ProxyZoneSpec.Object.&lt;anonymous&gt;.ProxyZoneSpec.onInvoke (/home/thomas/Documents/projects/knab-james-frontend/node_modules/zone.js/dist/proxy.js:76:39)
    at ZoneDelegate.Object.&lt;anonymous&gt;.ZoneDelegate.invoke (/home/thomas/Documents/projects/knab-james-frontend/node_modules/zone.js/dist/zone-node.js:391:32)
    at Zone.Object.&lt;anonymous&gt;.Zone.run (/home/thomas/Documents/projects/knab-james-frontend/node_modules/zone.js/dist/zone-node.js:142:43)
    at AsyncTestZoneSpec._failCallback (/home/thomas/Documents/projects/knab-james-frontend/packages/core/testing/src/async.ts:111:15)
    at AsyncTestZoneSpec.Object.&lt;anonymous&gt;.AsyncTestZoneSpec.onHandleError (/home/thomas/Documents/projects/knab-james-frontend/node_modules/zone.js/dist/async-test.js:59:18)
    at ProxyZoneSpec.Object.&lt;anonymous&gt;.ProxyZoneSpec.onHandleError (/home/thomas/Documents/projects/knab-james-frontend/node_modules/zone.js/dist/proxy.js:84:39)
    at ZoneDelegate.Object.&lt;anonymous&gt;.ZoneDelegate.handleError (/home/thomas/Documents/projects/knab-james-frontend/node_modules/zone.js/dist/zone-node.js:396:37)
    at Zone.Object.&lt;anonymous&gt;.Zone.runGuarded (/home/thomas/Documents/projects/knab-james-frontend/node_modules/zone.js/dist/zone-node.js:158:44)
    at runInTestZone (/home/thomas/Documents/projects/knab-james-frontend/node_modules/@angular/core/bundles/core-testing.umd.js:141:25)
    at /home/thomas/Documents/projects/knab-james-frontend/node_modules/@angular/core/bundles/core-testing.umd.js:80:13
    at ZoneDelegate.Object.&lt;anonymous&gt;.ZoneDelegate.invoke (/home/thomas/Documents/projects/knab-james-frontend/node_modules/zone.js/dist/zone-node.js:392:26)
    at ProxyZoneSpec.Object.&lt;anonymous&gt;.ProxyZoneSpec.onInvoke (/home/thomas/Documents/projects/knab-james-frontend/node_modules/zone.js/dist/proxy.js:79:39)
    at ZoneDelegate.Object.&lt;anonymous&gt;.ZoneDelegate.invoke (/home/thomas/Documents/projects/knab-james-frontend/node_modules/zone.js/dist/zone-node.js:391:32)
    at Zone.Object.&lt;anonymous&gt;.Zone.run (/home/thomas/Documents/projects/knab-james-frontend/node_modules/zone.js/dist/zone-node.js:142:43)
    at Object.testBody.length.done (/home/thomas/Documents/projects/knab-james-frontend/node_modules/jest-zone-patch/index.js:48:29)
    at resolve (/home/thomas/Documents/projects/knab-james-frontend/node_modules/jest-jasmine2/build/queue_runner.js:47:12)
    at new ZoneAwarePromise (/home/thomas/Documents/projects/knab-james-frontend/node_modules/zone.js/dist/zone-node.js:861:29)
    at mapper (/home/thomas/Documents/projects/knab-james-frontend/node_modules/jest-jasmine2/build/queue_runner.js:36:499)
    at promise.then (/home/thomas/Documents/projects/knab-james-frontend/node_modules/jest-jasmine2/build/queue_runner.js:75:39)
    at ZoneDelegate.Object.&lt;anonymous&gt;.ZoneDelegate.invoke (/home/thomas/Documents/projects/knab-james-frontend/node_modules/zone.js/dist/zone-node.js:392:26)
    at Zone.Object.&lt;anonymous&gt;.Zone.run (/home/thomas/Documents/projects/knab-james-frontend/node_modules/zone.js/dist/zone-node.js:142:43)
    at /home/thomas/Documents/projects/knab-james-frontend/node_modules/zone.js/dist/zone-node.js:844:57
    at ZoneDelegate.Object.&lt;anonymous&gt;.ZoneDelegate.invokeTask (/home/thomas/Documents/projects/knab-james-frontend/node_modules/zone.js/dist/zone-node.js:425:31)
    at Zone.Object.&lt;anonymous&gt;.Zone.runTask (/home/thomas/Documents/projects/knab-james-frontend/node_modules/zone.js/dist/zone-node.js:192:47)
    at drainMicroTaskQueue (/home/thomas/Documents/projects/knab-james-frontend/node_modules/zone.js/dist/zone-node.js:602:35)
    at process._tickCallback (internal/process/next_tick.js:109:7)</failure>
      <failure>SyntaxError
    at XMLHttpRequest.open (/home/thomas/Documents/projects/knab-james-frontend/node_modules/jsdom/lib/jsdom/living/xmlhttprequest.js:486:15)
    at ResourceLoaderImpl.Object.&lt;anonymous&gt;.ResourceLoaderImpl.get (/home/thomas/Documents/projects/knab-james-frontend/node_modules/@angular/platform-browser-dynamic/bundles/platform-browser-dynamic.umd.js:63:13)
    at DirectiveNormalizer.Object.&lt;anonymous&gt;.DirectiveNormalizer._fetch (/home/thomas/Documents/projects/knab-james-frontend/node_modules/@angular/compiler/bundles/compiler.umd.js:14104:43)
    at DirectiveNormalizer.Object.&lt;anonymous&gt;.DirectiveNormalizer.normalizeTemplateOnly (/home/thomas/Documents/projects/knab-james-frontend/node_modules/@angular/compiler/bundles/compiler.umd.js:14147:29)
    at DirectiveNormalizer.Object.&lt;anonymous&gt;.DirectiveNormalizer.normalizeTemplate (/home/thomas/Documents/projects/knab-james-frontend/node_modules/@angular/compiler/bundles/compiler.umd.js:14131:36)
    at CompileMetadataResolver.Object.&lt;anonymous&gt;.CompileMetadataResolver.loadDirectiveMetadata (/home/thomas/Documents/projects/knab-james-frontend/node_modules/@angular/compiler/bundles/compiler.umd.js:15160:75)
    at /home/thomas/Documents/projects/knab-james-frontend/node_modules/@angular/compiler/bundles/compiler.umd.js:26837:72
    at Array.forEach (native)
    at /home/thomas/Documents/projects/knab-james-frontend/node_modules/@angular/compiler/bundles/compiler.umd.js:26836:72
    at Array.forEach (native)</failure>
      <failure>TypeError: Cannot read property &apos;form&apos; of undefined
    at /home/thomas/Documents/projects/knab-james-frontend/src/app/auth/containers/login-page.component.spec.ts:69:16
    at ZoneDelegate.Object.&lt;anonymous&gt;.ZoneDelegate.invoke (/home/thomas/Documents/projects/knab-james-frontend/node_modules/zone.js/dist/zone-node.js:392:26)
    at ProxyZoneSpec.Object.&lt;anonymous&gt;.ProxyZoneSpec.onInvoke (/home/thomas/Documents/projects/knab-james-frontend/node_modules/zone.js/dist/proxy.js:79:39)
    at ZoneDelegate.Object.&lt;anonymous&gt;.ZoneDelegate.invoke (/home/thomas/Documents/projects/knab-james-frontend/node_modules/zone.js/dist/zone-node.js:391:32)
    at Zone.Object.&lt;anonymous&gt;.Zone.run (/home/thomas/Documents/projects/knab-james-frontend/node_modules/zone.js/dist/zone-node.js:142:43)
    at Object.testBody.length (/home/thomas/Documents/projects/knab-james-frontend/node_modules/jest-zone-patch/index.js:47:27)
    at Object.asyncFn (/home/thomas/Documents/projects/knab-james-frontend/node_modules/jest-jasmine2/build/jasmine_async.js:126:345)
    at resolve (/home/thomas/Documents/projects/knab-james-frontend/node_modules/jest-jasmine2/build/queue_runner.js:47:12)
    at new ZoneAwarePromise (/home/thomas/Documents/projects/knab-james-frontend/node_modules/zone.js/dist/zone-node.js:861:29)
    at mapper (/home/thomas/Documents/projects/knab-james-frontend/node_modules/jest-jasmine2/build/queue_runner.js:36:499)
    at promise.then (/home/thomas/Documents/projects/knab-james-frontend/node_modules/jest-jasmine2/build/queue_runner.js:75:39)
    at ZoneDelegate.Object.&lt;anonymous&gt;.ZoneDelegate.invoke (/home/thomas/Documents/projects/knab-james-frontend/node_modules/zone.js/dist/zone-node.js:392:26)
    at Zone.Object.&lt;anonymous&gt;.Zone.run (/home/thomas/Documents/projects/knab-james-frontend/node_modules/zone.js/dist/zone-node.js:142:43)
    at /home/thomas/Documents/projects/knab-james-frontend/node_modules/zone.js/dist/zone-node.js:844:57
    at ZoneDelegate.Object.&lt;anonymous&gt;.ZoneDelegate.invokeTask (/home/thomas/Documents/projects/knab-james-frontend/node_modules/zone.js/dist/zone-node.js:425:31)
    at Zone.Object.&lt;anonymous&gt;.Zone.runTask (/home/thomas/Documents/projects/knab-james-frontend/node_modules/zone.js/dist/zone-node.js:192:47)
    at drainMicroTaskQueue (/home/thomas/Documents/projects/knab-james-frontend/node_modules/zone.js/dist/zone-node.js:602:35)
    at process._tickCallback (internal/process/next_tick.js:109:7)</failure>
    </testcase>
    <testcase classname="Component: Login password invalid when empty" name="Component: Login password invalid when empty" time="0.055">
      <failure>Error: Failed: SyntaxError
    at stackFormatter (/home/thomas/Documents/projects/knab-james-frontend/node_modules/jest-jasmine2/build/expectation_result_factory.js:51:427)
    at expectationResultFactory (/home/thomas/Documents/projects/knab-james-frontend/node_modules/jest-jasmine2/build/expectation_result_factory.js:51:591)
    at Spec.Object.&lt;anonymous&gt;.Spec.addExpectationResult (/home/thomas/Documents/projects/knab-james-frontend/node_modules/jest-jasmine2/build/jasmine/Spec.js:74:70)
    at Env.fail (/home/thomas/Documents/projects/knab-james-frontend/node_modules/jest-jasmine2/build/jasmine/Env.js:511:25)
    at Function.next.fail (/home/thomas/Documents/projects/knab-james-frontend/node_modules/jest-jasmine2/build/queue_runner.js:43:22)
    at /home/thomas/Documents/projects/knab-james-frontend/node_modules/@angular/core/bundles/core-testing.umd.js:85:26
    at /home/thomas/Documents/projects/knab-james-frontend/node_modules/@angular/core/bundles/core-testing.umd.js:136:17
    at ZoneDelegate.Object.&lt;anonymous&gt;.ZoneDelegate.invoke (/home/thomas/Documents/projects/knab-james-frontend/node_modules/zone.js/dist/zone-node.js:392:26)
    at AsyncTestZoneSpec.Object.&lt;anonymous&gt;.AsyncTestZoneSpec.onInvoke (/home/thomas/Documents/projects/knab-james-frontend/node_modules/zone.js/dist/async-test.js:49:39)
    at ProxyZoneSpec.Object.&lt;anonymous&gt;.ProxyZoneSpec.onInvoke (/home/thomas/Documents/projects/knab-james-frontend/node_modules/zone.js/dist/proxy.js:76:39)
    at ZoneDelegate.Object.&lt;anonymous&gt;.ZoneDelegate.invoke (/home/thomas/Documents/projects/knab-james-frontend/node_modules/zone.js/dist/zone-node.js:391:32)
    at Zone.Object.&lt;anonymous&gt;.Zone.run (/home/thomas/Documents/projects/knab-james-frontend/node_modules/zone.js/dist/zone-node.js:142:43)
    at AsyncTestZoneSpec._failCallback (/home/thomas/Documents/projects/knab-james-frontend/packages/core/testing/src/async.ts:111:15)
    at AsyncTestZoneSpec.Object.&lt;anonymous&gt;.AsyncTestZoneSpec.onHandleError (/home/thomas/Documents/projects/knab-james-frontend/node_modules/zone.js/dist/async-test.js:59:18)
    at ProxyZoneSpec.Object.&lt;anonymous&gt;.ProxyZoneSpec.onHandleError (/home/thomas/Documents/projects/knab-james-frontend/node_modules/zone.js/dist/proxy.js:84:39)
    at ZoneDelegate.Object.&lt;anonymous&gt;.ZoneDelegate.handleError (/home/thomas/Documents/projects/knab-james-frontend/node_modules/zone.js/dist/zone-node.js:396:37)
    at Zone.Object.&lt;anonymous&gt;.Zone.runGuarded (/home/thomas/Documents/projects/knab-james-frontend/node_modules/zone.js/dist/zone-node.js:158:44)
    at runInTestZone (/home/thomas/Documents/projects/knab-james-frontend/node_modules/@angular/core/bundles/core-testing.umd.js:141:25)
    at /home/thomas/Documents/projects/knab-james-frontend/node_modules/@angular/core/bundles/core-testing.umd.js:80:13
    at ZoneDelegate.Object.&lt;anonymous&gt;.ZoneDelegate.invoke (/home/thomas/Documents/projects/knab-james-frontend/node_modules/zone.js/dist/zone-node.js:392:26)
    at ProxyZoneSpec.Object.&lt;anonymous&gt;.ProxyZoneSpec.onInvoke (/home/thomas/Documents/projects/knab-james-frontend/node_modules/zone.js/dist/proxy.js:79:39)
    at ZoneDelegate.Object.&lt;anonymous&gt;.ZoneDelegate.invoke (/home/thomas/Documents/projects/knab-james-frontend/node_modules/zone.js/dist/zone-node.js:391:32)
    at Zone.Object.&lt;anonymous&gt;.Zone.run (/home/thomas/Documents/projects/knab-james-frontend/node_modules/zone.js/dist/zone-node.js:142:43)
    at Object.testBody.length.done (/home/thomas/Documents/projects/knab-james-frontend/node_modules/jest-zone-patch/index.js:48:29)
    at resolve (/home/thomas/Documents/projects/knab-james-frontend/node_modules/jest-jasmine2/build/queue_runner.js:47:12)
    at new ZoneAwarePromise (/home/thomas/Documents/projects/knab-james-frontend/node_modules/zone.js/dist/zone-node.js:861:29)
    at mapper (/home/thomas/Documents/projects/knab-james-frontend/node_modules/jest-jasmine2/build/queue_runner.js:36:499)
    at promise.then (/home/thomas/Documents/projects/knab-james-frontend/node_modules/jest-jasmine2/build/queue_runner.js:75:39)
    at ZoneDelegate.Object.&lt;anonymous&gt;.ZoneDelegate.invoke (/home/thomas/Documents/projects/knab-james-frontend/node_modules/zone.js/dist/zone-node.js:392:26)
    at Zone.Object.&lt;anonymous&gt;.Zone.run (/home/thomas/Documents/projects/knab-james-frontend/node_modules/zone.js/dist/zone-node.js:142:43)
    at /home/thomas/Documents/projects/knab-james-frontend/node_modules/zone.js/dist/zone-node.js:844:57
    at ZoneDelegate.Object.&lt;anonymous&gt;.ZoneDelegate.invokeTask (/home/thomas/Documents/projects/knab-james-frontend/node_modules/zone.js/dist/zone-node.js:425:31)
    at Zone.Object.&lt;anonymous&gt;.Zone.runTask (/home/thomas/Documents/projects/knab-james-frontend/node_modules/zone.js/dist/zone-node.js:192:47)
    at drainMicroTaskQueue (/home/thomas/Documents/projects/knab-james-frontend/node_modules/zone.js/dist/zone-node.js:602:35)
    at process._tickCallback (internal/process/next_tick.js:109:7)</failure>
      <failure>SyntaxError
    at XMLHttpRequest.open (/home/thomas/Documents/projects/knab-james-frontend/node_modules/jsdom/lib/jsdom/living/xmlhttprequest.js:486:15)
    at ResourceLoaderImpl.Object.&lt;anonymous&gt;.ResourceLoaderImpl.get (/home/thomas/Documents/projects/knab-james-frontend/node_modules/@angular/platform-browser-dynamic/bundles/platform-browser-dynamic.umd.js:63:13)
    at DirectiveNormalizer.Object.&lt;anonymous&gt;.DirectiveNormalizer._fetch (/home/thomas/Documents/projects/knab-james-frontend/node_modules/@angular/compiler/bundles/compiler.umd.js:14104:43)
    at DirectiveNormalizer.Object.&lt;anonymous&gt;.DirectiveNormalizer.normalizeTemplateOnly (/home/thomas/Documents/projects/knab-james-frontend/node_modules/@angular/compiler/bundles/compiler.umd.js:14147:29)
    at DirectiveNormalizer.Object.&lt;anonymous&gt;.DirectiveNormalizer.normalizeTemplate (/home/thomas/Documents/projects/knab-james-frontend/node_modules/@angular/compiler/bundles/compiler.umd.js:14131:36)
    at CompileMetadataResolver.Object.&lt;anonymous&gt;.CompileMetadataResolver.loadDirectiveMetadata (/home/thomas/Documents/projects/knab-james-frontend/node_modules/@angular/compiler/bundles/compiler.umd.js:15160:75)
    at /home/thomas/Documents/projects/knab-james-frontend/node_modules/@angular/compiler/bundles/compiler.umd.js:26837:72
    at Array.forEach (native)
    at /home/thomas/Documents/projects/knab-james-frontend/node_modules/@angular/compiler/bundles/compiler.umd.js:26836:72
    at Array.forEach (native)</failure>
      <failure>TypeError: Cannot read property &apos;form&apos; of undefined
    at /home/thomas/Documents/projects/knab-james-frontend/src/app/auth/containers/login-page.component.spec.ts:73:16
    at ZoneDelegate.Object.&lt;anonymous&gt;.ZoneDelegate.invoke (/home/thomas/Documents/projects/knab-james-frontend/node_modules/zone.js/dist/zone-node.js:392:26)
    at ProxyZoneSpec.Object.&lt;anonymous&gt;.ProxyZoneSpec.onInvoke (/home/thomas/Documents/projects/knab-james-frontend/node_modules/zone.js/dist/proxy.js:79:39)
    at ZoneDelegate.Object.&lt;anonymous&gt;.ZoneDelegate.invoke (/home/thomas/Documents/projects/knab-james-frontend/node_modules/zone.js/dist/zone-node.js:391:32)
    at Zone.Object.&lt;anonymous&gt;.Zone.run (/home/thomas/Documents/projects/knab-james-frontend/node_modules/zone.js/dist/zone-node.js:142:43)
    at Object.testBody.length (/home/thomas/Documents/projects/knab-james-frontend/node_modules/jest-zone-patch/index.js:47:27)
    at Object.asyncFn (/home/thomas/Documents/projects/knab-james-frontend/node_modules/jest-jasmine2/build/jasmine_async.js:126:345)
    at resolve (/home/thomas/Documents/projects/knab-james-frontend/node_modules/jest-jasmine2/build/queue_runner.js:47:12)
    at new ZoneAwarePromise (/home/thomas/Documents/projects/knab-james-frontend/node_modules/zone.js/dist/zone-node.js:861:29)
    at mapper (/home/thomas/Documents/projects/knab-james-frontend/node_modules/jest-jasmine2/build/queue_runner.js:36:499)
    at promise.then (/home/thomas/Documents/projects/knab-james-frontend/node_modules/jest-jasmine2/build/queue_runner.js:75:39)
    at ZoneDelegate.Object.&lt;anonymous&gt;.ZoneDelegate.invoke (/home/thomas/Documents/projects/knab-james-frontend/node_modules/zone.js/dist/zone-node.js:392:26)
    at Zone.Object.&lt;anonymous&gt;.Zone.run (/home/thomas/Documents/projects/knab-james-frontend/node_modules/zone.js/dist/zone-node.js:142:43)
    at /home/thomas/Documents/projects/knab-james-frontend/node_modules/zone.js/dist/zone-node.js:844:57
    at ZoneDelegate.Object.&lt;anonymous&gt;.ZoneDelegate.invokeTask (/home/thomas/Documents/projects/knab-james-frontend/node_modules/zone.js/dist/zone-node.js:425:31)
    at Zone.Object.&lt;anonymous&gt;.Zone.runTask (/home/thomas/Documents/projects/knab-james-frontend/node_modules/zone.js/dist/zone-node.js:192:47)
    at drainMicroTaskQueue (/home/thomas/Documents/projects/knab-james-frontend/node_modules/zone.js/dist/zone-node.js:602:35)
    at process._tickCallback (internal/process/next_tick.js:109:7)</failure>
    </testcase>
    <testcase classname="Component: Login should display error message on wrong email syntax" name="Component: Login should display error message on wrong email syntax" time="0.029">
      <failure>Error: Failed: SyntaxError
    at stackFormatter (/home/thomas/Documents/projects/knab-james-frontend/node_modules/jest-jasmine2/build/expectation_result_factory.js:51:427)
    at expectationResultFactory (/home/thomas/Documents/projects/knab-james-frontend/node_modules/jest-jasmine2/build/expectation_result_factory.js:51:591)
    at Spec.Object.&lt;anonymous&gt;.Spec.addExpectationResult (/home/thomas/Documents/projects/knab-james-frontend/node_modules/jest-jasmine2/build/jasmine/Spec.js:74:70)
    at Env.fail (/home/thomas/Documents/projects/knab-james-frontend/node_modules/jest-jasmine2/build/jasmine/Env.js:511:25)
    at Function.next.fail (/home/thomas/Documents/projects/knab-james-frontend/node_modules/jest-jasmine2/build/queue_runner.js:43:22)
    at /home/thomas/Documents/projects/knab-james-frontend/node_modules/@angular/core/bundles/core-testing.umd.js:85:26
    at /home/thomas/Documents/projects/knab-james-frontend/node_modules/@angular/core/bundles/core-testing.umd.js:136:17
    at ZoneDelegate.Object.&lt;anonymous&gt;.ZoneDelegate.invoke (/home/thomas/Documents/projects/knab-james-frontend/node_modules/zone.js/dist/zone-node.js:392:26)
    at AsyncTestZoneSpec.Object.&lt;anonymous&gt;.AsyncTestZoneSpec.onInvoke (/home/thomas/Documents/projects/knab-james-frontend/node_modules/zone.js/dist/async-test.js:49:39)
    at ProxyZoneSpec.Object.&lt;anonymous&gt;.ProxyZoneSpec.onInvoke (/home/thomas/Documents/projects/knab-james-frontend/node_modules/zone.js/dist/proxy.js:76:39)
    at ZoneDelegate.Object.&lt;anonymous&gt;.ZoneDelegate.invoke (/home/thomas/Documents/projects/knab-james-frontend/node_modules/zone.js/dist/zone-node.js:391:32)
    at Zone.Object.&lt;anonymous&gt;.Zone.run (/home/thomas/Documents/projects/knab-james-frontend/node_modules/zone.js/dist/zone-node.js:142:43)
    at AsyncTestZoneSpec._failCallback (/home/thomas/Documents/projects/knab-james-frontend/packages/core/testing/src/async.ts:111:15)
    at AsyncTestZoneSpec.Object.&lt;anonymous&gt;.AsyncTestZoneSpec.onHandleError (/home/thomas/Documents/projects/knab-james-frontend/node_modules/zone.js/dist/async-test.js:59:18)
    at ProxyZoneSpec.Object.&lt;anonymous&gt;.ProxyZoneSpec.onHandleError (/home/thomas/Documents/projects/knab-james-frontend/node_modules/zone.js/dist/proxy.js:84:39)
    at ZoneDelegate.Object.&lt;anonymous&gt;.ZoneDelegate.handleError (/home/thomas/Documents/projects/knab-james-frontend/node_modules/zone.js/dist/zone-node.js:396:37)
    at Zone.Object.&lt;anonymous&gt;.Zone.runGuarded (/home/thomas/Documents/projects/knab-james-frontend/node_modules/zone.js/dist/zone-node.js:158:44)
    at runInTestZone (/home/thomas/Documents/projects/knab-james-frontend/node_modules/@angular/core/bundles/core-testing.umd.js:141:25)
    at /home/thomas/Documents/projects/knab-james-frontend/node_modules/@angular/core/bundles/core-testing.umd.js:80:13
    at ZoneDelegate.Object.&lt;anonymous&gt;.ZoneDelegate.invoke (/home/thomas/Documents/projects/knab-james-frontend/node_modules/zone.js/dist/zone-node.js:392:26)
    at ProxyZoneSpec.Object.&lt;anonymous&gt;.ProxyZoneSpec.onInvoke (/home/thomas/Documents/projects/knab-james-frontend/node_modules/zone.js/dist/proxy.js:79:39)
    at ZoneDelegate.Object.&lt;anonymous&gt;.ZoneDelegate.invoke (/home/thomas/Documents/projects/knab-james-frontend/node_modules/zone.js/dist/zone-node.js:391:32)
    at Zone.Object.&lt;anonymous&gt;.Zone.run (/home/thomas/Documents/projects/knab-james-frontend/node_modules/zone.js/dist/zone-node.js:142:43)
    at Object.testBody.length.done (/home/thomas/Documents/projects/knab-james-frontend/node_modules/jest-zone-patch/index.js:48:29)
    at resolve (/home/thomas/Documents/projects/knab-james-frontend/node_modules/jest-jasmine2/build/queue_runner.js:47:12)
    at new ZoneAwarePromise (/home/thomas/Documents/projects/knab-james-frontend/node_modules/zone.js/dist/zone-node.js:861:29)
    at mapper (/home/thomas/Documents/projects/knab-james-frontend/node_modules/jest-jasmine2/build/queue_runner.js:36:499)
    at promise.then (/home/thomas/Documents/projects/knab-james-frontend/node_modules/jest-jasmine2/build/queue_runner.js:75:39)
    at ZoneDelegate.Object.&lt;anonymous&gt;.ZoneDelegate.invoke (/home/thomas/Documents/projects/knab-james-frontend/node_modules/zone.js/dist/zone-node.js:392:26)
    at Zone.Object.&lt;anonymous&gt;.Zone.run (/home/thomas/Documents/projects/knab-james-frontend/node_modules/zone.js/dist/zone-node.js:142:43)
    at /home/thomas/Documents/projects/knab-james-frontend/node_modules/zone.js/dist/zone-node.js:844:57
    at ZoneDelegate.Object.&lt;anonymous&gt;.ZoneDelegate.invokeTask (/home/thomas/Documents/projects/knab-james-frontend/node_modules/zone.js/dist/zone-node.js:425:31)
    at Zone.Object.&lt;anonymous&gt;.Zone.runTask (/home/thomas/Documents/projects/knab-james-frontend/node_modules/zone.js/dist/zone-node.js:192:47)
    at drainMicroTaskQueue (/home/thomas/Documents/projects/knab-james-frontend/node_modules/zone.js/dist/zone-node.js:602:35)
    at process._tickCallback (internal/process/next_tick.js:109:7)</failure>
      <failure>SyntaxError
    at XMLHttpRequest.open (/home/thomas/Documents/projects/knab-james-frontend/node_modules/jsdom/lib/jsdom/living/xmlhttprequest.js:486:15)
    at ResourceLoaderImpl.Object.&lt;anonymous&gt;.ResourceLoaderImpl.get (/home/thomas/Documents/projects/knab-james-frontend/node_modules/@angular/platform-browser-dynamic/bundles/platform-browser-dynamic.umd.js:63:13)
    at DirectiveNormalizer.Object.&lt;anonymous&gt;.DirectiveNormalizer._fetch (/home/thomas/Documents/projects/knab-james-frontend/node_modules/@angular/compiler/bundles/compiler.umd.js:14104:43)
    at DirectiveNormalizer.Object.&lt;anonymous&gt;.DirectiveNormalizer.normalizeTemplateOnly (/home/thomas/Documents/projects/knab-james-frontend/node_modules/@angular/compiler/bundles/compiler.umd.js:14147:29)
    at DirectiveNormalizer.Object.&lt;anonymous&gt;.DirectiveNormalizer.normalizeTemplate (/home/thomas/Documents/projects/knab-james-frontend/node_modules/@angular/compiler/bundles/compiler.umd.js:14131:36)
    at CompileMetadataResolver.Object.&lt;anonymous&gt;.CompileMetadataResolver.loadDirectiveMetadata (/home/thomas/Documents/projects/knab-james-frontend/node_modules/@angular/compiler/bundles/compiler.umd.js:15160:75)
    at /home/thomas/Documents/projects/knab-james-frontend/node_modules/@angular/compiler/bundles/compiler.umd.js:26837:72
    at Array.forEach (native)
    at /home/thomas/Documents/projects/knab-james-frontend/node_modules/@angular/compiler/bundles/compiler.umd.js:26836:72
    at Array.forEach (native)</failure>
      <failure>TypeError: Cannot read property &apos;form&apos; of undefined
    at /home/thomas/Documents/projects/knab-james-frontend/src/app/auth/containers/login-page.component.spec.ts:77:23
    at ZoneDelegate.Object.&lt;anonymous&gt;.ZoneDelegate.invoke (/home/thomas/Documents/projects/knab-james-frontend/node_modules/zone.js/dist/zone-node.js:392:26)
    at ProxyZoneSpec.Object.&lt;anonymous&gt;.ProxyZoneSpec.onInvoke (/home/thomas/Documents/projects/knab-james-frontend/node_modules/zone.js/dist/proxy.js:79:39)
    at ZoneDelegate.Object.&lt;anonymous&gt;.ZoneDelegate.invoke (/home/thomas/Documents/projects/knab-james-frontend/node_modules/zone.js/dist/zone-node.js:391:32)
    at Zone.Object.&lt;anonymous&gt;.Zone.run (/home/thomas/Documents/projects/knab-james-frontend/node_modules/zone.js/dist/zone-node.js:142:43)
    at Object.testBody.length (/home/thomas/Documents/projects/knab-james-frontend/node_modules/jest-zone-patch/index.js:47:27)
    at Object.asyncFn (/home/thomas/Documents/projects/knab-james-frontend/node_modules/jest-jasmine2/build/jasmine_async.js:126:345)
    at resolve (/home/thomas/Documents/projects/knab-james-frontend/node_modules/jest-jasmine2/build/queue_runner.js:47:12)
    at new ZoneAwarePromise (/home/thomas/Documents/projects/knab-james-frontend/node_modules/zone.js/dist/zone-node.js:861:29)
    at mapper (/home/thomas/Documents/projects/knab-james-frontend/node_modules/jest-jasmine2/build/queue_runner.js:36:499)
    at promise.then (/home/thomas/Documents/projects/knab-james-frontend/node_modules/jest-jasmine2/build/queue_runner.js:75:39)
    at ZoneDelegate.Object.&lt;anonymous&gt;.ZoneDelegate.invoke (/home/thomas/Documents/projects/knab-james-frontend/node_modules/zone.js/dist/zone-node.js:392:26)
    at Zone.Object.&lt;anonymous&gt;.Zone.run (/home/thomas/Documents/projects/knab-james-frontend/node_modules/zone.js/dist/zone-node.js:142:43)
    at /home/thomas/Documents/projects/knab-james-frontend/node_modules/zone.js/dist/zone-node.js:844:57
    at ZoneDelegate.Object.&lt;anonymous&gt;.ZoneDelegate.invokeTask (/home/thomas/Documents/projects/knab-james-frontend/node_modules/zone.js/dist/zone-node.js:425:31)
    at Zone.Object.&lt;anonymous&gt;.Zone.runTask (/home/thomas/Documents/projects/knab-james-frontend/node_modules/zone.js/dist/zone-node.js:192:47)
    at drainMicroTaskQueue (/home/thomas/Documents/projects/knab-james-frontend/node_modules/zone.js/dist/zone-node.js:602:35)
    at process._tickCallback (internal/process/next_tick.js:109:7)</failure>
    </testcase>
    <testcase classname="Component: Login should have submit button enabled by default" name="Component: Login should have submit button enabled by default" time="0.045">
      <failure>Error: Failed: SyntaxError
    at stackFormatter (/home/thomas/Documents/projects/knab-james-frontend/node_modules/jest-jasmine2/build/expectation_result_factory.js:51:427)
    at expectationResultFactory (/home/thomas/Documents/projects/knab-james-frontend/node_modules/jest-jasmine2/build/expectation_result_factory.js:51:591)
    at Spec.Object.&lt;anonymous&gt;.Spec.addExpectationResult (/home/thomas/Documents/projects/knab-james-frontend/node_modules/jest-jasmine2/build/jasmine/Spec.js:74:70)
    at Env.fail (/home/thomas/Documents/projects/knab-james-frontend/node_modules/jest-jasmine2/build/jasmine/Env.js:511:25)
    at Function.next.fail (/home/thomas/Documents/projects/knab-james-frontend/node_modules/jest-jasmine2/build/queue_runner.js:43:22)
    at /home/thomas/Documents/projects/knab-james-frontend/node_modules/@angular/core/bundles/core-testing.umd.js:85:26
    at /home/thomas/Documents/projects/knab-james-frontend/node_modules/@angular/core/bundles/core-testing.umd.js:136:17
    at ZoneDelegate.Object.&lt;anonymous&gt;.ZoneDelegate.invoke (/home/thomas/Documents/projects/knab-james-frontend/node_modules/zone.js/dist/zone-node.js:392:26)
    at AsyncTestZoneSpec.Object.&lt;anonymous&gt;.AsyncTestZoneSpec.onInvoke (/home/thomas/Documents/projects/knab-james-frontend/node_modules/zone.js/dist/async-test.js:49:39)
    at ProxyZoneSpec.Object.&lt;anonymous&gt;.ProxyZoneSpec.onInvoke (/home/thomas/Documents/projects/knab-james-frontend/node_modules/zone.js/dist/proxy.js:76:39)
    at ZoneDelegate.Object.&lt;anonymous&gt;.ZoneDelegate.invoke (/home/thomas/Documents/projects/knab-james-frontend/node_modules/zone.js/dist/zone-node.js:391:32)
    at Zone.Object.&lt;anonymous&gt;.Zone.run (/home/thomas/Documents/projects/knab-james-frontend/node_modules/zone.js/dist/zone-node.js:142:43)
    at AsyncTestZoneSpec._failCallback (/home/thomas/Documents/projects/knab-james-frontend/packages/core/testing/src/async.ts:111:15)
    at AsyncTestZoneSpec.Object.&lt;anonymous&gt;.AsyncTestZoneSpec.onHandleError (/home/thomas/Documents/projects/knab-james-frontend/node_modules/zone.js/dist/async-test.js:59:18)
    at ProxyZoneSpec.Object.&lt;anonymous&gt;.ProxyZoneSpec.onHandleError (/home/thomas/Documents/projects/knab-james-frontend/node_modules/zone.js/dist/proxy.js:84:39)
    at ZoneDelegate.Object.&lt;anonymous&gt;.ZoneDelegate.handleError (/home/thomas/Documents/projects/knab-james-frontend/node_modules/zone.js/dist/zone-node.js:396:37)
    at Zone.Object.&lt;anonymous&gt;.Zone.runGuarded (/home/thomas/Documents/projects/knab-james-frontend/node_modules/zone.js/dist/zone-node.js:158:44)
    at runInTestZone (/home/thomas/Documents/projects/knab-james-frontend/node_modules/@angular/core/bundles/core-testing.umd.js:141:25)
    at /home/thomas/Documents/projects/knab-james-frontend/node_modules/@angular/core/bundles/core-testing.umd.js:80:13
    at ZoneDelegate.Object.&lt;anonymous&gt;.ZoneDelegate.invoke (/home/thomas/Documents/projects/knab-james-frontend/node_modules/zone.js/dist/zone-node.js:392:26)
    at ProxyZoneSpec.Object.&lt;anonymous&gt;.ProxyZoneSpec.onInvoke (/home/thomas/Documents/projects/knab-james-frontend/node_modules/zone.js/dist/proxy.js:79:39)
    at ZoneDelegate.Object.&lt;anonymous&gt;.ZoneDelegate.invoke (/home/thomas/Documents/projects/knab-james-frontend/node_modules/zone.js/dist/zone-node.js:391:32)
    at Zone.Object.&lt;anonymous&gt;.Zone.run (/home/thomas/Documents/projects/knab-james-frontend/node_modules/zone.js/dist/zone-node.js:142:43)
    at Object.testBody.length.done (/home/thomas/Documents/projects/knab-james-frontend/node_modules/jest-zone-patch/index.js:48:29)
    at resolve (/home/thomas/Documents/projects/knab-james-frontend/node_modules/jest-jasmine2/build/queue_runner.js:47:12)
    at new ZoneAwarePromise (/home/thomas/Documents/projects/knab-james-frontend/node_modules/zone.js/dist/zone-node.js:861:29)
    at mapper (/home/thomas/Documents/projects/knab-james-frontend/node_modules/jest-jasmine2/build/queue_runner.js:36:499)
    at promise.then (/home/thomas/Documents/projects/knab-james-frontend/node_modules/jest-jasmine2/build/queue_runner.js:75:39)
    at ZoneDelegate.Object.&lt;anonymous&gt;.ZoneDelegate.invoke (/home/thomas/Documents/projects/knab-james-frontend/node_modules/zone.js/dist/zone-node.js:392:26)
    at Zone.Object.&lt;anonymous&gt;.Zone.run (/home/thomas/Documents/projects/knab-james-frontend/node_modules/zone.js/dist/zone-node.js:142:43)
    at /home/thomas/Documents/projects/knab-james-frontend/node_modules/zone.js/dist/zone-node.js:844:57
    at ZoneDelegate.Object.&lt;anonymous&gt;.ZoneDelegate.invokeTask (/home/thomas/Documents/projects/knab-james-frontend/node_modules/zone.js/dist/zone-node.js:425:31)
    at Zone.Object.&lt;anonymous&gt;.Zone.runTask (/home/thomas/Documents/projects/knab-james-frontend/node_modules/zone.js/dist/zone-node.js:192:47)
    at drainMicroTaskQueue (/home/thomas/Documents/projects/knab-james-frontend/node_modules/zone.js/dist/zone-node.js:602:35)
    at process._tickCallback (internal/process/next_tick.js:109:7)</failure>
      <failure>SyntaxError
    at XMLHttpRequest.open (/home/thomas/Documents/projects/knab-james-frontend/node_modules/jsdom/lib/jsdom/living/xmlhttprequest.js:486:15)
    at ResourceLoaderImpl.Object.&lt;anonymous&gt;.ResourceLoaderImpl.get (/home/thomas/Documents/projects/knab-james-frontend/node_modules/@angular/platform-browser-dynamic/bundles/platform-browser-dynamic.umd.js:63:13)
    at DirectiveNormalizer.Object.&lt;anonymous&gt;.DirectiveNormalizer._fetch (/home/thomas/Documents/projects/knab-james-frontend/node_modules/@angular/compiler/bundles/compiler.umd.js:14104:43)
    at DirectiveNormalizer.Object.&lt;anonymous&gt;.DirectiveNormalizer.normalizeTemplateOnly (/home/thomas/Documents/projects/knab-james-frontend/node_modules/@angular/compiler/bundles/compiler.umd.js:14147:29)
    at DirectiveNormalizer.Object.&lt;anonymous&gt;.DirectiveNormalizer.normalizeTemplate (/home/thomas/Documents/projects/knab-james-frontend/node_modules/@angular/compiler/bundles/compiler.umd.js:14131:36)
    at CompileMetadataResolver.Object.&lt;anonymous&gt;.CompileMetadataResolver.loadDirectiveMetadata (/home/thomas/Documents/projects/knab-james-frontend/node_modules/@angular/compiler/bundles/compiler.umd.js:15160:75)
    at /home/thomas/Documents/projects/knab-james-frontend/node_modules/@angular/compiler/bundles/compiler.umd.js:26837:72
    at Array.forEach (native)
    at /home/thomas/Documents/projects/knab-james-frontend/node_modules/@angular/compiler/bundles/compiler.umd.js:26836:72
    at Array.forEach (native)</failure>
      <failure>TypeError: Cannot read property &apos;debugElement&apos; of undefined
    at /home/thomas/Documents/projects/knab-james-frontend/src/app/auth/containers/login-page.component.spec.ts:84:27
    at ZoneDelegate.Object.&lt;anonymous&gt;.ZoneDelegate.invoke (/home/thomas/Documents/projects/knab-james-frontend/node_modules/zone.js/dist/zone-node.js:392:26)
    at ProxyZoneSpec.Object.&lt;anonymous&gt;.ProxyZoneSpec.onInvoke (/home/thomas/Documents/projects/knab-james-frontend/node_modules/zone.js/dist/proxy.js:79:39)
    at ZoneDelegate.Object.&lt;anonymous&gt;.ZoneDelegate.invoke (/home/thomas/Documents/projects/knab-james-frontend/node_modules/zone.js/dist/zone-node.js:391:32)
    at Zone.Object.&lt;anonymous&gt;.Zone.run (/home/thomas/Documents/projects/knab-james-frontend/node_modules/zone.js/dist/zone-node.js:142:43)
    at Object.testBody.length (/home/thomas/Documents/projects/knab-james-frontend/node_modules/jest-zone-patch/index.js:47:27)
    at Object.asyncFn (/home/thomas/Documents/projects/knab-james-frontend/node_modules/jest-jasmine2/build/jasmine_async.js:126:345)
    at resolve (/home/thomas/Documents/projects/knab-james-frontend/node_modules/jest-jasmine2/build/queue_runner.js:47:12)
    at new ZoneAwarePromise (/home/thomas/Documents/projects/knab-james-frontend/node_modules/zone.js/dist/zone-node.js:861:29)
    at mapper (/home/thomas/Documents/projects/knab-james-frontend/node_modules/jest-jasmine2/build/queue_runner.js:36:499)
    at promise.then (/home/thomas/Documents/projects/knab-james-frontend/node_modules/jest-jasmine2/build/queue_runner.js:75:39)
    at ZoneDelegate.Object.&lt;anonymous&gt;.ZoneDelegate.invoke (/home/thomas/Documents/projects/knab-james-frontend/node_modules/zone.js/dist/zone-node.js:392:26)
    at Zone.Object.&lt;anonymous&gt;.Zone.run (/home/thomas/Documents/projects/knab-james-frontend/node_modules/zone.js/dist/zone-node.js:142:43)
    at /home/thomas/Documents/projects/knab-james-frontend/node_modules/zone.js/dist/zone-node.js:844:57
    at ZoneDelegate.Object.&lt;anonymous&gt;.ZoneDelegate.invokeTask (/home/thomas/Documents/projects/knab-james-frontend/node_modules/zone.js/dist/zone-node.js:425:31)
    at Zone.Object.&lt;anonymous&gt;.Zone.runTask (/home/thomas/Documents/projects/knab-james-frontend/node_modules/zone.js/dist/zone-node.js:192:47)
    at drainMicroTaskQueue (/home/thomas/Documents/projects/knab-james-frontend/node_modules/zone.js/dist/zone-node.js:602:35)
    at process._tickCallback (internal/process/next_tick.js:109:7)</failure>
    </testcase>
    <testcase classname="Component: Login should display a login error" name="Component: Login should display a login error" time="0.043">
      <failure>Error: Failed: SyntaxError
    at stackFormatter (/home/thomas/Documents/projects/knab-james-frontend/node_modules/jest-jasmine2/build/expectation_result_factory.js:51:427)
    at expectationResultFactory (/home/thomas/Documents/projects/knab-james-frontend/node_modules/jest-jasmine2/build/expectation_result_factory.js:51:591)
    at Spec.Object.&lt;anonymous&gt;.Spec.addExpectationResult (/home/thomas/Documents/projects/knab-james-frontend/node_modules/jest-jasmine2/build/jasmine/Spec.js:74:70)
    at Env.fail (/home/thomas/Documents/projects/knab-james-frontend/node_modules/jest-jasmine2/build/jasmine/Env.js:511:25)
    at Function.next.fail (/home/thomas/Documents/projects/knab-james-frontend/node_modules/jest-jasmine2/build/queue_runner.js:43:22)
    at /home/thomas/Documents/projects/knab-james-frontend/node_modules/@angular/core/bundles/core-testing.umd.js:85:26
    at /home/thomas/Documents/projects/knab-james-frontend/node_modules/@angular/core/bundles/core-testing.umd.js:136:17
    at ZoneDelegate.Object.&lt;anonymous&gt;.ZoneDelegate.invoke (/home/thomas/Documents/projects/knab-james-frontend/node_modules/zone.js/dist/zone-node.js:392:26)
    at AsyncTestZoneSpec.Object.&lt;anonymous&gt;.AsyncTestZoneSpec.onInvoke (/home/thomas/Documents/projects/knab-james-frontend/node_modules/zone.js/dist/async-test.js:49:39)
    at ProxyZoneSpec.Object.&lt;anonymous&gt;.ProxyZoneSpec.onInvoke (/home/thomas/Documents/projects/knab-james-frontend/node_modules/zone.js/dist/proxy.js:76:39)
    at ZoneDelegate.Object.&lt;anonymous&gt;.ZoneDelegate.invoke (/home/thomas/Documents/projects/knab-james-frontend/node_modules/zone.js/dist/zone-node.js:391:32)
    at Zone.Object.&lt;anonymous&gt;.Zone.run (/home/thomas/Documents/projects/knab-james-frontend/node_modules/zone.js/dist/zone-node.js:142:43)
    at AsyncTestZoneSpec._failCallback (/home/thomas/Documents/projects/knab-james-frontend/packages/core/testing/src/async.ts:111:15)
    at AsyncTestZoneSpec.Object.&lt;anonymous&gt;.AsyncTestZoneSpec.onHandleError (/home/thomas/Documents/projects/knab-james-frontend/node_modules/zone.js/dist/async-test.js:59:18)
    at ProxyZoneSpec.Object.&lt;anonymous&gt;.ProxyZoneSpec.onHandleError (/home/thomas/Documents/projects/knab-james-frontend/node_modules/zone.js/dist/proxy.js:84:39)
    at ZoneDelegate.Object.&lt;anonymous&gt;.ZoneDelegate.handleError (/home/thomas/Documents/projects/knab-james-frontend/node_modules/zone.js/dist/zone-node.js:396:37)
    at Zone.Object.&lt;anonymous&gt;.Zone.runGuarded (/home/thomas/Documents/projects/knab-james-frontend/node_modules/zone.js/dist/zone-node.js:158:44)
    at runInTestZone (/home/thomas/Documents/projects/knab-james-frontend/node_modules/@angular/core/bundles/core-testing.umd.js:141:25)
    at /home/thomas/Documents/projects/knab-james-frontend/node_modules/@angular/core/bundles/core-testing.umd.js:80:13
    at ZoneDelegate.Object.&lt;anonymous&gt;.ZoneDelegate.invoke (/home/thomas/Documents/projects/knab-james-frontend/node_modules/zone.js/dist/zone-node.js:392:26)
    at ProxyZoneSpec.Object.&lt;anonymous&gt;.ProxyZoneSpec.onInvoke (/home/thomas/Documents/projects/knab-james-frontend/node_modules/zone.js/dist/proxy.js:79:39)
    at ZoneDelegate.Object.&lt;anonymous&gt;.ZoneDelegate.invoke (/home/thomas/Documents/projects/knab-james-frontend/node_modules/zone.js/dist/zone-node.js:391:32)
    at Zone.Object.&lt;anonymous&gt;.Zone.run (/home/thomas/Documents/projects/knab-james-frontend/node_modules/zone.js/dist/zone-node.js:142:43)
    at Object.testBody.length.done (/home/thomas/Documents/projects/knab-james-frontend/node_modules/jest-zone-patch/index.js:48:29)
    at resolve (/home/thomas/Documents/projects/knab-james-frontend/node_modules/jest-jasmine2/build/queue_runner.js:47:12)
    at new ZoneAwarePromise (/home/thomas/Documents/projects/knab-james-frontend/node_modules/zone.js/dist/zone-node.js:861:29)
    at mapper (/home/thomas/Documents/projects/knab-james-frontend/node_modules/jest-jasmine2/build/queue_runner.js:36:499)
    at promise.then (/home/thomas/Documents/projects/knab-james-frontend/node_modules/jest-jasmine2/build/queue_runner.js:75:39)
    at ZoneDelegate.Object.&lt;anonymous&gt;.ZoneDelegate.invoke (/home/thomas/Documents/projects/knab-james-frontend/node_modules/zone.js/dist/zone-node.js:392:26)
    at Zone.Object.&lt;anonymous&gt;.Zone.run (/home/thomas/Documents/projects/knab-james-frontend/node_modules/zone.js/dist/zone-node.js:142:43)
    at /home/thomas/Documents/projects/knab-james-frontend/node_modules/zone.js/dist/zone-node.js:844:57
    at ZoneDelegate.Object.&lt;anonymous&gt;.ZoneDelegate.invokeTask (/home/thomas/Documents/projects/knab-james-frontend/node_modules/zone.js/dist/zone-node.js:425:31)
    at Zone.Object.&lt;anonymous&gt;.Zone.runTask (/home/thomas/Documents/projects/knab-james-frontend/node_modules/zone.js/dist/zone-node.js:192:47)
    at drainMicroTaskQueue (/home/thomas/Documents/projects/knab-james-frontend/node_modules/zone.js/dist/zone-node.js:602:35)
    at process._tickCallback (internal/process/next_tick.js:109:7)</failure>
      <failure>SyntaxError
    at XMLHttpRequest.open (/home/thomas/Documents/projects/knab-james-frontend/node_modules/jsdom/lib/jsdom/living/xmlhttprequest.js:486:15)
    at ResourceLoaderImpl.Object.&lt;anonymous&gt;.ResourceLoaderImpl.get (/home/thomas/Documents/projects/knab-james-frontend/node_modules/@angular/platform-browser-dynamic/bundles/platform-browser-dynamic.umd.js:63:13)
    at DirectiveNormalizer.Object.&lt;anonymous&gt;.DirectiveNormalizer._fetch (/home/thomas/Documents/projects/knab-james-frontend/node_modules/@angular/compiler/bundles/compiler.umd.js:14104:43)
    at DirectiveNormalizer.Object.&lt;anonymous&gt;.DirectiveNormalizer.normalizeTemplateOnly (/home/thomas/Documents/projects/knab-james-frontend/node_modules/@angular/compiler/bundles/compiler.umd.js:14147:29)
    at DirectiveNormalizer.Object.&lt;anonymous&gt;.DirectiveNormalizer.normalizeTemplate (/home/thomas/Documents/projects/knab-james-frontend/node_modules/@angular/compiler/bundles/compiler.umd.js:14131:36)
    at CompileMetadataResolver.Object.&lt;anonymous&gt;.CompileMetadataResolver.loadDirectiveMetadata (/home/thomas/Documents/projects/knab-james-frontend/node_modules/@angular/compiler/bundles/compiler.umd.js:15160:75)
    at /home/thomas/Documents/projects/knab-james-frontend/node_modules/@angular/compiler/bundles/compiler.umd.js:26837:72
    at Array.forEach (native)
    at /home/thomas/Documents/projects/knab-james-frontend/node_modules/@angular/compiler/bundles/compiler.umd.js:26836:72
    at Array.forEach (native)</failure>
      <failure>TypeError: Cannot set property &apos;errorMessage&apos; of undefined
    at /home/thomas/Documents/projects/knab-james-frontend/src/app/auth/containers/login-page.component.spec.ts:90:22
    at ZoneDelegate.Object.&lt;anonymous&gt;.ZoneDelegate.invoke (/home/thomas/Documents/projects/knab-james-frontend/node_modules/zone.js/dist/zone-node.js:392:26)
    at ProxyZoneSpec.Object.&lt;anonymous&gt;.ProxyZoneSpec.onInvoke (/home/thomas/Documents/projects/knab-james-frontend/node_modules/zone.js/dist/proxy.js:79:39)
    at ZoneDelegate.Object.&lt;anonymous&gt;.ZoneDelegate.invoke (/home/thomas/Documents/projects/knab-james-frontend/node_modules/zone.js/dist/zone-node.js:391:32)
    at Zone.Object.&lt;anonymous&gt;.Zone.run (/home/thomas/Documents/projects/knab-james-frontend/node_modules/zone.js/dist/zone-node.js:142:43)
    at Object.testBody.length (/home/thomas/Documents/projects/knab-james-frontend/node_modules/jest-zone-patch/index.js:47:27)
    at Object.asyncFn (/home/thomas/Documents/projects/knab-james-frontend/node_modules/jest-jasmine2/build/jasmine_async.js:126:345)
    at resolve (/home/thomas/Documents/projects/knab-james-frontend/node_modules/jest-jasmine2/build/queue_runner.js:47:12)
    at new ZoneAwarePromise (/home/thomas/Documents/projects/knab-james-frontend/node_modules/zone.js/dist/zone-node.js:861:29)
    at mapper (/home/thomas/Documents/projects/knab-james-frontend/node_modules/jest-jasmine2/build/queue_runner.js:36:499)
    at promise.then (/home/thomas/Documents/projects/knab-james-frontend/node_modules/jest-jasmine2/build/queue_runner.js:75:39)
    at ZoneDelegate.Object.&lt;anonymous&gt;.ZoneDelegate.invoke (/home/thomas/Documents/projects/knab-james-frontend/node_modules/zone.js/dist/zone-node.js:392:26)
    at Zone.Object.&lt;anonymous&gt;.Zone.run (/home/thomas/Documents/projects/knab-james-frontend/node_modules/zone.js/dist/zone-node.js:142:43)
    at /home/thomas/Documents/projects/knab-james-frontend/node_modules/zone.js/dist/zone-node.js:844:57
    at ZoneDelegate.Object.&lt;anonymous&gt;.ZoneDelegate.invokeTask (/home/thomas/Documents/projects/knab-james-frontend/node_modules/zone.js/dist/zone-node.js:425:31)
    at Zone.Object.&lt;anonymous&gt;.Zone.runTask (/home/thomas/Documents/projects/knab-james-frontend/node_modules/zone.js/dist/zone-node.js:192:47)
    at drainMicroTaskQueue (/home/thomas/Documents/projects/knab-james-frontend/node_modules/zone.js/dist/zone-node.js:602:35)
    at process._tickCallback (internal/process/next_tick.js:109:7)</failure>
    </testcase>
    <testcase classname="Component: Login should return a password reset link" name="Component: Login should return a password reset link" time="0.042">
      <failure>Error: Failed: SyntaxError
    at stackFormatter (/home/thomas/Documents/projects/knab-james-frontend/node_modules/jest-jasmine2/build/expectation_result_factory.js:51:427)
    at expectationResultFactory (/home/thomas/Documents/projects/knab-james-frontend/node_modules/jest-jasmine2/build/expectation_result_factory.js:51:591)
    at Spec.Object.&lt;anonymous&gt;.Spec.addExpectationResult (/home/thomas/Documents/projects/knab-james-frontend/node_modules/jest-jasmine2/build/jasmine/Spec.js:74:70)
    at Env.fail (/home/thomas/Documents/projects/knab-james-frontend/node_modules/jest-jasmine2/build/jasmine/Env.js:511:25)
    at Function.next.fail (/home/thomas/Documents/projects/knab-james-frontend/node_modules/jest-jasmine2/build/queue_runner.js:43:22)
    at /home/thomas/Documents/projects/knab-james-frontend/node_modules/@angular/core/bundles/core-testing.umd.js:85:26
    at /home/thomas/Documents/projects/knab-james-frontend/node_modules/@angular/core/bundles/core-testing.umd.js:136:17
    at ZoneDelegate.Object.&lt;anonymous&gt;.ZoneDelegate.invoke (/home/thomas/Documents/projects/knab-james-frontend/node_modules/zone.js/dist/zone-node.js:392:26)
    at AsyncTestZoneSpec.Object.&lt;anonymous&gt;.AsyncTestZoneSpec.onInvoke (/home/thomas/Documents/projects/knab-james-frontend/node_modules/zone.js/dist/async-test.js:49:39)
    at ProxyZoneSpec.Object.&lt;anonymous&gt;.ProxyZoneSpec.onInvoke (/home/thomas/Documents/projects/knab-james-frontend/node_modules/zone.js/dist/proxy.js:76:39)
    at ZoneDelegate.Object.&lt;anonymous&gt;.ZoneDelegate.invoke (/home/thomas/Documents/projects/knab-james-frontend/node_modules/zone.js/dist/zone-node.js:391:32)
    at Zone.Object.&lt;anonymous&gt;.Zone.run (/home/thomas/Documents/projects/knab-james-frontend/node_modules/zone.js/dist/zone-node.js:142:43)
    at AsyncTestZoneSpec._failCallback (/home/thomas/Documents/projects/knab-james-frontend/packages/core/testing/src/async.ts:111:15)
    at AsyncTestZoneSpec.Object.&lt;anonymous&gt;.AsyncTestZoneSpec.onHandleError (/home/thomas/Documents/projects/knab-james-frontend/node_modules/zone.js/dist/async-test.js:59:18)
    at ProxyZoneSpec.Object.&lt;anonymous&gt;.ProxyZoneSpec.onHandleError (/home/thomas/Documents/projects/knab-james-frontend/node_modules/zone.js/dist/proxy.js:84:39)
    at ZoneDelegate.Object.&lt;anonymous&gt;.ZoneDelegate.handleError (/home/thomas/Documents/projects/knab-james-frontend/node_modules/zone.js/dist/zone-node.js:396:37)
    at Zone.Object.&lt;anonymous&gt;.Zone.runGuarded (/home/thomas/Documents/projects/knab-james-frontend/node_modules/zone.js/dist/zone-node.js:158:44)
    at runInTestZone (/home/thomas/Documents/projects/knab-james-frontend/node_modules/@angular/core/bundles/core-testing.umd.js:141:25)
    at /home/thomas/Documents/projects/knab-james-frontend/node_modules/@angular/core/bundles/core-testing.umd.js:80:13
    at ZoneDelegate.Object.&lt;anonymous&gt;.ZoneDelegate.invoke (/home/thomas/Documents/projects/knab-james-frontend/node_modules/zone.js/dist/zone-node.js:392:26)
    at ProxyZoneSpec.Object.&lt;anonymous&gt;.ProxyZoneSpec.onInvoke (/home/thomas/Documents/projects/knab-james-frontend/node_modules/zone.js/dist/proxy.js:79:39)
    at ZoneDelegate.Object.&lt;anonymous&gt;.ZoneDelegate.invoke (/home/thomas/Documents/projects/knab-james-frontend/node_modules/zone.js/dist/zone-node.js:391:32)
    at Zone.Object.&lt;anonymous&gt;.Zone.run (/home/thomas/Documents/projects/knab-james-frontend/node_modules/zone.js/dist/zone-node.js:142:43)
    at Object.testBody.length.done (/home/thomas/Documents/projects/knab-james-frontend/node_modules/jest-zone-patch/index.js:48:29)
    at resolve (/home/thomas/Documents/projects/knab-james-frontend/node_modules/jest-jasmine2/build/queue_runner.js:47:12)
    at new ZoneAwarePromise (/home/thomas/Documents/projects/knab-james-frontend/node_modules/zone.js/dist/zone-node.js:861:29)
    at mapper (/home/thomas/Documents/projects/knab-james-frontend/node_modules/jest-jasmine2/build/queue_runner.js:36:499)
    at promise.then (/home/thomas/Documents/projects/knab-james-frontend/node_modules/jest-jasmine2/build/queue_runner.js:75:39)
    at ZoneDelegate.Object.&lt;anonymous&gt;.ZoneDelegate.invoke (/home/thomas/Documents/projects/knab-james-frontend/node_modules/zone.js/dist/zone-node.js:392:26)
    at Zone.Object.&lt;anonymous&gt;.Zone.run (/home/thomas/Documents/projects/knab-james-frontend/node_modules/zone.js/dist/zone-node.js:142:43)
    at /home/thomas/Documents/projects/knab-james-frontend/node_modules/zone.js/dist/zone-node.js:844:57
    at ZoneDelegate.Object.&lt;anonymous&gt;.ZoneDelegate.invokeTask (/home/thomas/Documents/projects/knab-james-frontend/node_modules/zone.js/dist/zone-node.js:425:31)
    at Zone.Object.&lt;anonymous&gt;.Zone.runTask (/home/thomas/Documents/projects/knab-james-frontend/node_modules/zone.js/dist/zone-node.js:192:47)
    at drainMicroTaskQueue (/home/thomas/Documents/projects/knab-james-frontend/node_modules/zone.js/dist/zone-node.js:602:35)
    at process._tickCallback (internal/process/next_tick.js:109:7)</failure>
      <failure>SyntaxError
    at XMLHttpRequest.open (/home/thomas/Documents/projects/knab-james-frontend/node_modules/jsdom/lib/jsdom/living/xmlhttprequest.js:486:15)
    at ResourceLoaderImpl.Object.&lt;anonymous&gt;.ResourceLoaderImpl.get (/home/thomas/Documents/projects/knab-james-frontend/node_modules/@angular/platform-browser-dynamic/bundles/platform-browser-dynamic.umd.js:63:13)
    at DirectiveNormalizer.Object.&lt;anonymous&gt;.DirectiveNormalizer._fetch (/home/thomas/Documents/projects/knab-james-frontend/node_modules/@angular/compiler/bundles/compiler.umd.js:14104:43)
    at DirectiveNormalizer.Object.&lt;anonymous&gt;.DirectiveNormalizer.normalizeTemplateOnly (/home/thomas/Documents/projects/knab-james-frontend/node_modules/@angular/compiler/bundles/compiler.umd.js:14147:29)
    at DirectiveNormalizer.Object.&lt;anonymous&gt;.DirectiveNormalizer.normalizeTemplate (/home/thomas/Documents/projects/knab-james-frontend/node_modules/@angular/compiler/bundles/compiler.umd.js:14131:36)
    at CompileMetadataResolver.Object.&lt;anonymous&gt;.CompileMetadataResolver.loadDirectiveMetadata (/home/thomas/Documents/projects/knab-james-frontend/node_modules/@angular/compiler/bundles/compiler.umd.js:15160:75)
    at /home/thomas/Documents/projects/knab-james-frontend/node_modules/@angular/compiler/bundles/compiler.umd.js:26837:72
    at Array.forEach (native)
    at /home/thomas/Documents/projects/knab-james-frontend/node_modules/@angular/compiler/bundles/compiler.umd.js:26836:72
    at Array.forEach (native)</failure>
      <failure>TypeError: Cannot read property &apos;getPasswordResetLink&apos; of undefined
    at /home/thomas/Documents/projects/knab-james-frontend/src/app/auth/containers/login-page.component.spec.ts:107:27
    at ZoneDelegate.Object.&lt;anonymous&gt;.ZoneDelegate.invoke (/home/thomas/Documents/projects/knab-james-frontend/node_modules/zone.js/dist/zone-node.js:392:26)
    at ProxyZoneSpec.Object.&lt;anonymous&gt;.ProxyZoneSpec.onInvoke (/home/thomas/Documents/projects/knab-james-frontend/node_modules/zone.js/dist/proxy.js:79:39)
    at ZoneDelegate.Object.&lt;anonymous&gt;.ZoneDelegate.invoke (/home/thomas/Documents/projects/knab-james-frontend/node_modules/zone.js/dist/zone-node.js:391:32)
    at Zone.Object.&lt;anonymous&gt;.Zone.run (/home/thomas/Documents/projects/knab-james-frontend/node_modules/zone.js/dist/zone-node.js:142:43)
    at Object.testBody.length (/home/thomas/Documents/projects/knab-james-frontend/node_modules/jest-zone-patch/index.js:47:27)
    at Object.asyncFn (/home/thomas/Documents/projects/knab-james-frontend/node_modules/jest-jasmine2/build/jasmine_async.js:126:345)
    at resolve (/home/thomas/Documents/projects/knab-james-frontend/node_modules/jest-jasmine2/build/queue_runner.js:47:12)
    at new ZoneAwarePromise (/home/thomas/Documents/projects/knab-james-frontend/node_modules/zone.js/dist/zone-node.js:861:29)
    at mapper (/home/thomas/Documents/projects/knab-james-frontend/node_modules/jest-jasmine2/build/queue_runner.js:36:499)
    at promise.then (/home/thomas/Documents/projects/knab-james-frontend/node_modules/jest-jasmine2/build/queue_runner.js:75:39)
    at ZoneDelegate.Object.&lt;anonymous&gt;.ZoneDelegate.invoke (/home/thomas/Documents/projects/knab-james-frontend/node_modules/zone.js/dist/zone-node.js:392:26)
    at Zone.Object.&lt;anonymous&gt;.Zone.run (/home/thomas/Documents/projects/knab-james-frontend/node_modules/zone.js/dist/zone-node.js:142:43)
    at /home/thomas/Documents/projects/knab-james-frontend/node_modules/zone.js/dist/zone-node.js:844:57
    at ZoneDelegate.Object.&lt;anonymous&gt;.ZoneDelegate.invokeTask (/home/thomas/Documents/projects/knab-james-frontend/node_modules/zone.js/dist/zone-node.js:425:31)
    at Zone.Object.&lt;anonymous&gt;.Zone.runTask (/home/thomas/Documents/projects/knab-james-frontend/node_modules/zone.js/dist/zone-node.js:192:47)
    at drainMicroTaskQueue (/home/thomas/Documents/projects/knab-james-frontend/node_modules/zone.js/dist/zone-node.js:602:35)
    at process._tickCallback (internal/process/next_tick.js:109:7)</failure>
    </testcase>
    <testcase classname="Component: Login should redirect to registration" name="Component: Login should redirect to registration" time="0.036">
      <failure>Error: Failed: SyntaxError
    at stackFormatter (/home/thomas/Documents/projects/knab-james-frontend/node_modules/jest-jasmine2/build/expectation_result_factory.js:51:427)
    at expectationResultFactory (/home/thomas/Documents/projects/knab-james-frontend/node_modules/jest-jasmine2/build/expectation_result_factory.js:51:591)
    at Spec.Object.&lt;anonymous&gt;.Spec.addExpectationResult (/home/thomas/Documents/projects/knab-james-frontend/node_modules/jest-jasmine2/build/jasmine/Spec.js:74:70)
    at Env.fail (/home/thomas/Documents/projects/knab-james-frontend/node_modules/jest-jasmine2/build/jasmine/Env.js:511:25)
    at Function.next.fail (/home/thomas/Documents/projects/knab-james-frontend/node_modules/jest-jasmine2/build/queue_runner.js:43:22)
    at /home/thomas/Documents/projects/knab-james-frontend/node_modules/@angular/core/bundles/core-testing.umd.js:85:26
    at /home/thomas/Documents/projects/knab-james-frontend/node_modules/@angular/core/bundles/core-testing.umd.js:136:17
    at ZoneDelegate.Object.&lt;anonymous&gt;.ZoneDelegate.invoke (/home/thomas/Documents/projects/knab-james-frontend/node_modules/zone.js/dist/zone-node.js:392:26)
    at AsyncTestZoneSpec.Object.&lt;anonymous&gt;.AsyncTestZoneSpec.onInvoke (/home/thomas/Documents/projects/knab-james-frontend/node_modules/zone.js/dist/async-test.js:49:39)
    at ProxyZoneSpec.Object.&lt;anonymous&gt;.ProxyZoneSpec.onInvoke (/home/thomas/Documents/projects/knab-james-frontend/node_modules/zone.js/dist/proxy.js:76:39)
    at ZoneDelegate.Object.&lt;anonymous&gt;.ZoneDelegate.invoke (/home/thomas/Documents/projects/knab-james-frontend/node_modules/zone.js/dist/zone-node.js:391:32)
    at Zone.Object.&lt;anonymous&gt;.Zone.run (/home/thomas/Documents/projects/knab-james-frontend/node_modules/zone.js/dist/zone-node.js:142:43)
    at AsyncTestZoneSpec._failCallback (/home/thomas/Documents/projects/knab-james-frontend/packages/core/testing/src/async.ts:111:15)
    at AsyncTestZoneSpec.Object.&lt;anonymous&gt;.AsyncTestZoneSpec.onHandleError (/home/thomas/Documents/projects/knab-james-frontend/node_modules/zone.js/dist/async-test.js:59:18)
    at ProxyZoneSpec.Object.&lt;anonymous&gt;.ProxyZoneSpec.onHandleError (/home/thomas/Documents/projects/knab-james-frontend/node_modules/zone.js/dist/proxy.js:84:39)
    at ZoneDelegate.Object.&lt;anonymous&gt;.ZoneDelegate.handleError (/home/thomas/Documents/projects/knab-james-frontend/node_modules/zone.js/dist/zone-node.js:396:37)
    at Zone.Object.&lt;anonymous&gt;.Zone.runGuarded (/home/thomas/Documents/projects/knab-james-frontend/node_modules/zone.js/dist/zone-node.js:158:44)
    at runInTestZone (/home/thomas/Documents/projects/knab-james-frontend/node_modules/@angular/core/bundles/core-testing.umd.js:141:25)
    at /home/thomas/Documents/projects/knab-james-frontend/node_modules/@angular/core/bundles/core-testing.umd.js:80:13
    at ZoneDelegate.Object.&lt;anonymous&gt;.ZoneDelegate.invoke (/home/thomas/Documents/projects/knab-james-frontend/node_modules/zone.js/dist/zone-node.js:392:26)
    at ProxyZoneSpec.Object.&lt;anonymous&gt;.ProxyZoneSpec.onInvoke (/home/thomas/Documents/projects/knab-james-frontend/node_modules/zone.js/dist/proxy.js:79:39)
    at ZoneDelegate.Object.&lt;anonymous&gt;.ZoneDelegate.invoke (/home/thomas/Documents/projects/knab-james-frontend/node_modules/zone.js/dist/zone-node.js:391:32)
    at Zone.Object.&lt;anonymous&gt;.Zone.run (/home/thomas/Documents/projects/knab-james-frontend/node_modules/zone.js/dist/zone-node.js:142:43)
    at Object.testBody.length.done (/home/thomas/Documents/projects/knab-james-frontend/node_modules/jest-zone-patch/index.js:48:29)
    at resolve (/home/thomas/Documents/projects/knab-james-frontend/node_modules/jest-jasmine2/build/queue_runner.js:47:12)
    at new ZoneAwarePromise (/home/thomas/Documents/projects/knab-james-frontend/node_modules/zone.js/dist/zone-node.js:861:29)
    at mapper (/home/thomas/Documents/projects/knab-james-frontend/node_modules/jest-jasmine2/build/queue_runner.js:36:499)
    at promise.then (/home/thomas/Documents/projects/knab-james-frontend/node_modules/jest-jasmine2/build/queue_runner.js:75:39)
    at ZoneDelegate.Object.&lt;anonymous&gt;.ZoneDelegate.invoke (/home/thomas/Documents/projects/knab-james-frontend/node_modules/zone.js/dist/zone-node.js:392:26)
    at Zone.Object.&lt;anonymous&gt;.Zone.run (/home/thomas/Documents/projects/knab-james-frontend/node_modules/zone.js/dist/zone-node.js:142:43)
    at /home/thomas/Documents/projects/knab-james-frontend/node_modules/zone.js/dist/zone-node.js:844:57
    at ZoneDelegate.Object.&lt;anonymous&gt;.ZoneDelegate.invokeTask (/home/thomas/Documents/projects/knab-james-frontend/node_modules/zone.js/dist/zone-node.js:425:31)
    at Zone.Object.&lt;anonymous&gt;.Zone.runTask (/home/thomas/Documents/projects/knab-james-frontend/node_modules/zone.js/dist/zone-node.js:192:47)
    at drainMicroTaskQueue (/home/thomas/Documents/projects/knab-james-frontend/node_modules/zone.js/dist/zone-node.js:602:35)
    at process._tickCallback (internal/process/next_tick.js:109:7)</failure>
      <failure>SyntaxError
    at XMLHttpRequest.open (/home/thomas/Documents/projects/knab-james-frontend/node_modules/jsdom/lib/jsdom/living/xmlhttprequest.js:486:15)
    at ResourceLoaderImpl.Object.&lt;anonymous&gt;.ResourceLoaderImpl.get (/home/thomas/Documents/projects/knab-james-frontend/node_modules/@angular/platform-browser-dynamic/bundles/platform-browser-dynamic.umd.js:63:13)
    at DirectiveNormalizer.Object.&lt;anonymous&gt;.DirectiveNormalizer._fetch (/home/thomas/Documents/projects/knab-james-frontend/node_modules/@angular/compiler/bundles/compiler.umd.js:14104:43)
    at DirectiveNormalizer.Object.&lt;anonymous&gt;.DirectiveNormalizer.normalizeTemplateOnly (/home/thomas/Documents/projects/knab-james-frontend/node_modules/@angular/compiler/bundles/compiler.umd.js:14147:29)
    at DirectiveNormalizer.Object.&lt;anonymous&gt;.DirectiveNormalizer.normalizeTemplate (/home/thomas/Documents/projects/knab-james-frontend/node_modules/@angular/compiler/bundles/compiler.umd.js:14131:36)
    at CompileMetadataResolver.Object.&lt;anonymous&gt;.CompileMetadataResolver.loadDirectiveMetadata (/home/thomas/Documents/projects/knab-james-frontend/node_modules/@angular/compiler/bundles/compiler.umd.js:15160:75)
    at /home/thomas/Documents/projects/knab-james-frontend/node_modules/@angular/compiler/bundles/compiler.umd.js:26837:72
    at Array.forEach (native)
    at /home/thomas/Documents/projects/knab-james-frontend/node_modules/@angular/compiler/bundles/compiler.umd.js:26836:72
    at Array.forEach (native)</failure>
      <failure>TypeError: Cannot read property &apos;goToRegister&apos; of undefined
    at /home/thomas/Documents/projects/knab-james-frontend/src/app/auth/containers/login-page.component.spec.ts:118:16
    at ZoneDelegate.Object.&lt;anonymous&gt;.ZoneDelegate.invoke (/home/thomas/Documents/projects/knab-james-frontend/node_modules/zone.js/dist/zone-node.js:392:26)
    at ProxyZoneSpec.Object.&lt;anonymous&gt;.ProxyZoneSpec.onInvoke (/home/thomas/Documents/projects/knab-james-frontend/node_modules/zone.js/dist/proxy.js:79:39)
    at ZoneDelegate.Object.&lt;anonymous&gt;.ZoneDelegate.invoke (/home/thomas/Documents/projects/knab-james-frontend/node_modules/zone.js/dist/zone-node.js:391:32)
    at Zone.Object.&lt;anonymous&gt;.Zone.run (/home/thomas/Documents/projects/knab-james-frontend/node_modules/zone.js/dist/zone-node.js:142:43)
    at Object.testBody.length (/home/thomas/Documents/projects/knab-james-frontend/node_modules/jest-zone-patch/index.js:47:27)
    at Object.asyncFn (/home/thomas/Documents/projects/knab-james-frontend/node_modules/jest-jasmine2/build/jasmine_async.js:126:345)
    at resolve (/home/thomas/Documents/projects/knab-james-frontend/node_modules/jest-jasmine2/build/queue_runner.js:47:12)
    at new ZoneAwarePromise (/home/thomas/Documents/projects/knab-james-frontend/node_modules/zone.js/dist/zone-node.js:861:29)
    at mapper (/home/thomas/Documents/projects/knab-james-frontend/node_modules/jest-jasmine2/build/queue_runner.js:36:499)
    at promise.then (/home/thomas/Documents/projects/knab-james-frontend/node_modules/jest-jasmine2/build/queue_runner.js:75:39)
    at ZoneDelegate.Object.&lt;anonymous&gt;.ZoneDelegate.invoke (/home/thomas/Documents/projects/knab-james-frontend/node_modules/zone.js/dist/zone-node.js:392:26)
    at Zone.Object.&lt;anonymous&gt;.Zone.run (/home/thomas/Documents/projects/knab-james-frontend/node_modules/zone.js/dist/zone-node.js:142:43)
    at /home/thomas/Documents/projects/knab-james-frontend/node_modules/zone.js/dist/zone-node.js:844:57
    at ZoneDelegate.Object.&lt;anonymous&gt;.ZoneDelegate.invokeTask (/home/thomas/Documents/projects/knab-james-frontend/node_modules/zone.js/dist/zone-node.js:425:31)
    at Zone.Object.&lt;anonymous&gt;.Zone.runTask (/home/thomas/Documents/projects/knab-james-frontend/node_modules/zone.js/dist/zone-node.js:192:47)
    at drainMicroTaskQueue (/home/thomas/Documents/projects/knab-james-frontend/node_modules/zone.js/dist/zone-node.js:602:35)
    at process._tickCallback (internal/process/next_tick.js:109:7)</failure>
    </testcase>
  </testsuite>
  <testsuite name="CarEffects" tests="4" errors="0" failures="4" skipped="0" timestamp="2017-10-07T17:22:57" time="0.761">
    <testcase classname="CarEffects loadCarInfo$ should return car success action" name="CarEffects loadCarInfo$ should return car success action" time="0.26">
      <failure>TypeError: jasmine.createSpyObj is not a function
    at /home/thomas/Documents/projects/knab-james-frontend/src/app/car/effects/car.spec.ts:25:21
    at ZoneDelegate.Object.&lt;anonymous&gt;.ZoneDelegate.invoke (/home/thomas/Documents/projects/knab-james-frontend/node_modules/zone.js/dist/zone-node.js:392:26)
    at ProxyZoneSpec.Object.&lt;anonymous&gt;.ProxyZoneSpec.onInvoke (/home/thomas/Documents/projects/knab-james-frontend/node_modules/zone.js/dist/proxy.js:79:39)
    at ZoneDelegate.Object.&lt;anonymous&gt;.ZoneDelegate.invoke (/home/thomas/Documents/projects/knab-james-frontend/node_modules/zone.js/dist/zone-node.js:391:32)
    at Zone.Object.&lt;anonymous&gt;.Zone.run (/home/thomas/Documents/projects/knab-james-frontend/node_modules/zone.js/dist/zone-node.js:142:43)
    at Object.testBody.length (/home/thomas/Documents/projects/knab-james-frontend/node_modules/jest-zone-patch/index.js:47:27)
    at Object.asyncFn (/home/thomas/Documents/projects/knab-james-frontend/node_modules/jest-jasmine2/build/jasmine_async.js:124:61)
    at resolve (/home/thomas/Documents/projects/knab-james-frontend/node_modules/jest-jasmine2/build/queue_runner.js:47:12)
    at new ZoneAwarePromise (/home/thomas/Documents/projects/knab-james-frontend/node_modules/zone.js/dist/zone-node.js:861:29)
    at mapper (/home/thomas/Documents/projects/knab-james-frontend/node_modules/jest-jasmine2/build/queue_runner.js:36:499)
    at promise.then (/home/thomas/Documents/projects/knab-james-frontend/node_modules/jest-jasmine2/build/queue_runner.js:75:39)
    at ZoneDelegate.Object.&lt;anonymous&gt;.ZoneDelegate.invoke (/home/thomas/Documents/projects/knab-james-frontend/node_modules/zone.js/dist/zone-node.js:392:26)
    at Zone.Object.&lt;anonymous&gt;.Zone.run (/home/thomas/Documents/projects/knab-james-frontend/node_modules/zone.js/dist/zone-node.js:142:43)
    at /home/thomas/Documents/projects/knab-james-frontend/node_modules/zone.js/dist/zone-node.js:844:57
    at ZoneDelegate.Object.&lt;anonymous&gt;.ZoneDelegate.invokeTask (/home/thomas/Documents/projects/knab-james-frontend/node_modules/zone.js/dist/zone-node.js:425:31)
    at Zone.Object.&lt;anonymous&gt;.Zone.runTask (/home/thomas/Documents/projects/knab-james-frontend/node_modules/zone.js/dist/zone-node.js:192:47)
    at drainMicroTaskQueue (/home/thomas/Documents/projects/knab-james-frontend/node_modules/zone.js/dist/zone-node.js:602:35)
    at process._tickCallback (internal/process/next_tick.js:109:7)</failure>
      <failure>TypeError: Cannot read property &apos;getByLicense&apos; of undefined
    at /home/thomas/Documents/projects/knab-james-frontend/src/app/car/effects/car.spec.ts:72:17
    at ZoneDelegate.Object.&lt;anonymous&gt;.ZoneDelegate.invoke (/home/thomas/Documents/projects/knab-james-frontend/node_modules/zone.js/dist/zone-node.js:392:26)
    at ProxyZoneSpec.Object.&lt;anonymous&gt;.ProxyZoneSpec.onInvoke (/home/thomas/Documents/projects/knab-james-frontend/node_modules/zone.js/dist/proxy.js:79:39)
    at ZoneDelegate.Object.&lt;anonymous&gt;.ZoneDelegate.invoke (/home/thomas/Documents/projects/knab-james-frontend/node_modules/zone.js/dist/zone-node.js:391:32)
    at Zone.Object.&lt;anonymous&gt;.Zone.run (/home/thomas/Documents/projects/knab-james-frontend/node_modules/zone.js/dist/zone-node.js:142:43)
    at Object.testBody.length (/home/thomas/Documents/projects/knab-james-frontend/node_modules/jest-zone-patch/index.js:47:27)
    at Object.asyncFn (/home/thomas/Documents/projects/knab-james-frontend/node_modules/jest-jasmine2/build/jasmine_async.js:126:345)
    at resolve (/home/thomas/Documents/projects/knab-james-frontend/node_modules/jest-jasmine2/build/queue_runner.js:47:12)
    at new ZoneAwarePromise (/home/thomas/Documents/projects/knab-james-frontend/node_modules/zone.js/dist/zone-node.js:861:29)
    at mapper (/home/thomas/Documents/projects/knab-james-frontend/node_modules/jest-jasmine2/build/queue_runner.js:36:499)
    at promise.then (/home/thomas/Documents/projects/knab-james-frontend/node_modules/jest-jasmine2/build/queue_runner.js:75:39)
    at ZoneDelegate.Object.&lt;anonymous&gt;.ZoneDelegate.invoke (/home/thomas/Documents/projects/knab-james-frontend/node_modules/zone.js/dist/zone-node.js:392:26)
    at Zone.Object.&lt;anonymous&gt;.Zone.run (/home/thomas/Documents/projects/knab-james-frontend/node_modules/zone.js/dist/zone-node.js:142:43)
    at /home/thomas/Documents/projects/knab-james-frontend/node_modules/zone.js/dist/zone-node.js:844:57
    at ZoneDelegate.Object.&lt;anonymous&gt;.ZoneDelegate.invokeTask (/home/thomas/Documents/projects/knab-james-frontend/node_modules/zone.js/dist/zone-node.js:425:31)
    at Zone.Object.&lt;anonymous&gt;.Zone.runTask (/home/thomas/Documents/projects/knab-james-frontend/node_modules/zone.js/dist/zone-node.js:192:47)
    at drainMicroTaskQueue (/home/thomas/Documents/projects/knab-james-frontend/node_modules/zone.js/dist/zone-node.js:602:35)
    at process._tickCallback (internal/process/next_tick.js:109:7)</failure>
    </testcase>
    <testcase classname="CarEffects loadCarInfo$ should return car failure action" name="CarEffects loadCarInfo$ should return car failure action" time="0.005">
      <failure>TypeError: jasmine.createSpyObj is not a function
    at /home/thomas/Documents/projects/knab-james-frontend/src/app/car/effects/car.spec.ts:25:21
    at ZoneDelegate.Object.&lt;anonymous&gt;.ZoneDelegate.invoke (/home/thomas/Documents/projects/knab-james-frontend/node_modules/zone.js/dist/zone-node.js:392:26)
    at ProxyZoneSpec.Object.&lt;anonymous&gt;.ProxyZoneSpec.onInvoke (/home/thomas/Documents/projects/knab-james-frontend/node_modules/zone.js/dist/proxy.js:79:39)
    at ZoneDelegate.Object.&lt;anonymous&gt;.ZoneDelegate.invoke (/home/thomas/Documents/projects/knab-james-frontend/node_modules/zone.js/dist/zone-node.js:391:32)
    at Zone.Object.&lt;anonymous&gt;.Zone.run (/home/thomas/Documents/projects/knab-james-frontend/node_modules/zone.js/dist/zone-node.js:142:43)
    at Object.testBody.length (/home/thomas/Documents/projects/knab-james-frontend/node_modules/jest-zone-patch/index.js:47:27)
    at Object.asyncFn (/home/thomas/Documents/projects/knab-james-frontend/node_modules/jest-jasmine2/build/jasmine_async.js:124:61)
    at resolve (/home/thomas/Documents/projects/knab-james-frontend/node_modules/jest-jasmine2/build/queue_runner.js:47:12)
    at new ZoneAwarePromise (/home/thomas/Documents/projects/knab-james-frontend/node_modules/zone.js/dist/zone-node.js:861:29)
    at mapper (/home/thomas/Documents/projects/knab-james-frontend/node_modules/jest-jasmine2/build/queue_runner.js:36:499)
    at promise.then (/home/thomas/Documents/projects/knab-james-frontend/node_modules/jest-jasmine2/build/queue_runner.js:75:39)
    at ZoneDelegate.Object.&lt;anonymous&gt;.ZoneDelegate.invoke (/home/thomas/Documents/projects/knab-james-frontend/node_modules/zone.js/dist/zone-node.js:392:26)
    at Zone.Object.&lt;anonymous&gt;.Zone.run (/home/thomas/Documents/projects/knab-james-frontend/node_modules/zone.js/dist/zone-node.js:142:43)
    at /home/thomas/Documents/projects/knab-james-frontend/node_modules/zone.js/dist/zone-node.js:844:57
    at ZoneDelegate.Object.&lt;anonymous&gt;.ZoneDelegate.invokeTask (/home/thomas/Documents/projects/knab-james-frontend/node_modules/zone.js/dist/zone-node.js:425:31)
    at Zone.Object.&lt;anonymous&gt;.Zone.runTask (/home/thomas/Documents/projects/knab-james-frontend/node_modules/zone.js/dist/zone-node.js:192:47)
    at drainMicroTaskQueue (/home/thomas/Documents/projects/knab-james-frontend/node_modules/zone.js/dist/zone-node.js:602:35)
    at process._tickCallback (internal/process/next_tick.js:109:7)</failure>
      <failure>TypeError: Cannot read property &apos;getByLicense&apos; of undefined
    at /home/thomas/Documents/projects/knab-james-frontend/src/app/car/effects/car.spec.ts:84:17
    at ZoneDelegate.Object.&lt;anonymous&gt;.ZoneDelegate.invoke (/home/thomas/Documents/projects/knab-james-frontend/node_modules/zone.js/dist/zone-node.js:392:26)
    at ProxyZoneSpec.Object.&lt;anonymous&gt;.ProxyZoneSpec.onInvoke (/home/thomas/Documents/projects/knab-james-frontend/node_modules/zone.js/dist/proxy.js:79:39)
    at ZoneDelegate.Object.&lt;anonymous&gt;.ZoneDelegate.invoke (/home/thomas/Documents/projects/knab-james-frontend/node_modules/zone.js/dist/zone-node.js:391:32)
    at Zone.Object.&lt;anonymous&gt;.Zone.run (/home/thomas/Documents/projects/knab-james-frontend/node_modules/zone.js/dist/zone-node.js:142:43)
    at Object.testBody.length (/home/thomas/Documents/projects/knab-james-frontend/node_modules/jest-zone-patch/index.js:47:27)
    at Object.asyncFn (/home/thomas/Documents/projects/knab-james-frontend/node_modules/jest-jasmine2/build/jasmine_async.js:126:345)
    at resolve (/home/thomas/Documents/projects/knab-james-frontend/node_modules/jest-jasmine2/build/queue_runner.js:47:12)
    at new ZoneAwarePromise (/home/thomas/Documents/projects/knab-james-frontend/node_modules/zone.js/dist/zone-node.js:861:29)
    at mapper (/home/thomas/Documents/projects/knab-james-frontend/node_modules/jest-jasmine2/build/queue_runner.js:36:499)
    at promise.then (/home/thomas/Documents/projects/knab-james-frontend/node_modules/jest-jasmine2/build/queue_runner.js:75:39)
    at ZoneDelegate.Object.&lt;anonymous&gt;.ZoneDelegate.invoke (/home/thomas/Documents/projects/knab-james-frontend/node_modules/zone.js/dist/zone-node.js:392:26)
    at Zone.Object.&lt;anonymous&gt;.Zone.run (/home/thomas/Documents/projects/knab-james-frontend/node_modules/zone.js/dist/zone-node.js:142:43)
    at /home/thomas/Documents/projects/knab-james-frontend/node_modules/zone.js/dist/zone-node.js:844:57
    at ZoneDelegate.Object.&lt;anonymous&gt;.ZoneDelegate.invokeTask (/home/thomas/Documents/projects/knab-james-frontend/node_modules/zone.js/dist/zone-node.js:425:31)
    at Zone.Object.&lt;anonymous&gt;.Zone.runTask (/home/thomas/Documents/projects/knab-james-frontend/node_modules/zone.js/dist/zone-node.js:192:47)
    at drainMicroTaskQueue (/home/thomas/Documents/projects/knab-james-frontend/node_modules/zone.js/dist/zone-node.js:602:35)
    at process._tickCallback (internal/process/next_tick.js:109:7)</failure>
    </testcase>
    <testcase classname="CarEffects buyCarInsurance$ should return a buy success action" name="CarEffects buyCarInsurance$ should return a buy success action" time="0.005">
      <failure>TypeError: jasmine.createSpyObj is not a function
    at /home/thomas/Documents/projects/knab-james-frontend/src/app/car/effects/car.spec.ts:25:21
    at ZoneDelegate.Object.&lt;anonymous&gt;.ZoneDelegate.invoke (/home/thomas/Documents/projects/knab-james-frontend/node_modules/zone.js/dist/zone-node.js:392:26)
    at ProxyZoneSpec.Object.&lt;anonymous&gt;.ProxyZoneSpec.onInvoke (/home/thomas/Documents/projects/knab-james-frontend/node_modules/zone.js/dist/proxy.js:79:39)
    at ZoneDelegate.Object.&lt;anonymous&gt;.ZoneDelegate.invoke (/home/thomas/Documents/projects/knab-james-frontend/node_modules/zone.js/dist/zone-node.js:391:32)
    at Zone.Object.&lt;anonymous&gt;.Zone.run (/home/thomas/Documents/projects/knab-james-frontend/node_modules/zone.js/dist/zone-node.js:142:43)
    at Object.testBody.length (/home/thomas/Documents/projects/knab-james-frontend/node_modules/jest-zone-patch/index.js:47:27)
    at Object.asyncFn (/home/thomas/Documents/projects/knab-james-frontend/node_modules/jest-jasmine2/build/jasmine_async.js:124:61)
    at resolve (/home/thomas/Documents/projects/knab-james-frontend/node_modules/jest-jasmine2/build/queue_runner.js:47:12)
    at new ZoneAwarePromise (/home/thomas/Documents/projects/knab-james-frontend/node_modules/zone.js/dist/zone-node.js:861:29)
    at mapper (/home/thomas/Documents/projects/knab-james-frontend/node_modules/jest-jasmine2/build/queue_runner.js:36:499)
    at promise.then (/home/thomas/Documents/projects/knab-james-frontend/node_modules/jest-jasmine2/build/queue_runner.js:75:39)
    at ZoneDelegate.Object.&lt;anonymous&gt;.ZoneDelegate.invoke (/home/thomas/Documents/projects/knab-james-frontend/node_modules/zone.js/dist/zone-node.js:392:26)
    at Zone.Object.&lt;anonymous&gt;.Zone.run (/home/thomas/Documents/projects/knab-james-frontend/node_modules/zone.js/dist/zone-node.js:142:43)
    at /home/thomas/Documents/projects/knab-james-frontend/node_modules/zone.js/dist/zone-node.js:844:57
    at ZoneDelegate.Object.&lt;anonymous&gt;.ZoneDelegate.invokeTask (/home/thomas/Documents/projects/knab-james-frontend/node_modules/zone.js/dist/zone-node.js:425:31)
    at Zone.Object.&lt;anonymous&gt;.Zone.runTask (/home/thomas/Documents/projects/knab-james-frontend/node_modules/zone.js/dist/zone-node.js:192:47)
    at drainMicroTaskQueue (/home/thomas/Documents/projects/knab-james-frontend/node_modules/zone.js/dist/zone-node.js:602:35)
    at process._tickCallback (internal/process/next_tick.js:109:7)</failure>
      <failure>TypeError: Cannot read property &apos;buyStatic&apos; of undefined
    at /home/thomas/Documents/projects/knab-james-frontend/src/app/car/effects/car.spec.ts:97:17
    at ZoneDelegate.Object.&lt;anonymous&gt;.ZoneDelegate.invoke (/home/thomas/Documents/projects/knab-james-frontend/node_modules/zone.js/dist/zone-node.js:392:26)
    at ProxyZoneSpec.Object.&lt;anonymous&gt;.ProxyZoneSpec.onInvoke (/home/thomas/Documents/projects/knab-james-frontend/node_modules/zone.js/dist/proxy.js:79:39)
    at ZoneDelegate.Object.&lt;anonymous&gt;.ZoneDelegate.invoke (/home/thomas/Documents/projects/knab-james-frontend/node_modules/zone.js/dist/zone-node.js:391:32)
    at Zone.Object.&lt;anonymous&gt;.Zone.run (/home/thomas/Documents/projects/knab-james-frontend/node_modules/zone.js/dist/zone-node.js:142:43)
    at Object.testBody.length (/home/thomas/Documents/projects/knab-james-frontend/node_modules/jest-zone-patch/index.js:47:27)
    at Object.asyncFn (/home/thomas/Documents/projects/knab-james-frontend/node_modules/jest-jasmine2/build/jasmine_async.js:126:345)
    at resolve (/home/thomas/Documents/projects/knab-james-frontend/node_modules/jest-jasmine2/build/queue_runner.js:47:12)
    at new ZoneAwarePromise (/home/thomas/Documents/projects/knab-james-frontend/node_modules/zone.js/dist/zone-node.js:861:29)
    at mapper (/home/thomas/Documents/projects/knab-james-frontend/node_modules/jest-jasmine2/build/queue_runner.js:36:499)
    at promise.then (/home/thomas/Documents/projects/knab-james-frontend/node_modules/jest-jasmine2/build/queue_runner.js:75:39)
    at ZoneDelegate.Object.&lt;anonymous&gt;.ZoneDelegate.invoke (/home/thomas/Documents/projects/knab-james-frontend/node_modules/zone.js/dist/zone-node.js:392:26)
    at Zone.Object.&lt;anonymous&gt;.Zone.run (/home/thomas/Documents/projects/knab-james-frontend/node_modules/zone.js/dist/zone-node.js:142:43)
    at /home/thomas/Documents/projects/knab-james-frontend/node_modules/zone.js/dist/zone-node.js:844:57
    at ZoneDelegate.Object.&lt;anonymous&gt;.ZoneDelegate.invokeTask (/home/thomas/Documents/projects/knab-james-frontend/node_modules/zone.js/dist/zone-node.js:425:31)
    at Zone.Object.&lt;anonymous&gt;.Zone.runTask (/home/thomas/Documents/projects/knab-james-frontend/node_modules/zone.js/dist/zone-node.js:192:47)
    at drainMicroTaskQueue (/home/thomas/Documents/projects/knab-james-frontend/node_modules/zone.js/dist/zone-node.js:602:35)
    at process._tickCallback (internal/process/next_tick.js:109:7)</failure>
    </testcase>
    <testcase classname="CarEffects buyCarInsurance$ should return a buy failure action" name="CarEffects buyCarInsurance$ should return a buy failure action" time="0.003">
      <failure>TypeError: jasmine.createSpyObj is not a function
    at /home/thomas/Documents/projects/knab-james-frontend/src/app/car/effects/car.spec.ts:25:21
    at ZoneDelegate.Object.&lt;anonymous&gt;.ZoneDelegate.invoke (/home/thomas/Documents/projects/knab-james-frontend/node_modules/zone.js/dist/zone-node.js:392:26)
    at ProxyZoneSpec.Object.&lt;anonymous&gt;.ProxyZoneSpec.onInvoke (/home/thomas/Documents/projects/knab-james-frontend/node_modules/zone.js/dist/proxy.js:79:39)
    at ZoneDelegate.Object.&lt;anonymous&gt;.ZoneDelegate.invoke (/home/thomas/Documents/projects/knab-james-frontend/node_modules/zone.js/dist/zone-node.js:391:32)
    at Zone.Object.&lt;anonymous&gt;.Zone.run (/home/thomas/Documents/projects/knab-james-frontend/node_modules/zone.js/dist/zone-node.js:142:43)
    at Object.testBody.length (/home/thomas/Documents/projects/knab-james-frontend/node_modules/jest-zone-patch/index.js:47:27)
    at Object.asyncFn (/home/thomas/Documents/projects/knab-james-frontend/node_modules/jest-jasmine2/build/jasmine_async.js:124:61)
    at resolve (/home/thomas/Documents/projects/knab-james-frontend/node_modules/jest-jasmine2/build/queue_runner.js:47:12)
    at new ZoneAwarePromise (/home/thomas/Documents/projects/knab-james-frontend/node_modules/zone.js/dist/zone-node.js:861:29)
    at mapper (/home/thomas/Documents/projects/knab-james-frontend/node_modules/jest-jasmine2/build/queue_runner.js:36:499)
    at promise.then (/home/thomas/Documents/projects/knab-james-frontend/node_modules/jest-jasmine2/build/queue_runner.js:75:39)
    at ZoneDelegate.Object.&lt;anonymous&gt;.ZoneDelegate.invoke (/home/thomas/Documents/projects/knab-james-frontend/node_modules/zone.js/dist/zone-node.js:392:26)
    at Zone.Object.&lt;anonymous&gt;.Zone.run (/home/thomas/Documents/projects/knab-james-frontend/node_modules/zone.js/dist/zone-node.js:142:43)
    at /home/thomas/Documents/projects/knab-james-frontend/node_modules/zone.js/dist/zone-node.js:844:57
    at ZoneDelegate.Object.&lt;anonymous&gt;.ZoneDelegate.invokeTask (/home/thomas/Documents/projects/knab-james-frontend/node_modules/zone.js/dist/zone-node.js:425:31)
    at Zone.Object.&lt;anonymous&gt;.Zone.runTask (/home/thomas/Documents/projects/knab-james-frontend/node_modules/zone.js/dist/zone-node.js:192:47)
    at drainMicroTaskQueue (/home/thomas/Documents/projects/knab-james-frontend/node_modules/zone.js/dist/zone-node.js:602:35)
    at process._tickCallback (internal/process/next_tick.js:109:7)</failure>
      <failure>TypeError: Cannot read property &apos;buyStatic&apos; of undefined
    at /home/thomas/Documents/projects/knab-james-frontend/src/app/car/effects/car.spec.ts:108:17
    at ZoneDelegate.Object.&lt;anonymous&gt;.ZoneDelegate.invoke (/home/thomas/Documents/projects/knab-james-frontend/node_modules/zone.js/dist/zone-node.js:392:26)
    at ProxyZoneSpec.Object.&lt;anonymous&gt;.ProxyZoneSpec.onInvoke (/home/thomas/Documents/projects/knab-james-frontend/node_modules/zone.js/dist/proxy.js:79:39)
    at ZoneDelegate.Object.&lt;anonymous&gt;.ZoneDelegate.invoke (/home/thomas/Documents/projects/knab-james-frontend/node_modules/zone.js/dist/zone-node.js:391:32)
    at Zone.Object.&lt;anonymous&gt;.Zone.run (/home/thomas/Documents/projects/knab-james-frontend/node_modules/zone.js/dist/zone-node.js:142:43)
    at Object.testBody.length (/home/thomas/Documents/projects/knab-james-frontend/node_modules/jest-zone-patch/index.js:47:27)
    at Object.asyncFn (/home/thomas/Documents/projects/knab-james-frontend/node_modules/jest-jasmine2/build/jasmine_async.js:126:345)
    at resolve (/home/thomas/Documents/projects/knab-james-frontend/node_modules/jest-jasmine2/build/queue_runner.js:47:12)
    at new ZoneAwarePromise (/home/thomas/Documents/projects/knab-james-frontend/node_modules/zone.js/dist/zone-node.js:861:29)
    at mapper (/home/thomas/Documents/projects/knab-james-frontend/node_modules/jest-jasmine2/build/queue_runner.js:36:499)
    at promise.then (/home/thomas/Documents/projects/knab-james-frontend/node_modules/jest-jasmine2/build/queue_runner.js:75:39)
    at ZoneDelegate.Object.&lt;anonymous&gt;.ZoneDelegate.invoke (/home/thomas/Documents/projects/knab-james-frontend/node_modules/zone.js/dist/zone-node.js:392:26)
    at Zone.Object.&lt;anonymous&gt;.Zone.run (/home/thomas/Documents/projects/knab-james-frontend/node_modules/zone.js/dist/zone-node.js:142:43)
    at /home/thomas/Documents/projects/knab-james-frontend/node_modules/zone.js/dist/zone-node.js:844:57
    at ZoneDelegate.Object.&lt;anonymous&gt;.ZoneDelegate.invokeTask (/home/thomas/Documents/projects/knab-james-frontend/node_modules/zone.js/dist/zone-node.js:425:31)
    at Zone.Object.&lt;anonymous&gt;.Zone.runTask (/home/thomas/Documents/projects/knab-james-frontend/node_modules/zone.js/dist/zone-node.js:192:47)
    at drainMicroTaskQueue (/home/thomas/Documents/projects/knab-james-frontend/node_modules/zone.js/dist/zone-node.js:602:35)
    at process._tickCallback (internal/process/next_tick.js:109:7)</failure>
    </testcase>
  </testsuite>
  <testsuite name="AssistantEffects" tests="3" errors="0" failures="3" skipped="0" timestamp="2017-10-07T17:22:57" time="1.408">
    <testcase classname="AssistantEffects cannedMessage$ should return a canned message" name="AssistantEffects cannedMessage$ should return a canned message" time="0.691">
      <failure>TypeError: this.actions$.ofType(...).map(...).withLatestFrom(...).switchMap is not a function
    at new AssistantEffects (/home/thomas/Documents/projects/knab-james-frontend/src/app/core/effects/assistant.ts:43:9)
    at _createClass (/home/thomas/Documents/projects/knab-james-frontend/packages/core/src/view/ng_module.ts:158:1)
    at _createProviderInstance$1 (/home/thomas/Documents/projects/knab-james-frontend/packages/core/src/view/ng_module.ts:121:1)
    at resolveNgModuleDep (/home/thomas/Documents/projects/knab-james-frontend/node_modules/@angular/core/bundles/core.umd.js:9509:17)
    at NgModuleRef_.Object.&lt;anonymous&gt;.NgModuleRef_.get (/home/thomas/Documents/projects/knab-james-frontend/node_modules/@angular/core/bundles/core.umd.js:10601:16)
    at TestBed.Object.&lt;anonymous&gt;.TestBed.get (/home/thomas/Documents/projects/knab-james-frontend/packages/core/testing/src/test_bed.ts:376:1)
    at Function.Object.&lt;anonymous&gt;.TestBed.get (/home/thomas/Documents/projects/knab-james-frontend/node_modules/@angular/core/bundles/core-testing.umd.js:688:29)
    at /home/thomas/Documents/projects/knab-james-frontend/src/app/core/effects/assistant.spec.ts:54:23
    at ZoneDelegate.Object.&lt;anonymous&gt;.ZoneDelegate.invoke (/home/thomas/Documents/projects/knab-james-frontend/node_modules/zone.js/dist/zone-node.js:392:26)
    at ProxyZoneSpec.Object.&lt;anonymous&gt;.ProxyZoneSpec.onInvoke (/home/thomas/Documents/projects/knab-james-frontend/node_modules/zone.js/dist/proxy.js:79:39)
    at ZoneDelegate.Object.&lt;anonymous&gt;.ZoneDelegate.invoke (/home/thomas/Documents/projects/knab-james-frontend/node_modules/zone.js/dist/zone-node.js:391:32)
    at Zone.Object.&lt;anonymous&gt;.Zone.run (/home/thomas/Documents/projects/knab-james-frontend/node_modules/zone.js/dist/zone-node.js:142:43)
    at Object.testBody.length (/home/thomas/Documents/projects/knab-james-frontend/node_modules/jest-zone-patch/index.js:47:27)
    at Object.asyncFn (/home/thomas/Documents/projects/knab-james-frontend/node_modules/jest-jasmine2/build/jasmine_async.js:124:61)
    at resolve (/home/thomas/Documents/projects/knab-james-frontend/node_modules/jest-jasmine2/build/queue_runner.js:47:12)
    at new ZoneAwarePromise (/home/thomas/Documents/projects/knab-james-frontend/node_modules/zone.js/dist/zone-node.js:861:29)
    at mapper (/home/thomas/Documents/projects/knab-james-frontend/node_modules/jest-jasmine2/build/queue_runner.js:36:499)
    at promise.then (/home/thomas/Documents/projects/knab-james-frontend/node_modules/jest-jasmine2/build/queue_runner.js:75:39)
    at ZoneDelegate.Object.&lt;anonymous&gt;.ZoneDelegate.invoke (/home/thomas/Documents/projects/knab-james-frontend/node_modules/zone.js/dist/zone-node.js:392:26)
    at Zone.Object.&lt;anonymous&gt;.Zone.run (/home/thomas/Documents/projects/knab-james-frontend/node_modules/zone.js/dist/zone-node.js:142:43)
    at /home/thomas/Documents/projects/knab-james-frontend/node_modules/zone.js/dist/zone-node.js:844:57
    at ZoneDelegate.Object.&lt;anonymous&gt;.ZoneDelegate.invokeTask (/home/thomas/Documents/projects/knab-james-frontend/node_modules/zone.js/dist/zone-node.js:425:31)
    at Zone.Object.&lt;anonymous&gt;.Zone.runTask (/home/thomas/Documents/projects/knab-james-frontend/node_modules/zone.js/dist/zone-node.js:192:47)
    at drainMicroTaskQueue (/home/thomas/Documents/projects/knab-james-frontend/node_modules/zone.js/dist/zone-node.js:602:35)
    at process._tickCallback (internal/process/next_tick.js:109:7)</failure>
      <failure>TypeError: Cannot read property &apos;cannedMessage$&apos; of undefined
    at /home/thomas/Documents/projects/knab-james-frontend/src/app/core/effects/assistant.spec.ts:69:14
    at ZoneDelegate.Object.&lt;anonymous&gt;.ZoneDelegate.invoke (/home/thomas/Documents/projects/knab-james-frontend/node_modules/zone.js/dist/zone-node.js:392:26)
    at ProxyZoneSpec.Object.&lt;anonymous&gt;.ProxyZoneSpec.onInvoke (/home/thomas/Documents/projects/knab-james-frontend/node_modules/zone.js/dist/proxy.js:79:39)
    at ZoneDelegate.Object.&lt;anonymous&gt;.ZoneDelegate.invoke (/home/thomas/Documents/projects/knab-james-frontend/node_modules/zone.js/dist/zone-node.js:391:32)
    at Zone.Object.&lt;anonymous&gt;.Zone.run (/home/thomas/Documents/projects/knab-james-frontend/node_modules/zone.js/dist/zone-node.js:142:43)
    at Object.testBody.length (/home/thomas/Documents/projects/knab-james-frontend/node_modules/jest-zone-patch/index.js:47:27)
    at Object.asyncFn (/home/thomas/Documents/projects/knab-james-frontend/node_modules/jest-jasmine2/build/jasmine_async.js:126:345)
    at resolve (/home/thomas/Documents/projects/knab-james-frontend/node_modules/jest-jasmine2/build/queue_runner.js:47:12)
    at new ZoneAwarePromise (/home/thomas/Documents/projects/knab-james-frontend/node_modules/zone.js/dist/zone-node.js:861:29)
    at mapper (/home/thomas/Documents/projects/knab-james-frontend/node_modules/jest-jasmine2/build/queue_runner.js:36:499)
    at promise.then (/home/thomas/Documents/projects/knab-james-frontend/node_modules/jest-jasmine2/build/queue_runner.js:75:39)
    at ZoneDelegate.Object.&lt;anonymous&gt;.ZoneDelegate.invoke (/home/thomas/Documents/projects/knab-james-frontend/node_modules/zone.js/dist/zone-node.js:392:26)
    at Zone.Object.&lt;anonymous&gt;.Zone.run (/home/thomas/Documents/projects/knab-james-frontend/node_modules/zone.js/dist/zone-node.js:142:43)
    at /home/thomas/Documents/projects/knab-james-frontend/node_modules/zone.js/dist/zone-node.js:844:57
    at ZoneDelegate.Object.&lt;anonymous&gt;.ZoneDelegate.invokeTask (/home/thomas/Documents/projects/knab-james-frontend/node_modules/zone.js/dist/zone-node.js:425:31)
    at Zone.Object.&lt;anonymous&gt;.Zone.runTask (/home/thomas/Documents/projects/knab-james-frontend/node_modules/zone.js/dist/zone-node.js:192:47)
    at drainMicroTaskQueue (/home/thomas/Documents/projects/knab-james-frontend/node_modules/zone.js/dist/zone-node.js:602:35)
    at process._tickCallback (internal/process/next_tick.js:109:7)</failure>
    </testcase>
    <testcase classname="AssistantEffects cannedMessage$ should return a canned message &amp; clear action" name="AssistantEffects cannedMessage$ should return a canned message &amp; clear action" time="0.062">
      <failure>TypeError: this.actions$.ofType(...).map(...).withLatestFrom(...).switchMap is not a function
    at new AssistantEffects (/home/thomas/Documents/projects/knab-james-frontend/src/app/core/effects/assistant.ts:43:9)
    at _createClass (/home/thomas/Documents/projects/knab-james-frontend/packages/core/src/view/ng_module.ts:158:1)
    at _createProviderInstance$1 (/home/thomas/Documents/projects/knab-james-frontend/packages/core/src/view/ng_module.ts:121:1)
    at resolveNgModuleDep (/home/thomas/Documents/projects/knab-james-frontend/node_modules/@angular/core/bundles/core.umd.js:9509:17)
    at NgModuleRef_.Object.&lt;anonymous&gt;.NgModuleRef_.get (/home/thomas/Documents/projects/knab-james-frontend/node_modules/@angular/core/bundles/core.umd.js:10601:16)
    at TestBed.Object.&lt;anonymous&gt;.TestBed.get (/home/thomas/Documents/projects/knab-james-frontend/packages/core/testing/src/test_bed.ts:376:1)
    at Function.Object.&lt;anonymous&gt;.TestBed.get (/home/thomas/Documents/projects/knab-james-frontend/node_modules/@angular/core/bundles/core-testing.umd.js:688:29)
    at /home/thomas/Documents/projects/knab-james-frontend/src/app/core/effects/assistant.spec.ts:54:23
    at ZoneDelegate.Object.&lt;anonymous&gt;.ZoneDelegate.invoke (/home/thomas/Documents/projects/knab-james-frontend/node_modules/zone.js/dist/zone-node.js:392:26)
    at ProxyZoneSpec.Object.&lt;anonymous&gt;.ProxyZoneSpec.onInvoke (/home/thomas/Documents/projects/knab-james-frontend/node_modules/zone.js/dist/proxy.js:79:39)
    at ZoneDelegate.Object.&lt;anonymous&gt;.ZoneDelegate.invoke (/home/thomas/Documents/projects/knab-james-frontend/node_modules/zone.js/dist/zone-node.js:391:32)
    at Zone.Object.&lt;anonymous&gt;.Zone.run (/home/thomas/Documents/projects/knab-james-frontend/node_modules/zone.js/dist/zone-node.js:142:43)
    at Object.testBody.length (/home/thomas/Documents/projects/knab-james-frontend/node_modules/jest-zone-patch/index.js:47:27)
    at Object.asyncFn (/home/thomas/Documents/projects/knab-james-frontend/node_modules/jest-jasmine2/build/jasmine_async.js:124:61)
    at resolve (/home/thomas/Documents/projects/knab-james-frontend/node_modules/jest-jasmine2/build/queue_runner.js:47:12)
    at new ZoneAwarePromise (/home/thomas/Documents/projects/knab-james-frontend/node_modules/zone.js/dist/zone-node.js:861:29)
    at mapper (/home/thomas/Documents/projects/knab-james-frontend/node_modules/jest-jasmine2/build/queue_runner.js:36:499)
    at promise.then (/home/thomas/Documents/projects/knab-james-frontend/node_modules/jest-jasmine2/build/queue_runner.js:75:39)
    at ZoneDelegate.Object.&lt;anonymous&gt;.ZoneDelegate.invoke (/home/thomas/Documents/projects/knab-james-frontend/node_modules/zone.js/dist/zone-node.js:392:26)
    at Zone.Object.&lt;anonymous&gt;.Zone.run (/home/thomas/Documents/projects/knab-james-frontend/node_modules/zone.js/dist/zone-node.js:142:43)
    at /home/thomas/Documents/projects/knab-james-frontend/node_modules/zone.js/dist/zone-node.js:844:57
    at ZoneDelegate.Object.&lt;anonymous&gt;.ZoneDelegate.invokeTask (/home/thomas/Documents/projects/knab-james-frontend/node_modules/zone.js/dist/zone-node.js:425:31)
    at Zone.Object.&lt;anonymous&gt;.Zone.runTask (/home/thomas/Documents/projects/knab-james-frontend/node_modules/zone.js/dist/zone-node.js:192:47)
    at drainMicroTaskQueue (/home/thomas/Documents/projects/knab-james-frontend/node_modules/zone.js/dist/zone-node.js:602:35)
    at process._tickCallback (internal/process/next_tick.js:109:7)</failure>
      <failure>TypeError: Cannot read property &apos;cannedMessage$&apos; of undefined
    at /home/thomas/Documents/projects/knab-james-frontend/src/app/core/effects/assistant.spec.ts:87:14
    at ZoneDelegate.Object.&lt;anonymous&gt;.ZoneDelegate.invoke (/home/thomas/Documents/projects/knab-james-frontend/node_modules/zone.js/dist/zone-node.js:392:26)
    at ProxyZoneSpec.Object.&lt;anonymous&gt;.ProxyZoneSpec.onInvoke (/home/thomas/Documents/projects/knab-james-frontend/node_modules/zone.js/dist/proxy.js:79:39)
    at ZoneDelegate.Object.&lt;anonymous&gt;.ZoneDelegate.invoke (/home/thomas/Documents/projects/knab-james-frontend/node_modules/zone.js/dist/zone-node.js:391:32)
    at Zone.Object.&lt;anonymous&gt;.Zone.run (/home/thomas/Documents/projects/knab-james-frontend/node_modules/zone.js/dist/zone-node.js:142:43)
    at Object.testBody.length (/home/thomas/Documents/projects/knab-james-frontend/node_modules/jest-zone-patch/index.js:47:27)
    at Object.asyncFn (/home/thomas/Documents/projects/knab-james-frontend/node_modules/jest-jasmine2/build/jasmine_async.js:126:345)
    at resolve (/home/thomas/Documents/projects/knab-james-frontend/node_modules/jest-jasmine2/build/queue_runner.js:47:12)
    at new ZoneAwarePromise (/home/thomas/Documents/projects/knab-james-frontend/node_modules/zone.js/dist/zone-node.js:861:29)
    at mapper (/home/thomas/Documents/projects/knab-james-frontend/node_modules/jest-jasmine2/build/queue_runner.js:36:499)
    at promise.then (/home/thomas/Documents/projects/knab-james-frontend/node_modules/jest-jasmine2/build/queue_runner.js:75:39)
    at ZoneDelegate.Object.&lt;anonymous&gt;.ZoneDelegate.invoke (/home/thomas/Documents/projects/knab-james-frontend/node_modules/zone.js/dist/zone-node.js:392:26)
    at Zone.Object.&lt;anonymous&gt;.Zone.run (/home/thomas/Documents/projects/knab-james-frontend/node_modules/zone.js/dist/zone-node.js:142:43)
    at /home/thomas/Documents/projects/knab-james-frontend/node_modules/zone.js/dist/zone-node.js:844:57
    at ZoneDelegate.Object.&lt;anonymous&gt;.ZoneDelegate.invokeTask (/home/thomas/Documents/projects/knab-james-frontend/node_modules/zone.js/dist/zone-node.js:425:31)
    at Zone.Object.&lt;anonymous&gt;.Zone.runTask (/home/thomas/Documents/projects/knab-james-frontend/node_modules/zone.js/dist/zone-node.js:192:47)
    at drainMicroTaskQueue (/home/thomas/Documents/projects/knab-james-frontend/node_modules/zone.js/dist/zone-node.js:602:35)
    at process._tickCallback (internal/process/next_tick.js:109:7)</failure>
    </testcase>
    <testcase classname="AssistantEffects cannedMessage$ should return NO_ACTION on unkown key" name="AssistantEffects cannedMessage$ should return NO_ACTION on unkown key" time="0.051">
      <failure>TypeError: this.actions$.ofType(...).map(...).withLatestFrom(...).switchMap is not a function
    at new AssistantEffects (/home/thomas/Documents/projects/knab-james-frontend/src/app/core/effects/assistant.ts:43:9)
    at _createClass (/home/thomas/Documents/projects/knab-james-frontend/packages/core/src/view/ng_module.ts:158:1)
    at _createProviderInstance$1 (/home/thomas/Documents/projects/knab-james-frontend/packages/core/src/view/ng_module.ts:121:1)
    at resolveNgModuleDep (/home/thomas/Documents/projects/knab-james-frontend/node_modules/@angular/core/bundles/core.umd.js:9509:17)
    at NgModuleRef_.Object.&lt;anonymous&gt;.NgModuleRef_.get (/home/thomas/Documents/projects/knab-james-frontend/node_modules/@angular/core/bundles/core.umd.js:10601:16)
    at TestBed.Object.&lt;anonymous&gt;.TestBed.get (/home/thomas/Documents/projects/knab-james-frontend/packages/core/testing/src/test_bed.ts:376:1)
    at Function.Object.&lt;anonymous&gt;.TestBed.get (/home/thomas/Documents/projects/knab-james-frontend/node_modules/@angular/core/bundles/core-testing.umd.js:688:29)
    at /home/thomas/Documents/projects/knab-james-frontend/src/app/core/effects/assistant.spec.ts:54:23
    at ZoneDelegate.Object.&lt;anonymous&gt;.ZoneDelegate.invoke (/home/thomas/Documents/projects/knab-james-frontend/node_modules/zone.js/dist/zone-node.js:392:26)
    at ProxyZoneSpec.Object.&lt;anonymous&gt;.ProxyZoneSpec.onInvoke (/home/thomas/Documents/projects/knab-james-frontend/node_modules/zone.js/dist/proxy.js:79:39)
    at ZoneDelegate.Object.&lt;anonymous&gt;.ZoneDelegate.invoke (/home/thomas/Documents/projects/knab-james-frontend/node_modules/zone.js/dist/zone-node.js:391:32)
    at Zone.Object.&lt;anonymous&gt;.Zone.run (/home/thomas/Documents/projects/knab-james-frontend/node_modules/zone.js/dist/zone-node.js:142:43)
    at Object.testBody.length (/home/thomas/Documents/projects/knab-james-frontend/node_modules/jest-zone-patch/index.js:47:27)
    at Object.asyncFn (/home/thomas/Documents/projects/knab-james-frontend/node_modules/jest-jasmine2/build/jasmine_async.js:124:61)
    at resolve (/home/thomas/Documents/projects/knab-james-frontend/node_modules/jest-jasmine2/build/queue_runner.js:47:12)
    at new ZoneAwarePromise (/home/thomas/Documents/projects/knab-james-frontend/node_modules/zone.js/dist/zone-node.js:861:29)
    at mapper (/home/thomas/Documents/projects/knab-james-frontend/node_modules/jest-jasmine2/build/queue_runner.js:36:499)
    at promise.then (/home/thomas/Documents/projects/knab-james-frontend/node_modules/jest-jasmine2/build/queue_runner.js:75:39)
    at ZoneDelegate.Object.&lt;anonymous&gt;.ZoneDelegate.invoke (/home/thomas/Documents/projects/knab-james-frontend/node_modules/zone.js/dist/zone-node.js:392:26)
    at Zone.Object.&lt;anonymous&gt;.Zone.run (/home/thomas/Documents/projects/knab-james-frontend/node_modules/zone.js/dist/zone-node.js:142:43)
    at /home/thomas/Documents/projects/knab-james-frontend/node_modules/zone.js/dist/zone-node.js:844:57
    at ZoneDelegate.Object.&lt;anonymous&gt;.ZoneDelegate.invokeTask (/home/thomas/Documents/projects/knab-james-frontend/node_modules/zone.js/dist/zone-node.js:425:31)
    at Zone.Object.&lt;anonymous&gt;.Zone.runTask (/home/thomas/Documents/projects/knab-james-frontend/node_modules/zone.js/dist/zone-node.js:192:47)
    at drainMicroTaskQueue (/home/thomas/Documents/projects/knab-james-frontend/node_modules/zone.js/dist/zone-node.js:602:35)
    at process._tickCallback (internal/process/next_tick.js:109:7)</failure>
      <failure>TypeError: Cannot read property &apos;cannedMessage$&apos; of undefined
    at /home/thomas/Documents/projects/knab-james-frontend/src/app/core/effects/assistant.spec.ts:102:14
    at ZoneDelegate.Object.&lt;anonymous&gt;.ZoneDelegate.invoke (/home/thomas/Documents/projects/knab-james-frontend/node_modules/zone.js/dist/zone-node.js:392:26)
    at ProxyZoneSpec.Object.&lt;anonymous&gt;.ProxyZoneSpec.onInvoke (/home/thomas/Documents/projects/knab-james-frontend/node_modules/zone.js/dist/proxy.js:79:39)
    at ZoneDelegate.Object.&lt;anonymous&gt;.ZoneDelegate.invoke (/home/thomas/Documents/projects/knab-james-frontend/node_modules/zone.js/dist/zone-node.js:391:32)
    at Zone.Object.&lt;anonymous&gt;.Zone.run (/home/thomas/Documents/projects/knab-james-frontend/node_modules/zone.js/dist/zone-node.js:142:43)
    at Object.testBody.length (/home/thomas/Documents/projects/knab-james-frontend/node_modules/jest-zone-patch/index.js:47:27)
    at Object.asyncFn (/home/thomas/Documents/projects/knab-james-frontend/node_modules/jest-jasmine2/build/jasmine_async.js:126:345)
    at resolve (/home/thomas/Documents/projects/knab-james-frontend/node_modules/jest-jasmine2/build/queue_runner.js:47:12)
    at new ZoneAwarePromise (/home/thomas/Documents/projects/knab-james-frontend/node_modules/zone.js/dist/zone-node.js:861:29)
    at mapper (/home/thomas/Documents/projects/knab-james-frontend/node_modules/jest-jasmine2/build/queue_runner.js:36:499)
    at promise.then (/home/thomas/Documents/projects/knab-james-frontend/node_modules/jest-jasmine2/build/queue_runner.js:75:39)
    at ZoneDelegate.Object.&lt;anonymous&gt;.ZoneDelegate.invoke (/home/thomas/Documents/projects/knab-james-frontend/node_modules/zone.js/dist/zone-node.js:392:26)
    at Zone.Object.&lt;anonymous&gt;.Zone.run (/home/thomas/Documents/projects/knab-james-frontend/node_modules/zone.js/dist/zone-node.js:142:43)
    at /home/thomas/Documents/projects/knab-james-frontend/node_modules/zone.js/dist/zone-node.js:844:57
    at ZoneDelegate.Object.&lt;anonymous&gt;.ZoneDelegate.invokeTask (/home/thomas/Documents/projects/knab-james-frontend/node_modules/zone.js/dist/zone-node.js:425:31)
    at Zone.Object.&lt;anonymous&gt;.Zone.runTask (/home/thomas/Documents/projects/knab-james-frontend/node_modules/zone.js/dist/zone-node.js:192:47)
    at drainMicroTaskQueue (/home/thomas/Documents/projects/knab-james-frontend/node_modules/zone.js/dist/zone-node.js:602:35)
    at process._tickCallback (internal/process/next_tick.js:109:7)</failure>
    </testcase>
  </testsuite>
  <testsuite name="Component: DashboardDetail" tests="4" errors="0" failures="4" skipped="0" timestamp="2017-10-07T17:22:57" time="2.287">
    <testcase classname="Component: DashboardDetail with routing to car should show an assistant message" name="Component: DashboardDetail with routing to car should show an assistant message" time="1.487">
      <failure>TypeError: Observable_1.Observable.of is not a function
    at /home/thomas/Documents/projects/knab-james-frontend/src/app/dashboard/containers/dashboard-detail.component.spec.ts:33:33
    at ZoneDelegate.Object.&lt;anonymous&gt;.ZoneDelegate.invoke (/home/thomas/Documents/projects/knab-james-frontend/node_modules/zone.js/dist/zone-node.js:392:26)
    at AsyncTestZoneSpec.Object.&lt;anonymous&gt;.AsyncTestZoneSpec.onInvoke (/home/thomas/Documents/projects/knab-james-frontend/node_modules/zone.js/dist/async-test.js:49:39)
    at ProxyZoneSpec.Object.&lt;anonymous&gt;.ProxyZoneSpec.onInvoke (/home/thomas/Documents/projects/knab-james-frontend/node_modules/zone.js/dist/proxy.js:76:39)
    at ZoneDelegate.Object.&lt;anonymous&gt;.ZoneDelegate.invoke (/home/thomas/Documents/projects/knab-james-frontend/node_modules/zone.js/dist/zone-node.js:391:32)
    at Zone.Object.&lt;anonymous&gt;.Zone.runGuarded (/home/thomas/Documents/projects/knab-james-frontend/node_modules/zone.js/dist/zone-node.js:155:47)
    at runInTestZone (/home/thomas/Documents/projects/knab-james-frontend/node_modules/@angular/core/bundles/core-testing.umd.js:141:25)
    at /home/thomas/Documents/projects/knab-james-frontend/node_modules/@angular/core/bundles/core-testing.umd.js:80:13
    at ZoneDelegate.Object.&lt;anonymous&gt;.ZoneDelegate.invoke (/home/thomas/Documents/projects/knab-james-frontend/node_modules/zone.js/dist/zone-node.js:392:26)
    at ProxyZoneSpec.Object.&lt;anonymous&gt;.ProxyZoneSpec.onInvoke (/home/thomas/Documents/projects/knab-james-frontend/node_modules/zone.js/dist/proxy.js:79:39)
    at ZoneDelegate.Object.&lt;anonymous&gt;.ZoneDelegate.invoke (/home/thomas/Documents/projects/knab-james-frontend/node_modules/zone.js/dist/zone-node.js:391:32)
    at Zone.Object.&lt;anonymous&gt;.Zone.run (/home/thomas/Documents/projects/knab-james-frontend/node_modules/zone.js/dist/zone-node.js:142:43)
    at Object.testBody.length.done (/home/thomas/Documents/projects/knab-james-frontend/node_modules/jest-zone-patch/index.js:48:29)
    at resolve (/home/thomas/Documents/projects/knab-james-frontend/node_modules/jest-jasmine2/build/queue_runner.js:47:12)
    at new ZoneAwarePromise (/home/thomas/Documents/projects/knab-james-frontend/node_modules/zone.js/dist/zone-node.js:861:29)
    at mapper (/home/thomas/Documents/projects/knab-james-frontend/node_modules/jest-jasmine2/build/queue_runner.js:36:499)
    at promise.then (/home/thomas/Documents/projects/knab-james-frontend/node_modules/jest-jasmine2/build/queue_runner.js:75:39)
    at ZoneDelegate.Object.&lt;anonymous&gt;.ZoneDelegate.invoke (/home/thomas/Documents/projects/knab-james-frontend/node_modules/zone.js/dist/zone-node.js:392:26)
    at Zone.Object.&lt;anonymous&gt;.Zone.run (/home/thomas/Documents/projects/knab-james-frontend/node_modules/zone.js/dist/zone-node.js:142:43)
    at /home/thomas/Documents/projects/knab-james-frontend/node_modules/zone.js/dist/zone-node.js:844:57
    at ZoneDelegate.Object.&lt;anonymous&gt;.ZoneDelegate.invokeTask (/home/thomas/Documents/projects/knab-james-frontend/node_modules/zone.js/dist/zone-node.js:425:31)
    at Zone.Object.&lt;anonymous&gt;.Zone.runTask (/home/thomas/Documents/projects/knab-james-frontend/node_modules/zone.js/dist/zone-node.js:192:47)
    at drainMicroTaskQueue (/home/thomas/Documents/projects/knab-james-frontend/node_modules/zone.js/dist/zone-node.js:602:35)
    at process._tickCallback (internal/process/next_tick.js:109:7)</failure>
      <failure>Error: Illegal state: Could not load the summary for directive DashboardDetailComponent.
    at syntaxError (/home/thomas/Documents/projects/knab-james-frontend/node_modules/@angular/compiler/@angular/compiler.es5.js:1695:2)
    at CompileMetadataResolver.Object.&lt;anonymous&gt;.CompileMetadataResolver.getDirectiveSummary (/home/thomas/Documents/projects/knab-james-frontend/node_modules/@angular/compiler/bundles/compiler.umd.js:15307:31)
    at JitCompiler.Object.&lt;anonymous&gt;.JitCompiler.getComponentFactory (/home/thomas/Documents/projects/knab-james-frontend/node_modules/@angular/compiler/bundles/compiler.umd.js:26768:63)
    at TestingCompilerImpl.Object.&lt;anonymous&gt;.TestingCompilerImpl.getComponentFactory (/home/thomas/Documents/projects/knab-james-frontend/packages/compiler/testing/src/testing.ts:98:1)
    at TestBed.Object.&lt;anonymous&gt;.TestBed.createComponent (/home/thomas/Documents/projects/knab-james-frontend/packages/core/testing/src/test_bed.ts:454:1)
    at Function.Object.&lt;anonymous&gt;.TestBed.createComponent (/home/thomas/Documents/projects/knab-james-frontend/node_modules/@angular/core/bundles/core-testing.umd.js:691:29)
    at /home/thomas/Documents/projects/knab-james-frontend/src/app/dashboard/containers/dashboard-detail.component.spec.ts:71:25
    at ZoneDelegate.Object.&lt;anonymous&gt;.ZoneDelegate.invoke (/home/thomas/Documents/projects/knab-james-frontend/node_modules/zone.js/dist/zone-node.js:392:26)
    at ProxyZoneSpec.Object.&lt;anonymous&gt;.ProxyZoneSpec.onInvoke (/home/thomas/Documents/projects/knab-james-frontend/node_modules/zone.js/dist/proxy.js:79:39)
    at ZoneDelegate.Object.&lt;anonymous&gt;.ZoneDelegate.invoke (/home/thomas/Documents/projects/knab-james-frontend/node_modules/zone.js/dist/zone-node.js:391:32)
    at Zone.Object.&lt;anonymous&gt;.Zone.run (/home/thomas/Documents/projects/knab-james-frontend/node_modules/zone.js/dist/zone-node.js:142:43)
    at Object.testBody.length (/home/thomas/Documents/projects/knab-james-frontend/node_modules/jest-zone-patch/index.js:47:27)
    at Object.asyncFn (/home/thomas/Documents/projects/knab-james-frontend/node_modules/jest-jasmine2/build/jasmine_async.js:124:61)
    at resolve (/home/thomas/Documents/projects/knab-james-frontend/node_modules/jest-jasmine2/build/queue_runner.js:47:12)
    at new ZoneAwarePromise (/home/thomas/Documents/projects/knab-james-frontend/node_modules/zone.js/dist/zone-node.js:861:29)
    at mapper (/home/thomas/Documents/projects/knab-james-frontend/node_modules/jest-jasmine2/build/queue_runner.js:36:499)
    at promise.then (/home/thomas/Documents/projects/knab-james-frontend/node_modules/jest-jasmine2/build/queue_runner.js:75:39)
    at ZoneDelegate.Object.&lt;anonymous&gt;.ZoneDelegate.invoke (/home/thomas/Documents/projects/knab-james-frontend/node_modules/zone.js/dist/zone-node.js:392:26)
    at Zone.Object.&lt;anonymous&gt;.Zone.run (/home/thomas/Documents/projects/knab-james-frontend/node_modules/zone.js/dist/zone-node.js:142:43)
    at /home/thomas/Documents/projects/knab-james-frontend/node_modules/zone.js/dist/zone-node.js:844:57
    at ZoneDelegate.Object.&lt;anonymous&gt;.ZoneDelegate.invokeTask (/home/thomas/Documents/projects/knab-james-frontend/node_modules/zone.js/dist/zone-node.js:425:31)
    at Zone.Object.&lt;anonymous&gt;.Zone.runTask (/home/thomas/Documents/projects/knab-james-frontend/node_modules/zone.js/dist/zone-node.js:192:47)
    at drainMicroTaskQueue (/home/thomas/Documents/projects/knab-james-frontend/node_modules/zone.js/dist/zone-node.js:602:35)
    at process._tickCallback (internal/process/next_tick.js:109:7)</failure>
      <failure>TypeError: Cannot read property &apos;ngOnInit&apos; of undefined
    at /home/thomas/Documents/projects/knab-james-frontend/src/app/dashboard/containers/dashboard-detail.component.spec.ts:82:11
    at ZoneDelegate.Object.&lt;anonymous&gt;.ZoneDelegate.invoke (/home/thomas/Documents/projects/knab-james-frontend/node_modules/zone.js/dist/zone-node.js:392:26)
    at ProxyZoneSpec.Object.&lt;anonymous&gt;.ProxyZoneSpec.onInvoke (/home/thomas/Documents/projects/knab-james-frontend/node_modules/zone.js/dist/proxy.js:79:39)
    at ZoneDelegate.Object.&lt;anonymous&gt;.ZoneDelegate.invoke (/home/thomas/Documents/projects/knab-james-frontend/node_modules/zone.js/dist/zone-node.js:391:32)
    at Zone.Object.&lt;anonymous&gt;.Zone.run (/home/thomas/Documents/projects/knab-james-frontend/node_modules/zone.js/dist/zone-node.js:142:43)
    at Object.testBody.length (/home/thomas/Documents/projects/knab-james-frontend/node_modules/jest-zone-patch/index.js:47:27)
    at Object.asyncFn (/home/thomas/Documents/projects/knab-james-frontend/node_modules/jest-jasmine2/build/jasmine_async.js:126:345)
    at resolve (/home/thomas/Documents/projects/knab-james-frontend/node_modules/jest-jasmine2/build/queue_runner.js:47:12)
    at new ZoneAwarePromise (/home/thomas/Documents/projects/knab-james-frontend/node_modules/zone.js/dist/zone-node.js:861:29)
    at mapper (/home/thomas/Documents/projects/knab-james-frontend/node_modules/jest-jasmine2/build/queue_runner.js:36:499)
    at promise.then (/home/thomas/Documents/projects/knab-james-frontend/node_modules/jest-jasmine2/build/queue_runner.js:75:39)
    at ZoneDelegate.Object.&lt;anonymous&gt;.ZoneDelegate.invoke (/home/thomas/Documents/projects/knab-james-frontend/node_modules/zone.js/dist/zone-node.js:392:26)
    at Zone.Object.&lt;anonymous&gt;.Zone.run (/home/thomas/Documents/projects/knab-james-frontend/node_modules/zone.js/dist/zone-node.js:142:43)
    at /home/thomas/Documents/projects/knab-james-frontend/node_modules/zone.js/dist/zone-node.js:844:57
    at ZoneDelegate.Object.&lt;anonymous&gt;.ZoneDelegate.invokeTask (/home/thomas/Documents/projects/knab-james-frontend/node_modules/zone.js/dist/zone-node.js:425:31)
    at Zone.Object.&lt;anonymous&gt;.Zone.runTask (/home/thomas/Documents/projects/knab-james-frontend/node_modules/zone.js/dist/zone-node.js:192:47)
    at drainMicroTaskQueue (/home/thomas/Documents/projects/knab-james-frontend/node_modules/zone.js/dist/zone-node.js:602:35)
    at process._tickCallback (internal/process/next_tick.js:109:7)</failure>
    </testcase>
    <testcase classname="Component: DashboardDetail with routing to car should contain insurance type parameter" name="Component: DashboardDetail with routing to car should contain insurance type parameter" time="0.036">
      <failure>TypeError: Observable_1.Observable.of is not a function
    at /home/thomas/Documents/projects/knab-james-frontend/src/app/dashboard/containers/dashboard-detail.component.spec.ts:33:33
    at ZoneDelegate.Object.&lt;anonymous&gt;.ZoneDelegate.invoke (/home/thomas/Documents/projects/knab-james-frontend/node_modules/zone.js/dist/zone-node.js:392:26)
    at AsyncTestZoneSpec.Object.&lt;anonymous&gt;.AsyncTestZoneSpec.onInvoke (/home/thomas/Documents/projects/knab-james-frontend/node_modules/zone.js/dist/async-test.js:49:39)
    at ProxyZoneSpec.Object.&lt;anonymous&gt;.ProxyZoneSpec.onInvoke (/home/thomas/Documents/projects/knab-james-frontend/node_modules/zone.js/dist/proxy.js:76:39)
    at ZoneDelegate.Object.&lt;anonymous&gt;.ZoneDelegate.invoke (/home/thomas/Documents/projects/knab-james-frontend/node_modules/zone.js/dist/zone-node.js:391:32)
    at Zone.Object.&lt;anonymous&gt;.Zone.runGuarded (/home/thomas/Documents/projects/knab-james-frontend/node_modules/zone.js/dist/zone-node.js:155:47)
    at runInTestZone (/home/thomas/Documents/projects/knab-james-frontend/node_modules/@angular/core/bundles/core-testing.umd.js:141:25)
    at /home/thomas/Documents/projects/knab-james-frontend/node_modules/@angular/core/bundles/core-testing.umd.js:80:13
    at ZoneDelegate.Object.&lt;anonymous&gt;.ZoneDelegate.invoke (/home/thomas/Documents/projects/knab-james-frontend/node_modules/zone.js/dist/zone-node.js:392:26)
    at ProxyZoneSpec.Object.&lt;anonymous&gt;.ProxyZoneSpec.onInvoke (/home/thomas/Documents/projects/knab-james-frontend/node_modules/zone.js/dist/proxy.js:79:39)
    at ZoneDelegate.Object.&lt;anonymous&gt;.ZoneDelegate.invoke (/home/thomas/Documents/projects/knab-james-frontend/node_modules/zone.js/dist/zone-node.js:391:32)
    at Zone.Object.&lt;anonymous&gt;.Zone.run (/home/thomas/Documents/projects/knab-james-frontend/node_modules/zone.js/dist/zone-node.js:142:43)
    at Object.testBody.length.done (/home/thomas/Documents/projects/knab-james-frontend/node_modules/jest-zone-patch/index.js:48:29)
    at resolve (/home/thomas/Documents/projects/knab-james-frontend/node_modules/jest-jasmine2/build/queue_runner.js:47:12)
    at new ZoneAwarePromise (/home/thomas/Documents/projects/knab-james-frontend/node_modules/zone.js/dist/zone-node.js:861:29)
    at mapper (/home/thomas/Documents/projects/knab-james-frontend/node_modules/jest-jasmine2/build/queue_runner.js:36:499)
    at promise.then (/home/thomas/Documents/projects/knab-james-frontend/node_modules/jest-jasmine2/build/queue_runner.js:75:39)
    at ZoneDelegate.Object.&lt;anonymous&gt;.ZoneDelegate.invoke (/home/thomas/Documents/projects/knab-james-frontend/node_modules/zone.js/dist/zone-node.js:392:26)
    at Zone.Object.&lt;anonymous&gt;.Zone.run (/home/thomas/Documents/projects/knab-james-frontend/node_modules/zone.js/dist/zone-node.js:142:43)
    at /home/thomas/Documents/projects/knab-james-frontend/node_modules/zone.js/dist/zone-node.js:844:57
    at ZoneDelegate.Object.&lt;anonymous&gt;.ZoneDelegate.invokeTask (/home/thomas/Documents/projects/knab-james-frontend/node_modules/zone.js/dist/zone-node.js:425:31)
    at Zone.Object.&lt;anonymous&gt;.Zone.runTask (/home/thomas/Documents/projects/knab-james-frontend/node_modules/zone.js/dist/zone-node.js:192:47)
    at drainMicroTaskQueue (/home/thomas/Documents/projects/knab-james-frontend/node_modules/zone.js/dist/zone-node.js:602:35)
    at process._tickCallback (internal/process/next_tick.js:109:7)</failure>
      <failure>Error: Illegal state: Could not load the summary for directive DashboardDetailComponent.
    at syntaxError (/home/thomas/Documents/projects/knab-james-frontend/node_modules/@angular/compiler/@angular/compiler.es5.js:1695:2)
    at CompileMetadataResolver.Object.&lt;anonymous&gt;.CompileMetadataResolver.getDirectiveSummary (/home/thomas/Documents/projects/knab-james-frontend/node_modules/@angular/compiler/bundles/compiler.umd.js:15307:31)
    at JitCompiler.Object.&lt;anonymous&gt;.JitCompiler.getComponentFactory (/home/thomas/Documents/projects/knab-james-frontend/node_modules/@angular/compiler/bundles/compiler.umd.js:26768:63)
    at TestingCompilerImpl.Object.&lt;anonymous&gt;.TestingCompilerImpl.getComponentFactory (/home/thomas/Documents/projects/knab-james-frontend/packages/compiler/testing/src/testing.ts:98:1)
    at TestBed.Object.&lt;anonymous&gt;.TestBed.createComponent (/home/thomas/Documents/projects/knab-james-frontend/packages/core/testing/src/test_bed.ts:454:1)
    at Function.Object.&lt;anonymous&gt;.TestBed.createComponent (/home/thomas/Documents/projects/knab-james-frontend/node_modules/@angular/core/bundles/core-testing.umd.js:691:29)
    at /home/thomas/Documents/projects/knab-james-frontend/src/app/dashboard/containers/dashboard-detail.component.spec.ts:71:25
    at ZoneDelegate.Object.&lt;anonymous&gt;.ZoneDelegate.invoke (/home/thomas/Documents/projects/knab-james-frontend/node_modules/zone.js/dist/zone-node.js:392:26)
    at ProxyZoneSpec.Object.&lt;anonymous&gt;.ProxyZoneSpec.onInvoke (/home/thomas/Documents/projects/knab-james-frontend/node_modules/zone.js/dist/proxy.js:79:39)
    at ZoneDelegate.Object.&lt;anonymous&gt;.ZoneDelegate.invoke (/home/thomas/Documents/projects/knab-james-frontend/node_modules/zone.js/dist/zone-node.js:391:32)
    at Zone.Object.&lt;anonymous&gt;.Zone.run (/home/thomas/Documents/projects/knab-james-frontend/node_modules/zone.js/dist/zone-node.js:142:43)
    at Object.testBody.length (/home/thomas/Documents/projects/knab-james-frontend/node_modules/jest-zone-patch/index.js:47:27)
    at Object.asyncFn (/home/thomas/Documents/projects/knab-james-frontend/node_modules/jest-jasmine2/build/jasmine_async.js:124:61)
    at resolve (/home/thomas/Documents/projects/knab-james-frontend/node_modules/jest-jasmine2/build/queue_runner.js:47:12)
    at new ZoneAwarePromise (/home/thomas/Documents/projects/knab-james-frontend/node_modules/zone.js/dist/zone-node.js:861:29)
    at mapper (/home/thomas/Documents/projects/knab-james-frontend/node_modules/jest-jasmine2/build/queue_runner.js:36:499)
    at promise.then (/home/thomas/Documents/projects/knab-james-frontend/node_modules/jest-jasmine2/build/queue_runner.js:75:39)
    at ZoneDelegate.Object.&lt;anonymous&gt;.ZoneDelegate.invoke (/home/thomas/Documents/projects/knab-james-frontend/node_modules/zone.js/dist/zone-node.js:392:26)
    at Zone.Object.&lt;anonymous&gt;.Zone.run (/home/thomas/Documents/projects/knab-james-frontend/node_modules/zone.js/dist/zone-node.js:142:43)
    at /home/thomas/Documents/projects/knab-james-frontend/node_modules/zone.js/dist/zone-node.js:844:57
    at ZoneDelegate.Object.&lt;anonymous&gt;.ZoneDelegate.invokeTask (/home/thomas/Documents/projects/knab-james-frontend/node_modules/zone.js/dist/zone-node.js:425:31)
    at Zone.Object.&lt;anonymous&gt;.Zone.runTask (/home/thomas/Documents/projects/knab-james-frontend/node_modules/zone.js/dist/zone-node.js:192:47)
    at drainMicroTaskQueue (/home/thomas/Documents/projects/knab-james-frontend/node_modules/zone.js/dist/zone-node.js:602:35)
    at process._tickCallback (internal/process/next_tick.js:109:7)</failure>
      <failure>TypeError: Cannot read property &apos;insuranceType&apos; of undefined
    at /home/thomas/Documents/projects/knab-james-frontend/src/app/dashboard/containers/dashboard-detail.component.spec.ts:88:18
    at ZoneDelegate.Object.&lt;anonymous&gt;.ZoneDelegate.invoke (/home/thomas/Documents/projects/knab-james-frontend/node_modules/zone.js/dist/zone-node.js:392:26)
    at ProxyZoneSpec.Object.&lt;anonymous&gt;.ProxyZoneSpec.onInvoke (/home/thomas/Documents/projects/knab-james-frontend/node_modules/zone.js/dist/proxy.js:79:39)
    at ZoneDelegate.Object.&lt;anonymous&gt;.ZoneDelegate.invoke (/home/thomas/Documents/projects/knab-james-frontend/node_modules/zone.js/dist/zone-node.js:391:32)
    at Zone.Object.&lt;anonymous&gt;.Zone.run (/home/thomas/Documents/projects/knab-james-frontend/node_modules/zone.js/dist/zone-node.js:142:43)
    at Object.testBody.length (/home/thomas/Documents/projects/knab-james-frontend/node_modules/jest-zone-patch/index.js:47:27)
    at Object.asyncFn (/home/thomas/Documents/projects/knab-james-frontend/node_modules/jest-jasmine2/build/jasmine_async.js:126:345)
    at resolve (/home/thomas/Documents/projects/knab-james-frontend/node_modules/jest-jasmine2/build/queue_runner.js:47:12)
    at new ZoneAwarePromise (/home/thomas/Documents/projects/knab-james-frontend/node_modules/zone.js/dist/zone-node.js:861:29)
    at mapper (/home/thomas/Documents/projects/knab-james-frontend/node_modules/jest-jasmine2/build/queue_runner.js:36:499)
    at promise.then (/home/thomas/Documents/projects/knab-james-frontend/node_modules/jest-jasmine2/build/queue_runner.js:75:39)
    at ZoneDelegate.Object.&lt;anonymous&gt;.ZoneDelegate.invoke (/home/thomas/Documents/projects/knab-james-frontend/node_modules/zone.js/dist/zone-node.js:392:26)
    at Zone.Object.&lt;anonymous&gt;.Zone.run (/home/thomas/Documents/projects/knab-james-frontend/node_modules/zone.js/dist/zone-node.js:142:43)
    at /home/thomas/Documents/projects/knab-james-frontend/node_modules/zone.js/dist/zone-node.js:844:57
    at ZoneDelegate.Object.&lt;anonymous&gt;.ZoneDelegate.invokeTask (/home/thomas/Documents/projects/knab-james-frontend/node_modules/zone.js/dist/zone-node.js:425:31)
    at Zone.Object.&lt;anonymous&gt;.Zone.runTask (/home/thomas/Documents/projects/knab-james-frontend/node_modules/zone.js/dist/zone-node.js:192:47)
    at drainMicroTaskQueue (/home/thomas/Documents/projects/knab-james-frontend/node_modules/zone.js/dist/zone-node.js:602:35)
    at process._tickCallback (internal/process/next_tick.js:109:7)</failure>
    </testcase>
    <testcase classname="Component: DashboardDetail with routing to car should go to new advice if click on button" name="Component: DashboardDetail with routing to car should go to new advice if click on button" time="0.086">
      <failure>TypeError: Observable_1.Observable.of is not a function
    at /home/thomas/Documents/projects/knab-james-frontend/src/app/dashboard/containers/dashboard-detail.component.spec.ts:33:33
    at ZoneDelegate.Object.&lt;anonymous&gt;.ZoneDelegate.invoke (/home/thomas/Documents/projects/knab-james-frontend/node_modules/zone.js/dist/zone-node.js:392:26)
    at AsyncTestZoneSpec.Object.&lt;anonymous&gt;.AsyncTestZoneSpec.onInvoke (/home/thomas/Documents/projects/knab-james-frontend/node_modules/zone.js/dist/async-test.js:49:39)
    at ProxyZoneSpec.Object.&lt;anonymous&gt;.ProxyZoneSpec.onInvoke (/home/thomas/Documents/projects/knab-james-frontend/node_modules/zone.js/dist/proxy.js:76:39)
    at ZoneDelegate.Object.&lt;anonymous&gt;.ZoneDelegate.invoke (/home/thomas/Documents/projects/knab-james-frontend/node_modules/zone.js/dist/zone-node.js:391:32)
    at Zone.Object.&lt;anonymous&gt;.Zone.runGuarded (/home/thomas/Documents/projects/knab-james-frontend/node_modules/zone.js/dist/zone-node.js:155:47)
    at runInTestZone (/home/thomas/Documents/projects/knab-james-frontend/node_modules/@angular/core/bundles/core-testing.umd.js:141:25)
    at /home/thomas/Documents/projects/knab-james-frontend/node_modules/@angular/core/bundles/core-testing.umd.js:80:13
    at ZoneDelegate.Object.&lt;anonymous&gt;.ZoneDelegate.invoke (/home/thomas/Documents/projects/knab-james-frontend/node_modules/zone.js/dist/zone-node.js:392:26)
    at ProxyZoneSpec.Object.&lt;anonymous&gt;.ProxyZoneSpec.onInvoke (/home/thomas/Documents/projects/knab-james-frontend/node_modules/zone.js/dist/proxy.js:79:39)
    at ZoneDelegate.Object.&lt;anonymous&gt;.ZoneDelegate.invoke (/home/thomas/Documents/projects/knab-james-frontend/node_modules/zone.js/dist/zone-node.js:391:32)
    at Zone.Object.&lt;anonymous&gt;.Zone.run (/home/thomas/Documents/projects/knab-james-frontend/node_modules/zone.js/dist/zone-node.js:142:43)
    at Object.testBody.length.done (/home/thomas/Documents/projects/knab-james-frontend/node_modules/jest-zone-patch/index.js:48:29)
    at resolve (/home/thomas/Documents/projects/knab-james-frontend/node_modules/jest-jasmine2/build/queue_runner.js:47:12)
    at new ZoneAwarePromise (/home/thomas/Documents/projects/knab-james-frontend/node_modules/zone.js/dist/zone-node.js:861:29)
    at mapper (/home/thomas/Documents/projects/knab-james-frontend/node_modules/jest-jasmine2/build/queue_runner.js:36:499)
    at promise.then (/home/thomas/Documents/projects/knab-james-frontend/node_modules/jest-jasmine2/build/queue_runner.js:75:39)
    at ZoneDelegate.Object.&lt;anonymous&gt;.ZoneDelegate.invoke (/home/thomas/Documents/projects/knab-james-frontend/node_modules/zone.js/dist/zone-node.js:392:26)
    at Zone.Object.&lt;anonymous&gt;.Zone.run (/home/thomas/Documents/projects/knab-james-frontend/node_modules/zone.js/dist/zone-node.js:142:43)
    at /home/thomas/Documents/projects/knab-james-frontend/node_modules/zone.js/dist/zone-node.js:844:57
    at ZoneDelegate.Object.&lt;anonymous&gt;.ZoneDelegate.invokeTask (/home/thomas/Documents/projects/knab-james-frontend/node_modules/zone.js/dist/zone-node.js:425:31)
    at Zone.Object.&lt;anonymous&gt;.Zone.runTask (/home/thomas/Documents/projects/knab-james-frontend/node_modules/zone.js/dist/zone-node.js:192:47)
    at drainMicroTaskQueue (/home/thomas/Documents/projects/knab-james-frontend/node_modules/zone.js/dist/zone-node.js:602:35)
    at process._tickCallback (internal/process/next_tick.js:109:7)</failure>
      <failure>Error: Illegal state: Could not load the summary for directive DashboardDetailComponent.
    at syntaxError (/home/thomas/Documents/projects/knab-james-frontend/node_modules/@angular/compiler/@angular/compiler.es5.js:1695:2)
    at CompileMetadataResolver.Object.&lt;anonymous&gt;.CompileMetadataResolver.getDirectiveSummary (/home/thomas/Documents/projects/knab-james-frontend/node_modules/@angular/compiler/bundles/compiler.umd.js:15307:31)
    at JitCompiler.Object.&lt;anonymous&gt;.JitCompiler.getComponentFactory (/home/thomas/Documents/projects/knab-james-frontend/node_modules/@angular/compiler/bundles/compiler.umd.js:26768:63)
    at TestingCompilerImpl.Object.&lt;anonymous&gt;.TestingCompilerImpl.getComponentFactory (/home/thomas/Documents/projects/knab-james-frontend/packages/compiler/testing/src/testing.ts:98:1)
    at TestBed.Object.&lt;anonymous&gt;.TestBed.createComponent (/home/thomas/Documents/projects/knab-james-frontend/packages/core/testing/src/test_bed.ts:454:1)
    at Function.Object.&lt;anonymous&gt;.TestBed.createComponent (/home/thomas/Documents/projects/knab-james-frontend/node_modules/@angular/core/bundles/core-testing.umd.js:691:29)
    at /home/thomas/Documents/projects/knab-james-frontend/src/app/dashboard/containers/dashboard-detail.component.spec.ts:71:25
    at ZoneDelegate.Object.&lt;anonymous&gt;.ZoneDelegate.invoke (/home/thomas/Documents/projects/knab-james-frontend/node_modules/zone.js/dist/zone-node.js:392:26)
    at ProxyZoneSpec.Object.&lt;anonymous&gt;.ProxyZoneSpec.onInvoke (/home/thomas/Documents/projects/knab-james-frontend/node_modules/zone.js/dist/proxy.js:79:39)
    at ZoneDelegate.Object.&lt;anonymous&gt;.ZoneDelegate.invoke (/home/thomas/Documents/projects/knab-james-frontend/node_modules/zone.js/dist/zone-node.js:391:32)
    at Zone.Object.&lt;anonymous&gt;.Zone.run (/home/thomas/Documents/projects/knab-james-frontend/node_modules/zone.js/dist/zone-node.js:142:43)
    at Object.testBody.length (/home/thomas/Documents/projects/knab-james-frontend/node_modules/jest-zone-patch/index.js:47:27)
    at Object.asyncFn (/home/thomas/Documents/projects/knab-james-frontend/node_modules/jest-jasmine2/build/jasmine_async.js:124:61)
    at resolve (/home/thomas/Documents/projects/knab-james-frontend/node_modules/jest-jasmine2/build/queue_runner.js:47:12)
    at new ZoneAwarePromise (/home/thomas/Documents/projects/knab-james-frontend/node_modules/zone.js/dist/zone-node.js:861:29)
    at mapper (/home/thomas/Documents/projects/knab-james-frontend/node_modules/jest-jasmine2/build/queue_runner.js:36:499)
    at promise.then (/home/thomas/Documents/projects/knab-james-frontend/node_modules/jest-jasmine2/build/queue_runner.js:75:39)
    at ZoneDelegate.Object.&lt;anonymous&gt;.ZoneDelegate.invoke (/home/thomas/Documents/projects/knab-james-frontend/node_modules/zone.js/dist/zone-node.js:392:26)
    at Zone.Object.&lt;anonymous&gt;.Zone.run (/home/thomas/Documents/projects/knab-james-frontend/node_modules/zone.js/dist/zone-node.js:142:43)
    at /home/thomas/Documents/projects/knab-james-frontend/node_modules/zone.js/dist/zone-node.js:844:57
    at ZoneDelegate.Object.&lt;anonymous&gt;.ZoneDelegate.invokeTask (/home/thomas/Documents/projects/knab-james-frontend/node_modules/zone.js/dist/zone-node.js:425:31)
    at Zone.Object.&lt;anonymous&gt;.Zone.runTask (/home/thomas/Documents/projects/knab-james-frontend/node_modules/zone.js/dist/zone-node.js:192:47)
    at drainMicroTaskQueue (/home/thomas/Documents/projects/knab-james-frontend/node_modules/zone.js/dist/zone-node.js:602:35)
    at process._tickCallback (internal/process/next_tick.js:109:7)</failure>
      <failure>TypeError: Cannot read property &apos;goToAdvice&apos; of undefined
    at /home/thomas/Documents/projects/knab-james-frontend/src/app/dashboard/containers/dashboard-detail.component.spec.ts:95:11
    at ZoneDelegate.Object.&lt;anonymous&gt;.ZoneDelegate.invoke (/home/thomas/Documents/projects/knab-james-frontend/node_modules/zone.js/dist/zone-node.js:392:26)
    at ProxyZoneSpec.Object.&lt;anonymous&gt;.ProxyZoneSpec.onInvoke (/home/thomas/Documents/projects/knab-james-frontend/node_modules/zone.js/dist/proxy.js:79:39)
    at ZoneDelegate.Object.&lt;anonymous&gt;.ZoneDelegate.invoke (/home/thomas/Documents/projects/knab-james-frontend/node_modules/zone.js/dist/zone-node.js:391:32)
    at Zone.Object.&lt;anonymous&gt;.Zone.run (/home/thomas/Documents/projects/knab-james-frontend/node_modules/zone.js/dist/zone-node.js:142:43)
    at Object.testBody.length (/home/thomas/Documents/projects/knab-james-frontend/node_modules/jest-zone-patch/index.js:47:27)
    at Object.asyncFn (/home/thomas/Documents/projects/knab-james-frontend/node_modules/jest-jasmine2/build/jasmine_async.js:126:345)
    at resolve (/home/thomas/Documents/projects/knab-james-frontend/node_modules/jest-jasmine2/build/queue_runner.js:47:12)
    at new ZoneAwarePromise (/home/thomas/Documents/projects/knab-james-frontend/node_modules/zone.js/dist/zone-node.js:861:29)
    at mapper (/home/thomas/Documents/projects/knab-james-frontend/node_modules/jest-jasmine2/build/queue_runner.js:36:499)
    at promise.then (/home/thomas/Documents/projects/knab-james-frontend/node_modules/jest-jasmine2/build/queue_runner.js:75:39)
    at ZoneDelegate.Object.&lt;anonymous&gt;.ZoneDelegate.invoke (/home/thomas/Documents/projects/knab-james-frontend/node_modules/zone.js/dist/zone-node.js:392:26)
    at Zone.Object.&lt;anonymous&gt;.Zone.run (/home/thomas/Documents/projects/knab-james-frontend/node_modules/zone.js/dist/zone-node.js:142:43)
    at /home/thomas/Documents/projects/knab-james-frontend/node_modules/zone.js/dist/zone-node.js:844:57
    at ZoneDelegate.Object.&lt;anonymous&gt;.ZoneDelegate.invokeTask (/home/thomas/Documents/projects/knab-james-frontend/node_modules/zone.js/dist/zone-node.js:425:31)
    at Zone.Object.&lt;anonymous&gt;.Zone.runTask (/home/thomas/Documents/projects/knab-james-frontend/node_modules/zone.js/dist/zone-node.js:192:47)
    at drainMicroTaskQueue (/home/thomas/Documents/projects/knab-james-frontend/node_modules/zone.js/dist/zone-node.js:602:35)
    at process._tickCallback (internal/process/next_tick.js:109:7)</failure>
    </testcase>
    <testcase classname="Component: DashboardDetail with routing to car should go to compare if click on compare button" name="Component: DashboardDetail with routing to car should go to compare if click on compare button" time="0.029">
      <failure>TypeError: Observable_1.Observable.of is not a function
    at /home/thomas/Documents/projects/knab-james-frontend/src/app/dashboard/containers/dashboard-detail.component.spec.ts:33:33
    at ZoneDelegate.Object.&lt;anonymous&gt;.ZoneDelegate.invoke (/home/thomas/Documents/projects/knab-james-frontend/node_modules/zone.js/dist/zone-node.js:392:26)
    at AsyncTestZoneSpec.Object.&lt;anonymous&gt;.AsyncTestZoneSpec.onInvoke (/home/thomas/Documents/projects/knab-james-frontend/node_modules/zone.js/dist/async-test.js:49:39)
    at ProxyZoneSpec.Object.&lt;anonymous&gt;.ProxyZoneSpec.onInvoke (/home/thomas/Documents/projects/knab-james-frontend/node_modules/zone.js/dist/proxy.js:76:39)
    at ZoneDelegate.Object.&lt;anonymous&gt;.ZoneDelegate.invoke (/home/thomas/Documents/projects/knab-james-frontend/node_modules/zone.js/dist/zone-node.js:391:32)
    at Zone.Object.&lt;anonymous&gt;.Zone.runGuarded (/home/thomas/Documents/projects/knab-james-frontend/node_modules/zone.js/dist/zone-node.js:155:47)
    at runInTestZone (/home/thomas/Documents/projects/knab-james-frontend/node_modules/@angular/core/bundles/core-testing.umd.js:141:25)
    at /home/thomas/Documents/projects/knab-james-frontend/node_modules/@angular/core/bundles/core-testing.umd.js:80:13
    at ZoneDelegate.Object.&lt;anonymous&gt;.ZoneDelegate.invoke (/home/thomas/Documents/projects/knab-james-frontend/node_modules/zone.js/dist/zone-node.js:392:26)
    at ProxyZoneSpec.Object.&lt;anonymous&gt;.ProxyZoneSpec.onInvoke (/home/thomas/Documents/projects/knab-james-frontend/node_modules/zone.js/dist/proxy.js:79:39)
    at ZoneDelegate.Object.&lt;anonymous&gt;.ZoneDelegate.invoke (/home/thomas/Documents/projects/knab-james-frontend/node_modules/zone.js/dist/zone-node.js:391:32)
    at Zone.Object.&lt;anonymous&gt;.Zone.run (/home/thomas/Documents/projects/knab-james-frontend/node_modules/zone.js/dist/zone-node.js:142:43)
    at Object.testBody.length.done (/home/thomas/Documents/projects/knab-james-frontend/node_modules/jest-zone-patch/index.js:48:29)
    at resolve (/home/thomas/Documents/projects/knab-james-frontend/node_modules/jest-jasmine2/build/queue_runner.js:47:12)
    at new ZoneAwarePromise (/home/thomas/Documents/projects/knab-james-frontend/node_modules/zone.js/dist/zone-node.js:861:29)
    at mapper (/home/thomas/Documents/projects/knab-james-frontend/node_modules/jest-jasmine2/build/queue_runner.js:36:499)
    at promise.then (/home/thomas/Documents/projects/knab-james-frontend/node_modules/jest-jasmine2/build/queue_runner.js:75:39)
    at ZoneDelegate.Object.&lt;anonymous&gt;.ZoneDelegate.invoke (/home/thomas/Documents/projects/knab-james-frontend/node_modules/zone.js/dist/zone-node.js:392:26)
    at Zone.Object.&lt;anonymous&gt;.Zone.run (/home/thomas/Documents/projects/knab-james-frontend/node_modules/zone.js/dist/zone-node.js:142:43)
    at /home/thomas/Documents/projects/knab-james-frontend/node_modules/zone.js/dist/zone-node.js:844:57
    at ZoneDelegate.Object.&lt;anonymous&gt;.ZoneDelegate.invokeTask (/home/thomas/Documents/projects/knab-james-frontend/node_modules/zone.js/dist/zone-node.js:425:31)
    at Zone.Object.&lt;anonymous&gt;.Zone.runTask (/home/thomas/Documents/projects/knab-james-frontend/node_modules/zone.js/dist/zone-node.js:192:47)
    at drainMicroTaskQueue (/home/thomas/Documents/projects/knab-james-frontend/node_modules/zone.js/dist/zone-node.js:602:35)
    at process._tickCallback (internal/process/next_tick.js:109:7)</failure>
      <failure>Error: Illegal state: Could not load the summary for directive DashboardDetailComponent.
    at syntaxError (/home/thomas/Documents/projects/knab-james-frontend/node_modules/@angular/compiler/@angular/compiler.es5.js:1695:2)
    at CompileMetadataResolver.Object.&lt;anonymous&gt;.CompileMetadataResolver.getDirectiveSummary (/home/thomas/Documents/projects/knab-james-frontend/node_modules/@angular/compiler/bundles/compiler.umd.js:15307:31)
    at JitCompiler.Object.&lt;anonymous&gt;.JitCompiler.getComponentFactory (/home/thomas/Documents/projects/knab-james-frontend/node_modules/@angular/compiler/bundles/compiler.umd.js:26768:63)
    at TestingCompilerImpl.Object.&lt;anonymous&gt;.TestingCompilerImpl.getComponentFactory (/home/thomas/Documents/projects/knab-james-frontend/packages/compiler/testing/src/testing.ts:98:1)
    at TestBed.Object.&lt;anonymous&gt;.TestBed.createComponent (/home/thomas/Documents/projects/knab-james-frontend/packages/core/testing/src/test_bed.ts:454:1)
    at Function.Object.&lt;anonymous&gt;.TestBed.createComponent (/home/thomas/Documents/projects/knab-james-frontend/node_modules/@angular/core/bundles/core-testing.umd.js:691:29)
    at /home/thomas/Documents/projects/knab-james-frontend/src/app/dashboard/containers/dashboard-detail.component.spec.ts:71:25
    at ZoneDelegate.Object.&lt;anonymous&gt;.ZoneDelegate.invoke (/home/thomas/Documents/projects/knab-james-frontend/node_modules/zone.js/dist/zone-node.js:392:26)
    at ProxyZoneSpec.Object.&lt;anonymous&gt;.ProxyZoneSpec.onInvoke (/home/thomas/Documents/projects/knab-james-frontend/node_modules/zone.js/dist/proxy.js:79:39)
    at ZoneDelegate.Object.&lt;anonymous&gt;.ZoneDelegate.invoke (/home/thomas/Documents/projects/knab-james-frontend/node_modules/zone.js/dist/zone-node.js:391:32)
    at Zone.Object.&lt;anonymous&gt;.Zone.run (/home/thomas/Documents/projects/knab-james-frontend/node_modules/zone.js/dist/zone-node.js:142:43)
    at Object.testBody.length (/home/thomas/Documents/projects/knab-james-frontend/node_modules/jest-zone-patch/index.js:47:27)
    at Object.asyncFn (/home/thomas/Documents/projects/knab-james-frontend/node_modules/jest-jasmine2/build/jasmine_async.js:124:61)
    at resolve (/home/thomas/Documents/projects/knab-james-frontend/node_modules/jest-jasmine2/build/queue_runner.js:47:12)
    at new ZoneAwarePromise (/home/thomas/Documents/projects/knab-james-frontend/node_modules/zone.js/dist/zone-node.js:861:29)
    at mapper (/home/thomas/Documents/projects/knab-james-frontend/node_modules/jest-jasmine2/build/queue_runner.js:36:499)
    at promise.then (/home/thomas/Documents/projects/knab-james-frontend/node_modules/jest-jasmine2/build/queue_runner.js:75:39)
    at ZoneDelegate.Object.&lt;anonymous&gt;.ZoneDelegate.invoke (/home/thomas/Documents/projects/knab-james-frontend/node_modules/zone.js/dist/zone-node.js:392:26)
    at Zone.Object.&lt;anonymous&gt;.Zone.run (/home/thomas/Documents/projects/knab-james-frontend/node_modules/zone.js/dist/zone-node.js:142:43)
    at /home/thomas/Documents/projects/knab-james-frontend/node_modules/zone.js/dist/zone-node.js:844:57
    at ZoneDelegate.Object.&lt;anonymous&gt;.ZoneDelegate.invokeTask (/home/thomas/Documents/projects/knab-james-frontend/node_modules/zone.js/dist/zone-node.js:425:31)
    at Zone.Object.&lt;anonymous&gt;.Zone.runTask (/home/thomas/Documents/projects/knab-james-frontend/node_modules/zone.js/dist/zone-node.js:192:47)
    at drainMicroTaskQueue (/home/thomas/Documents/projects/knab-james-frontend/node_modules/zone.js/dist/zone-node.js:602:35)
    at process._tickCallback (internal/process/next_tick.js:109:7)</failure>
      <failure>TypeError: Cannot read property &apos;goToInsurance&apos; of undefined
    at /home/thomas/Documents/projects/knab-james-frontend/src/app/dashboard/containers/dashboard-detail.component.spec.ts:104:11
    at ZoneDelegate.Object.&lt;anonymous&gt;.ZoneDelegate.invoke (/home/thomas/Documents/projects/knab-james-frontend/node_modules/zone.js/dist/zone-node.js:392:26)
    at ProxyZoneSpec.Object.&lt;anonymous&gt;.ProxyZoneSpec.onInvoke (/home/thomas/Documents/projects/knab-james-frontend/node_modules/zone.js/dist/proxy.js:79:39)
    at ZoneDelegate.Object.&lt;anonymous&gt;.ZoneDelegate.invoke (/home/thomas/Documents/projects/knab-james-frontend/node_modules/zone.js/dist/zone-node.js:391:32)
    at Zone.Object.&lt;anonymous&gt;.Zone.run (/home/thomas/Documents/projects/knab-james-frontend/node_modules/zone.js/dist/zone-node.js:142:43)
    at Object.testBody.length (/home/thomas/Documents/projects/knab-james-frontend/node_modules/jest-zone-patch/index.js:47:27)
    at Object.asyncFn (/home/thomas/Documents/projects/knab-james-frontend/node_modules/jest-jasmine2/build/jasmine_async.js:126:345)
    at resolve (/home/thomas/Documents/projects/knab-james-frontend/node_modules/jest-jasmine2/build/queue_runner.js:47:12)
    at new ZoneAwarePromise (/home/thomas/Documents/projects/knab-james-frontend/node_modules/zone.js/dist/zone-node.js:861:29)
    at mapper (/home/thomas/Documents/projects/knab-james-frontend/node_modules/jest-jasmine2/build/queue_runner.js:36:499)
    at promise.then (/home/thomas/Documents/projects/knab-james-frontend/node_modules/jest-jasmine2/build/queue_runner.js:75:39)
    at ZoneDelegate.Object.&lt;anonymous&gt;.ZoneDelegate.invoke (/home/thomas/Documents/projects/knab-james-frontend/node_modules/zone.js/dist/zone-node.js:392:26)
    at Zone.Object.&lt;anonymous&gt;.Zone.run (/home/thomas/Documents/projects/knab-james-frontend/node_modules/zone.js/dist/zone-node.js:142:43)
    at /home/thomas/Documents/projects/knab-james-frontend/node_modules/zone.js/dist/zone-node.js:844:57
    at ZoneDelegate.Object.&lt;anonymous&gt;.ZoneDelegate.invokeTask (/home/thomas/Documents/projects/knab-james-frontend/node_modules/zone.js/dist/zone-node.js:425:31)
    at Zone.Object.&lt;anonymous&gt;.Zone.runTask (/home/thomas/Documents/projects/knab-james-frontend/node_modules/zone.js/dist/zone-node.js:192:47)
    at drainMicroTaskQueue (/home/thomas/Documents/projects/knab-james-frontend/node_modules/zone.js/dist/zone-node.js:602:35)
    at process._tickCallback (internal/process/next_tick.js:109:7)</failure>
    </testcase>
  </testsuite>
  <testsuite name="Component: PriceItem" tests="7" errors="0" failures="2" skipped="0" timestamp="2017-10-07T17:22:58" time="1.734">
    <testcase classname="Component: PriceItem should display the header" name="Component: PriceItem should display the header" time="0.647">
      <failure>Error: expect(received).toBe(expected)

Expected value to be (using ===):
  &quot;WA + Casco&quot;
Received:
  undefined

Difference:

  Comparing two different types of values. Expected string but received undefined.
    at /home/thomas/Documents/projects/knab-james-frontend/src/app/components/knx-price-table/price-item.component.spec.ts:40:26
    at ZoneDelegate.Object.&lt;anonymous&gt;.ZoneDelegate.invoke (/home/thomas/Documents/projects/knab-james-frontend/node_modules/zone.js/dist/zone-node.js:392:26)
    at ProxyZoneSpec.Object.&lt;anonymous&gt;.ProxyZoneSpec.onInvoke (/home/thomas/Documents/projects/knab-james-frontend/node_modules/zone.js/dist/proxy.js:79:39)
    at ZoneDelegate.Object.&lt;anonymous&gt;.ZoneDelegate.invoke (/home/thomas/Documents/projects/knab-james-frontend/node_modules/zone.js/dist/zone-node.js:391:32)
    at Zone.Object.&lt;anonymous&gt;.Zone.run (/home/thomas/Documents/projects/knab-james-frontend/node_modules/zone.js/dist/zone-node.js:142:43)
    at Object.testBody.length (/home/thomas/Documents/projects/knab-james-frontend/node_modules/jest-zone-patch/index.js:47:27)
    at Object.asyncFn (/home/thomas/Documents/projects/knab-james-frontend/node_modules/jest-jasmine2/build/jasmine_async.js:126:345)
    at resolve (/home/thomas/Documents/projects/knab-james-frontend/node_modules/jest-jasmine2/build/queue_runner.js:47:12)
    at new ZoneAwarePromise (/home/thomas/Documents/projects/knab-james-frontend/node_modules/zone.js/dist/zone-node.js:861:29)
    at mapper (/home/thomas/Documents/projects/knab-james-frontend/node_modules/jest-jasmine2/build/queue_runner.js:36:499)
    at promise.then (/home/thomas/Documents/projects/knab-james-frontend/node_modules/jest-jasmine2/build/queue_runner.js:75:39)
    at ZoneDelegate.Object.&lt;anonymous&gt;.ZoneDelegate.invoke (/home/thomas/Documents/projects/knab-james-frontend/node_modules/zone.js/dist/zone-node.js:392:26)
    at Zone.Object.&lt;anonymous&gt;.Zone.run (/home/thomas/Documents/projects/knab-james-frontend/node_modules/zone.js/dist/zone-node.js:142:43)
    at /home/thomas/Documents/projects/knab-james-frontend/node_modules/zone.js/dist/zone-node.js:844:57
    at ZoneDelegate.Object.&lt;anonymous&gt;.ZoneDelegate.invokeTask (/home/thomas/Documents/projects/knab-james-frontend/node_modules/zone.js/dist/zone-node.js:425:31)
    at Zone.Object.&lt;anonymous&gt;.Zone.runTask (/home/thomas/Documents/projects/knab-james-frontend/node_modules/zone.js/dist/zone-node.js:192:47)
    at drainMicroTaskQueue (/home/thomas/Documents/projects/knab-james-frontend/node_modules/zone.js/dist/zone-node.js:602:35)</failure>
    </testcase>
    <testcase classname="Component: PriceItem should display the price" name="Component: PriceItem should display the price" time="0.122">
      <failure>Error: expect(received).toBe(expected)

Expected value to be (using ===):
  &quot;€13.90&quot;
Received:
  undefined

Difference:

  Comparing two different types of values. Expected string but received undefined.
    at /home/thomas/Documents/projects/knab-james-frontend/src/app/components/knx-price-table/price-item.component.spec.ts:48:26
    at ZoneDelegate.Object.&lt;anonymous&gt;.ZoneDelegate.invoke (/home/thomas/Documents/projects/knab-james-frontend/node_modules/zone.js/dist/zone-node.js:392:26)
    at ProxyZoneSpec.Object.&lt;anonymous&gt;.ProxyZoneSpec.onInvoke (/home/thomas/Documents/projects/knab-james-frontend/node_modules/zone.js/dist/proxy.js:79:39)
    at ZoneDelegate.Object.&lt;anonymous&gt;.ZoneDelegate.invoke (/home/thomas/Documents/projects/knab-james-frontend/node_modules/zone.js/dist/zone-node.js:391:32)
    at Zone.Object.&lt;anonymous&gt;.Zone.run (/home/thomas/Documents/projects/knab-james-frontend/node_modules/zone.js/dist/zone-node.js:142:43)
    at Object.testBody.length (/home/thomas/Documents/projects/knab-james-frontend/node_modules/jest-zone-patch/index.js:47:27)
    at Object.asyncFn (/home/thomas/Documents/projects/knab-james-frontend/node_modules/jest-jasmine2/build/jasmine_async.js:126:345)
    at resolve (/home/thomas/Documents/projects/knab-james-frontend/node_modules/jest-jasmine2/build/queue_runner.js:47:12)
    at new ZoneAwarePromise (/home/thomas/Documents/projects/knab-james-frontend/node_modules/zone.js/dist/zone-node.js:861:29)
    at mapper (/home/thomas/Documents/projects/knab-james-frontend/node_modules/jest-jasmine2/build/queue_runner.js:36:499)
    at promise.then (/home/thomas/Documents/projects/knab-james-frontend/node_modules/jest-jasmine2/build/queue_runner.js:75:39)
    at ZoneDelegate.Object.&lt;anonymous&gt;.ZoneDelegate.invoke (/home/thomas/Documents/projects/knab-james-frontend/node_modules/zone.js/dist/zone-node.js:392:26)
    at Zone.Object.&lt;anonymous&gt;.Zone.run (/home/thomas/Documents/projects/knab-james-frontend/node_modules/zone.js/dist/zone-node.js:142:43)
    at /home/thomas/Documents/projects/knab-james-frontend/node_modules/zone.js/dist/zone-node.js:844:57
    at ZoneDelegate.Object.&lt;anonymous&gt;.ZoneDelegate.invokeTask (/home/thomas/Documents/projects/knab-james-frontend/node_modules/zone.js/dist/zone-node.js:425:31)
    at Zone.Object.&lt;anonymous&gt;.Zone.runTask (/home/thomas/Documents/projects/knab-james-frontend/node_modules/zone.js/dist/zone-node.js:192:47)
    at drainMicroTaskQueue (/home/thomas/Documents/projects/knab-james-frontend/node_modules/zone.js/dist/zone-node.js:602:35)</failure>
    </testcase>
    <testcase classname="Component: PriceItem should display list of features" name="Component: PriceItem should display list of features" time="0.124">
    </testcase>
    <testcase classname="Component: PriceItem should display list of features change adding one more" name="Component: PriceItem should display list of features change adding one more" time="0.139">
    </testcase>
    <testcase classname="Component: PriceItem should display a not highlighted header by default" name="Component: PriceItem should display a not highlighted header by default" time="0.106">
    </testcase>
    <testcase classname="Component: PriceItem should display highlighted header when Highlight flag is true" name="Component: PriceItem should display highlighted header when Highlight flag is true" time="0.103">
    </testcase>
    <testcase classname="Component: PriceItem should display selected item when selected flag is true" name="Component: PriceItem should display selected item when selected flag is true" time="0.103">
    </testcase>
  </testsuite>
  <testsuite name="AddressEffects" tests="2" errors="0" failures="2" skipped="0" timestamp="2017-10-07T17:22:59" time="0.688">
    <testcase classname="AddressEffects loadAddressInfo$ should return address success action" name="AddressEffects loadAddressInfo$ should return address success action" time="0.185">
      <failure>TypeError: jasmine.createSpyObj is not a function
    at /home/thomas/Documents/projects/knab-james-frontend/src/app/address/effects/address.effects.spec.ts:24:21
    at ZoneDelegate.Object.&lt;anonymous&gt;.ZoneDelegate.invoke (/home/thomas/Documents/projects/knab-james-frontend/node_modules/zone.js/dist/zone-node.js:392:26)
    at ProxyZoneSpec.Object.&lt;anonymous&gt;.ProxyZoneSpec.onInvoke (/home/thomas/Documents/projects/knab-james-frontend/node_modules/zone.js/dist/proxy.js:79:39)
    at ZoneDelegate.Object.&lt;anonymous&gt;.ZoneDelegate.invoke (/home/thomas/Documents/projects/knab-james-frontend/node_modules/zone.js/dist/zone-node.js:391:32)
    at Zone.Object.&lt;anonymous&gt;.Zone.run (/home/thomas/Documents/projects/knab-james-frontend/node_modules/zone.js/dist/zone-node.js:142:43)
    at Object.testBody.length (/home/thomas/Documents/projects/knab-james-frontend/node_modules/jest-zone-patch/index.js:47:27)
    at Object.asyncFn (/home/thomas/Documents/projects/knab-james-frontend/node_modules/jest-jasmine2/build/jasmine_async.js:124:61)
    at resolve (/home/thomas/Documents/projects/knab-james-frontend/node_modules/jest-jasmine2/build/queue_runner.js:47:12)
    at new ZoneAwarePromise (/home/thomas/Documents/projects/knab-james-frontend/node_modules/zone.js/dist/zone-node.js:861:29)
    at mapper (/home/thomas/Documents/projects/knab-james-frontend/node_modules/jest-jasmine2/build/queue_runner.js:36:499)
    at promise.then (/home/thomas/Documents/projects/knab-james-frontend/node_modules/jest-jasmine2/build/queue_runner.js:75:39)
    at ZoneDelegate.Object.&lt;anonymous&gt;.ZoneDelegate.invoke (/home/thomas/Documents/projects/knab-james-frontend/node_modules/zone.js/dist/zone-node.js:392:26)
    at Zone.Object.&lt;anonymous&gt;.Zone.run (/home/thomas/Documents/projects/knab-james-frontend/node_modules/zone.js/dist/zone-node.js:142:43)
    at /home/thomas/Documents/projects/knab-james-frontend/node_modules/zone.js/dist/zone-node.js:844:57
    at ZoneDelegate.Object.&lt;anonymous&gt;.ZoneDelegate.invokeTask (/home/thomas/Documents/projects/knab-james-frontend/node_modules/zone.js/dist/zone-node.js:425:31)
    at Zone.Object.&lt;anonymous&gt;.Zone.runTask (/home/thomas/Documents/projects/knab-james-frontend/node_modules/zone.js/dist/zone-node.js:192:47)
    at drainMicroTaskQueue (/home/thomas/Documents/projects/knab-james-frontend/node_modules/zone.js/dist/zone-node.js:602:35)
    at process._tickCallback (internal/process/next_tick.js:109:7)</failure>
      <failure>TypeError: Cannot read property &apos;lookupAddress&apos; of undefined
    at /home/thomas/Documents/projects/knab-james-frontend/src/app/address/effects/address.effects.spec.ts:80:21
    at ZoneDelegate.Object.&lt;anonymous&gt;.ZoneDelegate.invoke (/home/thomas/Documents/projects/knab-james-frontend/node_modules/zone.js/dist/zone-node.js:392:26)
    at ProxyZoneSpec.Object.&lt;anonymous&gt;.ProxyZoneSpec.onInvoke (/home/thomas/Documents/projects/knab-james-frontend/node_modules/zone.js/dist/proxy.js:79:39)
    at ZoneDelegate.Object.&lt;anonymous&gt;.ZoneDelegate.invoke (/home/thomas/Documents/projects/knab-james-frontend/node_modules/zone.js/dist/zone-node.js:391:32)
    at Zone.Object.&lt;anonymous&gt;.Zone.run (/home/thomas/Documents/projects/knab-james-frontend/node_modules/zone.js/dist/zone-node.js:142:43)
    at Object.testBody.length (/home/thomas/Documents/projects/knab-james-frontend/node_modules/jest-zone-patch/index.js:47:27)
    at Object.asyncFn (/home/thomas/Documents/projects/knab-james-frontend/node_modules/jest-jasmine2/build/jasmine_async.js:126:345)
    at resolve (/home/thomas/Documents/projects/knab-james-frontend/node_modules/jest-jasmine2/build/queue_runner.js:47:12)
    at new ZoneAwarePromise (/home/thomas/Documents/projects/knab-james-frontend/node_modules/zone.js/dist/zone-node.js:861:29)
    at mapper (/home/thomas/Documents/projects/knab-james-frontend/node_modules/jest-jasmine2/build/queue_runner.js:36:499)
    at promise.then (/home/thomas/Documents/projects/knab-james-frontend/node_modules/jest-jasmine2/build/queue_runner.js:75:39)
    at ZoneDelegate.Object.&lt;anonymous&gt;.ZoneDelegate.invoke (/home/thomas/Documents/projects/knab-james-frontend/node_modules/zone.js/dist/zone-node.js:392:26)
    at Zone.Object.&lt;anonymous&gt;.Zone.run (/home/thomas/Documents/projects/knab-james-frontend/node_modules/zone.js/dist/zone-node.js:142:43)
    at /home/thomas/Documents/projects/knab-james-frontend/node_modules/zone.js/dist/zone-node.js:844:57
    at ZoneDelegate.Object.&lt;anonymous&gt;.ZoneDelegate.invokeTask (/home/thomas/Documents/projects/knab-james-frontend/node_modules/zone.js/dist/zone-node.js:425:31)
    at Zone.Object.&lt;anonymous&gt;.Zone.runTask (/home/thomas/Documents/projects/knab-james-frontend/node_modules/zone.js/dist/zone-node.js:192:47)
    at drainMicroTaskQueue (/home/thomas/Documents/projects/knab-james-frontend/node_modules/zone.js/dist/zone-node.js:602:35)
    at process._tickCallback (internal/process/next_tick.js:109:7)</failure>
    </testcase>
    <testcase classname="AddressEffects loadAddressInfo$ should return address failure action" name="AddressEffects loadAddressInfo$ should return address failure action" time="0.003">
      <failure>TypeError: jasmine.createSpyObj is not a function
    at /home/thomas/Documents/projects/knab-james-frontend/src/app/address/effects/address.effects.spec.ts:24:21
    at ZoneDelegate.Object.&lt;anonymous&gt;.ZoneDelegate.invoke (/home/thomas/Documents/projects/knab-james-frontend/node_modules/zone.js/dist/zone-node.js:392:26)
    at ProxyZoneSpec.Object.&lt;anonymous&gt;.ProxyZoneSpec.onInvoke (/home/thomas/Documents/projects/knab-james-frontend/node_modules/zone.js/dist/proxy.js:79:39)
    at ZoneDelegate.Object.&lt;anonymous&gt;.ZoneDelegate.invoke (/home/thomas/Documents/projects/knab-james-frontend/node_modules/zone.js/dist/zone-node.js:391:32)
    at Zone.Object.&lt;anonymous&gt;.Zone.run (/home/thomas/Documents/projects/knab-james-frontend/node_modules/zone.js/dist/zone-node.js:142:43)
    at Object.testBody.length (/home/thomas/Documents/projects/knab-james-frontend/node_modules/jest-zone-patch/index.js:47:27)
    at Object.asyncFn (/home/thomas/Documents/projects/knab-james-frontend/node_modules/jest-jasmine2/build/jasmine_async.js:124:61)
    at resolve (/home/thomas/Documents/projects/knab-james-frontend/node_modules/jest-jasmine2/build/queue_runner.js:47:12)
    at new ZoneAwarePromise (/home/thomas/Documents/projects/knab-james-frontend/node_modules/zone.js/dist/zone-node.js:861:29)
    at mapper (/home/thomas/Documents/projects/knab-james-frontend/node_modules/jest-jasmine2/build/queue_runner.js:36:499)
    at promise.then (/home/thomas/Documents/projects/knab-james-frontend/node_modules/jest-jasmine2/build/queue_runner.js:75:39)
    at ZoneDelegate.Object.&lt;anonymous&gt;.ZoneDelegate.invoke (/home/thomas/Documents/projects/knab-james-frontend/node_modules/zone.js/dist/zone-node.js:392:26)
    at Zone.Object.&lt;anonymous&gt;.Zone.run (/home/thomas/Documents/projects/knab-james-frontend/node_modules/zone.js/dist/zone-node.js:142:43)
    at /home/thomas/Documents/projects/knab-james-frontend/node_modules/zone.js/dist/zone-node.js:844:57
    at ZoneDelegate.Object.&lt;anonymous&gt;.ZoneDelegate.invokeTask (/home/thomas/Documents/projects/knab-james-frontend/node_modules/zone.js/dist/zone-node.js:425:31)
    at Zone.Object.&lt;anonymous&gt;.Zone.runTask (/home/thomas/Documents/projects/knab-james-frontend/node_modules/zone.js/dist/zone-node.js:192:47)
    at drainMicroTaskQueue (/home/thomas/Documents/projects/knab-james-frontend/node_modules/zone.js/dist/zone-node.js:602:35)
    at process._tickCallback (internal/process/next_tick.js:109:7)</failure>
      <failure>TypeError: Cannot read property &apos;lookupAddress&apos; of undefined
    at /home/thomas/Documents/projects/knab-james-frontend/src/app/address/effects/address.effects.spec.ts:94:21
    at ZoneDelegate.Object.&lt;anonymous&gt;.ZoneDelegate.invoke (/home/thomas/Documents/projects/knab-james-frontend/node_modules/zone.js/dist/zone-node.js:392:26)
    at ProxyZoneSpec.Object.&lt;anonymous&gt;.ProxyZoneSpec.onInvoke (/home/thomas/Documents/projects/knab-james-frontend/node_modules/zone.js/dist/proxy.js:79:39)
    at ZoneDelegate.Object.&lt;anonymous&gt;.ZoneDelegate.invoke (/home/thomas/Documents/projects/knab-james-frontend/node_modules/zone.js/dist/zone-node.js:391:32)
    at Zone.Object.&lt;anonymous&gt;.Zone.run (/home/thomas/Documents/projects/knab-james-frontend/node_modules/zone.js/dist/zone-node.js:142:43)
    at Object.testBody.length (/home/thomas/Documents/projects/knab-james-frontend/node_modules/jest-zone-patch/index.js:47:27)
    at Object.asyncFn (/home/thomas/Documents/projects/knab-james-frontend/node_modules/jest-jasmine2/build/jasmine_async.js:126:345)
    at resolve (/home/thomas/Documents/projects/knab-james-frontend/node_modules/jest-jasmine2/build/queue_runner.js:47:12)
    at new ZoneAwarePromise (/home/thomas/Documents/projects/knab-james-frontend/node_modules/zone.js/dist/zone-node.js:861:29)
    at mapper (/home/thomas/Documents/projects/knab-james-frontend/node_modules/jest-jasmine2/build/queue_runner.js:36:499)
    at promise.then (/home/thomas/Documents/projects/knab-james-frontend/node_modules/jest-jasmine2/build/queue_runner.js:75:39)
    at ZoneDelegate.Object.&lt;anonymous&gt;.ZoneDelegate.invoke (/home/thomas/Documents/projects/knab-james-frontend/node_modules/zone.js/dist/zone-node.js:392:26)
    at Zone.Object.&lt;anonymous&gt;.Zone.run (/home/thomas/Documents/projects/knab-james-frontend/node_modules/zone.js/dist/zone-node.js:142:43)
    at /home/thomas/Documents/projects/knab-james-frontend/node_modules/zone.js/dist/zone-node.js:844:57
    at ZoneDelegate.Object.&lt;anonymous&gt;.ZoneDelegate.invokeTask (/home/thomas/Documents/projects/knab-james-frontend/node_modules/zone.js/dist/zone-node.js:425:31)
    at Zone.Object.&lt;anonymous&gt;.Zone.runTask (/home/thomas/Documents/projects/knab-james-frontend/node_modules/zone.js/dist/zone-node.js:192:47)
    at drainMicroTaskQueue (/home/thomas/Documents/projects/knab-james-frontend/node_modules/zone.js/dist/zone-node.js:602:35)
    at process._tickCallback (internal/process/next_tick.js:109:7)</failure>
    </testcase>
  </testsuite>
  <testsuite name="Service: AddressLookup" tests="1" errors="0" failures="0" skipped="0" timestamp="2017-10-07T17:23:00" time="0.533">
    <testcase classname="Service: AddressLookup should return an address" name="Service: AddressLookup should return an address" time="0.061">
    </testcase>
  </testsuite>
  <testsuite name="Car Utils" tests="6" errors="0" failures="0" skipped="0" timestamp="2017-10-07T17:23:00" time="0.271">
    <testcase classname="Car Utils Security Classes should get security class title by value" name="Car Utils Security Classes should get security class title by value" time="0.016">
    </testcase>
    <testcase classname="Car Utils Coverage should convert coverage values to a label" name="Car Utils Coverage should convert coverage values to a label" time="0.005">
    </testcase>
    <testcase classname="Car Utils Kilometers per year should convert kilometer values" name="Car Utils Kilometers per year should convert kilometer values" time="0.006">
    </testcase>
    <testcase classname="Car Utils Kilometers per year should return an empty indicator for unkown value" name="Car Utils Kilometers per year should return an empty indicator for unkown value" time="0.001">
    </testcase>
    <testcase classname="Car Utils Road assistance should return a user friendly road assistance value" name="Car Utils Road assistance should return a user friendly road assistance value" time="0.001">
    </testcase>
    <testcase classname="Car Utils Legal aid should return a user friendly legal aid value" name="Car Utils Legal aid should return a user friendly legal aid value" time="0.002">
    </testcase>
  </testsuite>
  <testsuite name="Address reducer" tests="4" errors="0" failures="0" skipped="0" timestamp="2017-10-07T17:23:00" time="0.32">
    <testcase classname="Address reducer undefined action should handle initial state" name="Address reducer undefined action should handle initial state" time="0.03">
    </testcase>
    <testcase classname="Address reducer GET_ADDRESS_REQUEST should set loading to true" name="Address reducer GET_ADDRESS_REQUEST should set loading to true" time="0.007">
    </testcase>
    <testcase classname="Address reducer GET_ADDRESS_SUCCESS should set the address" name="Address reducer GET_ADDRESS_SUCCESS should set the address" time="0.004">
    </testcase>
    <testcase classname="Address reducer GET_ADDRESS_FAILURE should set error to true" name="Address reducer GET_ADDRESS_FAILURE should set error to true" time="0.003">
    </testcase>
  </testsuite>
  <testsuite name="Layout reducer" tests="7" errors="0" failures="0" skipped="0" timestamp="2017-10-07T17:23:00" time="0.296">
    <testcase classname="Layout reducer undefined action should handle initial state" name="Layout reducer undefined action should handle initial state" time="0.005">
    </testcase>
    <testcase classname="Layout reducer OPEN_LEFT_SIDENAV should set left sidebar as open" name="Layout reducer OPEN_LEFT_SIDENAV should set left sidebar as open" time="0.004">
    </testcase>
    <testcase classname="Layout reducer CLOSE_LEFT_SIDENAV should set left sidebar as closed" name="Layout reducer CLOSE_LEFT_SIDENAV should set left sidebar as closed" time="0.004">
    </testcase>
    <testcase classname="Layout reducer OPEN_RIGHT_SIDENAV should set left sidebar as open" name="Layout reducer OPEN_RIGHT_SIDENAV should set left sidebar as open" time="0.001">
    </testcase>
    <testcase classname="Layout reducer CLOSE_RIGHT_SIDENAV should set right sidebar as closed" name="Layout reducer CLOSE_RIGHT_SIDENAV should set right sidebar as closed" time="0.002">
    </testcase>
    <testcase classname="Layout reducer OPEN_MODAL should set open modal name" name="Layout reducer OPEN_MODAL should set open modal name" time="0.002">
    </testcase>
    <testcase classname="Layout reducer CLOSE_MODAL should set open modal to empty" name="Layout reducer CLOSE_MODAL should set open modal to empty" time="0.01">
    </testcase>
  </testsuite>
  <testsuite name="Component: CarContactComponent" tests="5" errors="0" failures="5" skipped="0" timestamp="2017-10-07T17:23:00" time="1.433">
    <testcase classname="Component: CarContactComponent should init the form" name="Component: CarContactComponent should init the form" time="0.609">
      <failure>Error: Failed: SyntaxError
    at stackFormatter (/home/thomas/Documents/projects/knab-james-frontend/node_modules/jest-jasmine2/build/expectation_result_factory.js:51:427)
    at expectationResultFactory (/home/thomas/Documents/projects/knab-james-frontend/node_modules/jest-jasmine2/build/expectation_result_factory.js:51:591)
    at Spec.Object.&lt;anonymous&gt;.Spec.addExpectationResult (/home/thomas/Documents/projects/knab-james-frontend/node_modules/jest-jasmine2/build/jasmine/Spec.js:74:70)
    at Env.fail (/home/thomas/Documents/projects/knab-james-frontend/node_modules/jest-jasmine2/build/jasmine/Env.js:511:25)
    at Function.next.fail (/home/thomas/Documents/projects/knab-james-frontend/node_modules/jest-jasmine2/build/queue_runner.js:43:22)
    at /home/thomas/Documents/projects/knab-james-frontend/node_modules/@angular/core/bundles/core-testing.umd.js:85:26
    at /home/thomas/Documents/projects/knab-james-frontend/node_modules/@angular/core/bundles/core-testing.umd.js:136:17
    at ZoneDelegate.Object.&lt;anonymous&gt;.ZoneDelegate.invoke (/home/thomas/Documents/projects/knab-james-frontend/node_modules/zone.js/dist/zone-node.js:392:26)
    at AsyncTestZoneSpec.Object.&lt;anonymous&gt;.AsyncTestZoneSpec.onInvoke (/home/thomas/Documents/projects/knab-james-frontend/node_modules/zone.js/dist/async-test.js:49:39)
    at ProxyZoneSpec.Object.&lt;anonymous&gt;.ProxyZoneSpec.onInvoke (/home/thomas/Documents/projects/knab-james-frontend/node_modules/zone.js/dist/proxy.js:76:39)
    at ZoneDelegate.Object.&lt;anonymous&gt;.ZoneDelegate.invoke (/home/thomas/Documents/projects/knab-james-frontend/node_modules/zone.js/dist/zone-node.js:391:32)
    at Zone.Object.&lt;anonymous&gt;.Zone.run (/home/thomas/Documents/projects/knab-james-frontend/node_modules/zone.js/dist/zone-node.js:142:43)
    at AsyncTestZoneSpec._failCallback (/home/thomas/Documents/projects/knab-james-frontend/packages/core/testing/src/async.ts:111:15)
    at AsyncTestZoneSpec.Object.&lt;anonymous&gt;.AsyncTestZoneSpec.onHandleError (/home/thomas/Documents/projects/knab-james-frontend/node_modules/zone.js/dist/async-test.js:59:18)
    at ProxyZoneSpec.Object.&lt;anonymous&gt;.ProxyZoneSpec.onHandleError (/home/thomas/Documents/projects/knab-james-frontend/node_modules/zone.js/dist/proxy.js:84:39)
    at ZoneDelegate.Object.&lt;anonymous&gt;.ZoneDelegate.handleError (/home/thomas/Documents/projects/knab-james-frontend/node_modules/zone.js/dist/zone-node.js:396:37)
    at Zone.Object.&lt;anonymous&gt;.Zone.runGuarded (/home/thomas/Documents/projects/knab-james-frontend/node_modules/zone.js/dist/zone-node.js:158:44)
    at runInTestZone (/home/thomas/Documents/projects/knab-james-frontend/node_modules/@angular/core/bundles/core-testing.umd.js:141:25)
    at /home/thomas/Documents/projects/knab-james-frontend/node_modules/@angular/core/bundles/core-testing.umd.js:80:13
    at ZoneDelegate.Object.&lt;anonymous&gt;.ZoneDelegate.invoke (/home/thomas/Documents/projects/knab-james-frontend/node_modules/zone.js/dist/zone-node.js:392:26)
    at ProxyZoneSpec.Object.&lt;anonymous&gt;.ProxyZoneSpec.onInvoke (/home/thomas/Documents/projects/knab-james-frontend/node_modules/zone.js/dist/proxy.js:79:39)
    at ZoneDelegate.Object.&lt;anonymous&gt;.ZoneDelegate.invoke (/home/thomas/Documents/projects/knab-james-frontend/node_modules/zone.js/dist/zone-node.js:391:32)
    at Zone.Object.&lt;anonymous&gt;.Zone.run (/home/thomas/Documents/projects/knab-james-frontend/node_modules/zone.js/dist/zone-node.js:142:43)
    at Object.testBody.length.done (/home/thomas/Documents/projects/knab-james-frontend/node_modules/jest-zone-patch/index.js:48:29)
    at resolve (/home/thomas/Documents/projects/knab-james-frontend/node_modules/jest-jasmine2/build/queue_runner.js:47:12)
    at new ZoneAwarePromise (/home/thomas/Documents/projects/knab-james-frontend/node_modules/zone.js/dist/zone-node.js:861:29)
    at mapper (/home/thomas/Documents/projects/knab-james-frontend/node_modules/jest-jasmine2/build/queue_runner.js:36:499)
    at promise.then (/home/thomas/Documents/projects/knab-james-frontend/node_modules/jest-jasmine2/build/queue_runner.js:75:39)
    at ZoneDelegate.Object.&lt;anonymous&gt;.ZoneDelegate.invoke (/home/thomas/Documents/projects/knab-james-frontend/node_modules/zone.js/dist/zone-node.js:392:26)
    at Zone.Object.&lt;anonymous&gt;.Zone.run (/home/thomas/Documents/projects/knab-james-frontend/node_modules/zone.js/dist/zone-node.js:142:43)
    at /home/thomas/Documents/projects/knab-james-frontend/node_modules/zone.js/dist/zone-node.js:844:57
    at ZoneDelegate.Object.&lt;anonymous&gt;.ZoneDelegate.invokeTask (/home/thomas/Documents/projects/knab-james-frontend/node_modules/zone.js/dist/zone-node.js:425:31)
    at Zone.Object.&lt;anonymous&gt;.Zone.runTask (/home/thomas/Documents/projects/knab-james-frontend/node_modules/zone.js/dist/zone-node.js:192:47)
    at drainMicroTaskQueue (/home/thomas/Documents/projects/knab-james-frontend/node_modules/zone.js/dist/zone-node.js:602:35)
    at process._tickCallback (internal/process/next_tick.js:109:7)</failure>
      <failure>SyntaxError
    at XMLHttpRequest.open (/home/thomas/Documents/projects/knab-james-frontend/node_modules/jsdom/lib/jsdom/living/xmlhttprequest.js:486:15)
    at ResourceLoaderImpl.Object.&lt;anonymous&gt;.ResourceLoaderImpl.get (/home/thomas/Documents/projects/knab-james-frontend/node_modules/@angular/platform-browser-dynamic/bundles/platform-browser-dynamic.umd.js:63:13)
    at DirectiveNormalizer.Object.&lt;anonymous&gt;.DirectiveNormalizer._fetch (/home/thomas/Documents/projects/knab-james-frontend/node_modules/@angular/compiler/bundles/compiler.umd.js:14104:43)
    at DirectiveNormalizer.Object.&lt;anonymous&gt;.DirectiveNormalizer.normalizeTemplateOnly (/home/thomas/Documents/projects/knab-james-frontend/node_modules/@angular/compiler/bundles/compiler.umd.js:14147:29)
    at DirectiveNormalizer.Object.&lt;anonymous&gt;.DirectiveNormalizer.normalizeTemplate (/home/thomas/Documents/projects/knab-james-frontend/node_modules/@angular/compiler/bundles/compiler.umd.js:14131:36)
    at CompileMetadataResolver.Object.&lt;anonymous&gt;.CompileMetadataResolver.loadDirectiveMetadata (/home/thomas/Documents/projects/knab-james-frontend/node_modules/@angular/compiler/bundles/compiler.umd.js:15160:75)
    at /home/thomas/Documents/projects/knab-james-frontend/node_modules/@angular/compiler/bundles/compiler.umd.js:26837:72
    at Array.forEach (native)
    at /home/thomas/Documents/projects/knab-james-frontend/node_modules/@angular/compiler/bundles/compiler.umd.js:26836:72
    at Array.forEach (native)</failure>
      <failure>TypeError: Cannot read property &apos;debugElement&apos; of undefined
    at /home/thomas/Documents/projects/knab-james-frontend/src/app/car/components/buy/car-contact.component.spec.ts:39:28
    at ZoneDelegate.Object.&lt;anonymous&gt;.ZoneDelegate.invoke (/home/thomas/Documents/projects/knab-james-frontend/node_modules/zone.js/dist/zone-node.js:392:26)
    at ProxyZoneSpec.Object.&lt;anonymous&gt;.ProxyZoneSpec.onInvoke (/home/thomas/Documents/projects/knab-james-frontend/node_modules/zone.js/dist/proxy.js:79:39)
    at ZoneDelegate.Object.&lt;anonymous&gt;.ZoneDelegate.invoke (/home/thomas/Documents/projects/knab-james-frontend/node_modules/zone.js/dist/zone-node.js:391:32)
    at Zone.Object.&lt;anonymous&gt;.Zone.run (/home/thomas/Documents/projects/knab-james-frontend/node_modules/zone.js/dist/zone-node.js:142:43)
    at Object.testBody.length (/home/thomas/Documents/projects/knab-james-frontend/node_modules/jest-zone-patch/index.js:47:27)
    at Object.asyncFn (/home/thomas/Documents/projects/knab-james-frontend/node_modules/jest-jasmine2/build/jasmine_async.js:126:345)
    at resolve (/home/thomas/Documents/projects/knab-james-frontend/node_modules/jest-jasmine2/build/queue_runner.js:47:12)
    at new ZoneAwarePromise (/home/thomas/Documents/projects/knab-james-frontend/node_modules/zone.js/dist/zone-node.js:861:29)
    at mapper (/home/thomas/Documents/projects/knab-james-frontend/node_modules/jest-jasmine2/build/queue_runner.js:36:499)
    at promise.then (/home/thomas/Documents/projects/knab-james-frontend/node_modules/jest-jasmine2/build/queue_runner.js:75:39)
    at ZoneDelegate.Object.&lt;anonymous&gt;.ZoneDelegate.invoke (/home/thomas/Documents/projects/knab-james-frontend/node_modules/zone.js/dist/zone-node.js:392:26)
    at Zone.Object.&lt;anonymous&gt;.Zone.run (/home/thomas/Documents/projects/knab-james-frontend/node_modules/zone.js/dist/zone-node.js:142:43)
    at /home/thomas/Documents/projects/knab-james-frontend/node_modules/zone.js/dist/zone-node.js:844:57
    at ZoneDelegate.Object.&lt;anonymous&gt;.ZoneDelegate.invokeTask (/home/thomas/Documents/projects/knab-james-frontend/node_modules/zone.js/dist/zone-node.js:425:31)
    at Zone.Object.&lt;anonymous&gt;.Zone.runTask (/home/thomas/Documents/projects/knab-james-frontend/node_modules/zone.js/dist/zone-node.js:192:47)
    at drainMicroTaskQueue (/home/thomas/Documents/projects/knab-james-frontend/node_modules/zone.js/dist/zone-node.js:602:35)
    at process._tickCallback (internal/process/next_tick.js:109:7)</failure>
    </testcase>
    <testcase classname="Component: CarContactComponent should have invalid form controls on init" name="Component: CarContactComponent should have invalid form controls on init" time="0.117">
      <failure>Error: Failed: SyntaxError
    at stackFormatter (/home/thomas/Documents/projects/knab-james-frontend/node_modules/jest-jasmine2/build/expectation_result_factory.js:51:427)
    at expectationResultFactory (/home/thomas/Documents/projects/knab-james-frontend/node_modules/jest-jasmine2/build/expectation_result_factory.js:51:591)
    at Spec.Object.&lt;anonymous&gt;.Spec.addExpectationResult (/home/thomas/Documents/projects/knab-james-frontend/node_modules/jest-jasmine2/build/jasmine/Spec.js:74:70)
    at Env.fail (/home/thomas/Documents/projects/knab-james-frontend/node_modules/jest-jasmine2/build/jasmine/Env.js:511:25)
    at Function.next.fail (/home/thomas/Documents/projects/knab-james-frontend/node_modules/jest-jasmine2/build/queue_runner.js:43:22)
    at /home/thomas/Documents/projects/knab-james-frontend/node_modules/@angular/core/bundles/core-testing.umd.js:85:26
    at /home/thomas/Documents/projects/knab-james-frontend/node_modules/@angular/core/bundles/core-testing.umd.js:136:17
    at ZoneDelegate.Object.&lt;anonymous&gt;.ZoneDelegate.invoke (/home/thomas/Documents/projects/knab-james-frontend/node_modules/zone.js/dist/zone-node.js:392:26)
    at AsyncTestZoneSpec.Object.&lt;anonymous&gt;.AsyncTestZoneSpec.onInvoke (/home/thomas/Documents/projects/knab-james-frontend/node_modules/zone.js/dist/async-test.js:49:39)
    at ProxyZoneSpec.Object.&lt;anonymous&gt;.ProxyZoneSpec.onInvoke (/home/thomas/Documents/projects/knab-james-frontend/node_modules/zone.js/dist/proxy.js:76:39)
    at ZoneDelegate.Object.&lt;anonymous&gt;.ZoneDelegate.invoke (/home/thomas/Documents/projects/knab-james-frontend/node_modules/zone.js/dist/zone-node.js:391:32)
    at Zone.Object.&lt;anonymous&gt;.Zone.run (/home/thomas/Documents/projects/knab-james-frontend/node_modules/zone.js/dist/zone-node.js:142:43)
    at AsyncTestZoneSpec._failCallback (/home/thomas/Documents/projects/knab-james-frontend/packages/core/testing/src/async.ts:111:15)
    at AsyncTestZoneSpec.Object.&lt;anonymous&gt;.AsyncTestZoneSpec.onHandleError (/home/thomas/Documents/projects/knab-james-frontend/node_modules/zone.js/dist/async-test.js:59:18)
    at ProxyZoneSpec.Object.&lt;anonymous&gt;.ProxyZoneSpec.onHandleError (/home/thomas/Documents/projects/knab-james-frontend/node_modules/zone.js/dist/proxy.js:84:39)
    at ZoneDelegate.Object.&lt;anonymous&gt;.ZoneDelegate.handleError (/home/thomas/Documents/projects/knab-james-frontend/node_modules/zone.js/dist/zone-node.js:396:37)
    at Zone.Object.&lt;anonymous&gt;.Zone.runGuarded (/home/thomas/Documents/projects/knab-james-frontend/node_modules/zone.js/dist/zone-node.js:158:44)
    at runInTestZone (/home/thomas/Documents/projects/knab-james-frontend/node_modules/@angular/core/bundles/core-testing.umd.js:141:25)
    at /home/thomas/Documents/projects/knab-james-frontend/node_modules/@angular/core/bundles/core-testing.umd.js:80:13
    at ZoneDelegate.Object.&lt;anonymous&gt;.ZoneDelegate.invoke (/home/thomas/Documents/projects/knab-james-frontend/node_modules/zone.js/dist/zone-node.js:392:26)
    at ProxyZoneSpec.Object.&lt;anonymous&gt;.ProxyZoneSpec.onInvoke (/home/thomas/Documents/projects/knab-james-frontend/node_modules/zone.js/dist/proxy.js:79:39)
    at ZoneDelegate.Object.&lt;anonymous&gt;.ZoneDelegate.invoke (/home/thomas/Documents/projects/knab-james-frontend/node_modules/zone.js/dist/zone-node.js:391:32)
    at Zone.Object.&lt;anonymous&gt;.Zone.run (/home/thomas/Documents/projects/knab-james-frontend/node_modules/zone.js/dist/zone-node.js:142:43)
    at Object.testBody.length.done (/home/thomas/Documents/projects/knab-james-frontend/node_modules/jest-zone-patch/index.js:48:29)
    at resolve (/home/thomas/Documents/projects/knab-james-frontend/node_modules/jest-jasmine2/build/queue_runner.js:47:12)
    at new ZoneAwarePromise (/home/thomas/Documents/projects/knab-james-frontend/node_modules/zone.js/dist/zone-node.js:861:29)
    at mapper (/home/thomas/Documents/projects/knab-james-frontend/node_modules/jest-jasmine2/build/queue_runner.js:36:499)
    at promise.then (/home/thomas/Documents/projects/knab-james-frontend/node_modules/jest-jasmine2/build/queue_runner.js:75:39)
    at ZoneDelegate.Object.&lt;anonymous&gt;.ZoneDelegate.invoke (/home/thomas/Documents/projects/knab-james-frontend/node_modules/zone.js/dist/zone-node.js:392:26)
    at Zone.Object.&lt;anonymous&gt;.Zone.run (/home/thomas/Documents/projects/knab-james-frontend/node_modules/zone.js/dist/zone-node.js:142:43)
    at /home/thomas/Documents/projects/knab-james-frontend/node_modules/zone.js/dist/zone-node.js:844:57
    at ZoneDelegate.Object.&lt;anonymous&gt;.ZoneDelegate.invokeTask (/home/thomas/Documents/projects/knab-james-frontend/node_modules/zone.js/dist/zone-node.js:425:31)
    at Zone.Object.&lt;anonymous&gt;.Zone.runTask (/home/thomas/Documents/projects/knab-james-frontend/node_modules/zone.js/dist/zone-node.js:192:47)
    at drainMicroTaskQueue (/home/thomas/Documents/projects/knab-james-frontend/node_modules/zone.js/dist/zone-node.js:602:35)
    at process._tickCallback (internal/process/next_tick.js:109:7)</failure>
      <failure>SyntaxError
    at XMLHttpRequest.open (/home/thomas/Documents/projects/knab-james-frontend/node_modules/jsdom/lib/jsdom/living/xmlhttprequest.js:486:15)
    at ResourceLoaderImpl.Object.&lt;anonymous&gt;.ResourceLoaderImpl.get (/home/thomas/Documents/projects/knab-james-frontend/node_modules/@angular/platform-browser-dynamic/bundles/platform-browser-dynamic.umd.js:63:13)
    at DirectiveNormalizer.Object.&lt;anonymous&gt;.DirectiveNormalizer._fetch (/home/thomas/Documents/projects/knab-james-frontend/node_modules/@angular/compiler/bundles/compiler.umd.js:14104:43)
    at DirectiveNormalizer.Object.&lt;anonymous&gt;.DirectiveNormalizer.normalizeTemplateOnly (/home/thomas/Documents/projects/knab-james-frontend/node_modules/@angular/compiler/bundles/compiler.umd.js:14147:29)
    at DirectiveNormalizer.Object.&lt;anonymous&gt;.DirectiveNormalizer.normalizeTemplate (/home/thomas/Documents/projects/knab-james-frontend/node_modules/@angular/compiler/bundles/compiler.umd.js:14131:36)
    at CompileMetadataResolver.Object.&lt;anonymous&gt;.CompileMetadataResolver.loadDirectiveMetadata (/home/thomas/Documents/projects/knab-james-frontend/node_modules/@angular/compiler/bundles/compiler.umd.js:15160:75)
    at /home/thomas/Documents/projects/knab-james-frontend/node_modules/@angular/compiler/bundles/compiler.umd.js:26837:72
    at Array.forEach (native)
    at /home/thomas/Documents/projects/knab-james-frontend/node_modules/@angular/compiler/bundles/compiler.umd.js:26836:72
    at Array.forEach (native)</failure>
      <failure>TypeError: Cannot read property &apos;carContactComponent&apos; of undefined
    at /home/thomas/Documents/projects/knab-james-frontend/src/app/car/components/buy/car-contact.component.spec.ts:46:16
    at ZoneDelegate.Object.&lt;anonymous&gt;.ZoneDelegate.invoke (/home/thomas/Documents/projects/knab-james-frontend/node_modules/zone.js/dist/zone-node.js:392:26)
    at ProxyZoneSpec.Object.&lt;anonymous&gt;.ProxyZoneSpec.onInvoke (/home/thomas/Documents/projects/knab-james-frontend/node_modules/zone.js/dist/proxy.js:79:39)
    at ZoneDelegate.Object.&lt;anonymous&gt;.ZoneDelegate.invoke (/home/thomas/Documents/projects/knab-james-frontend/node_modules/zone.js/dist/zone-node.js:391:32)
    at Zone.Object.&lt;anonymous&gt;.Zone.run (/home/thomas/Documents/projects/knab-james-frontend/node_modules/zone.js/dist/zone-node.js:142:43)
    at Object.testBody.length (/home/thomas/Documents/projects/knab-james-frontend/node_modules/jest-zone-patch/index.js:47:27)
    at Object.asyncFn (/home/thomas/Documents/projects/knab-james-frontend/node_modules/jest-jasmine2/build/jasmine_async.js:126:345)
    at resolve (/home/thomas/Documents/projects/knab-james-frontend/node_modules/jest-jasmine2/build/queue_runner.js:47:12)
    at new ZoneAwarePromise (/home/thomas/Documents/projects/knab-james-frontend/node_modules/zone.js/dist/zone-node.js:861:29)
    at mapper (/home/thomas/Documents/projects/knab-james-frontend/node_modules/jest-jasmine2/build/queue_runner.js:36:499)
    at promise.then (/home/thomas/Documents/projects/knab-james-frontend/node_modules/jest-jasmine2/build/queue_runner.js:75:39)
    at ZoneDelegate.Object.&lt;anonymous&gt;.ZoneDelegate.invoke (/home/thomas/Documents/projects/knab-james-frontend/node_modules/zone.js/dist/zone-node.js:392:26)
    at Zone.Object.&lt;anonymous&gt;.Zone.run (/home/thomas/Documents/projects/knab-james-frontend/node_modules/zone.js/dist/zone-node.js:142:43)
    at /home/thomas/Documents/projects/knab-james-frontend/node_modules/zone.js/dist/zone-node.js:844:57
    at ZoneDelegate.Object.&lt;anonymous&gt;.ZoneDelegate.invokeTask (/home/thomas/Documents/projects/knab-james-frontend/node_modules/zone.js/dist/zone-node.js:425:31)
    at Zone.Object.&lt;anonymous&gt;.Zone.runTask (/home/thomas/Documents/projects/knab-james-frontend/node_modules/zone.js/dist/zone-node.js:192:47)
    at drainMicroTaskQueue (/home/thomas/Documents/projects/knab-james-frontend/node_modules/zone.js/dist/zone-node.js:602:35)
    at process._tickCallback (internal/process/next_tick.js:109:7)</failure>
    </testcase>
    <testcase classname="Component: CarContactComponent should transform the initials without dots" name="Component: CarContactComponent should transform the initials without dots" time="0.092">
      <failure>Error: Failed: SyntaxError
    at stackFormatter (/home/thomas/Documents/projects/knab-james-frontend/node_modules/jest-jasmine2/build/expectation_result_factory.js:51:427)
    at expectationResultFactory (/home/thomas/Documents/projects/knab-james-frontend/node_modules/jest-jasmine2/build/expectation_result_factory.js:51:591)
    at Spec.Object.&lt;anonymous&gt;.Spec.addExpectationResult (/home/thomas/Documents/projects/knab-james-frontend/node_modules/jest-jasmine2/build/jasmine/Spec.js:74:70)
    at Env.fail (/home/thomas/Documents/projects/knab-james-frontend/node_modules/jest-jasmine2/build/jasmine/Env.js:511:25)
    at Function.next.fail (/home/thomas/Documents/projects/knab-james-frontend/node_modules/jest-jasmine2/build/queue_runner.js:43:22)
    at /home/thomas/Documents/projects/knab-james-frontend/node_modules/@angular/core/bundles/core-testing.umd.js:85:26
    at /home/thomas/Documents/projects/knab-james-frontend/node_modules/@angular/core/bundles/core-testing.umd.js:136:17
    at ZoneDelegate.Object.&lt;anonymous&gt;.ZoneDelegate.invoke (/home/thomas/Documents/projects/knab-james-frontend/node_modules/zone.js/dist/zone-node.js:392:26)
    at AsyncTestZoneSpec.Object.&lt;anonymous&gt;.AsyncTestZoneSpec.onInvoke (/home/thomas/Documents/projects/knab-james-frontend/node_modules/zone.js/dist/async-test.js:49:39)
    at ProxyZoneSpec.Object.&lt;anonymous&gt;.ProxyZoneSpec.onInvoke (/home/thomas/Documents/projects/knab-james-frontend/node_modules/zone.js/dist/proxy.js:76:39)
    at ZoneDelegate.Object.&lt;anonymous&gt;.ZoneDelegate.invoke (/home/thomas/Documents/projects/knab-james-frontend/node_modules/zone.js/dist/zone-node.js:391:32)
    at Zone.Object.&lt;anonymous&gt;.Zone.run (/home/thomas/Documents/projects/knab-james-frontend/node_modules/zone.js/dist/zone-node.js:142:43)
    at AsyncTestZoneSpec._failCallback (/home/thomas/Documents/projects/knab-james-frontend/packages/core/testing/src/async.ts:111:15)
    at AsyncTestZoneSpec.Object.&lt;anonymous&gt;.AsyncTestZoneSpec.onHandleError (/home/thomas/Documents/projects/knab-james-frontend/node_modules/zone.js/dist/async-test.js:59:18)
    at ProxyZoneSpec.Object.&lt;anonymous&gt;.ProxyZoneSpec.onHandleError (/home/thomas/Documents/projects/knab-james-frontend/node_modules/zone.js/dist/proxy.js:84:39)
    at ZoneDelegate.Object.&lt;anonymous&gt;.ZoneDelegate.handleError (/home/thomas/Documents/projects/knab-james-frontend/node_modules/zone.js/dist/zone-node.js:396:37)
    at Zone.Object.&lt;anonymous&gt;.Zone.runGuarded (/home/thomas/Documents/projects/knab-james-frontend/node_modules/zone.js/dist/zone-node.js:158:44)
    at runInTestZone (/home/thomas/Documents/projects/knab-james-frontend/node_modules/@angular/core/bundles/core-testing.umd.js:141:25)
    at /home/thomas/Documents/projects/knab-james-frontend/node_modules/@angular/core/bundles/core-testing.umd.js:80:13
    at ZoneDelegate.Object.&lt;anonymous&gt;.ZoneDelegate.invoke (/home/thomas/Documents/projects/knab-james-frontend/node_modules/zone.js/dist/zone-node.js:392:26)
    at ProxyZoneSpec.Object.&lt;anonymous&gt;.ProxyZoneSpec.onInvoke (/home/thomas/Documents/projects/knab-james-frontend/node_modules/zone.js/dist/proxy.js:79:39)
    at ZoneDelegate.Object.&lt;anonymous&gt;.ZoneDelegate.invoke (/home/thomas/Documents/projects/knab-james-frontend/node_modules/zone.js/dist/zone-node.js:391:32)
    at Zone.Object.&lt;anonymous&gt;.Zone.run (/home/thomas/Documents/projects/knab-james-frontend/node_modules/zone.js/dist/zone-node.js:142:43)
    at Object.testBody.length.done (/home/thomas/Documents/projects/knab-james-frontend/node_modules/jest-zone-patch/index.js:48:29)
    at resolve (/home/thomas/Documents/projects/knab-james-frontend/node_modules/jest-jasmine2/build/queue_runner.js:47:12)
    at new ZoneAwarePromise (/home/thomas/Documents/projects/knab-james-frontend/node_modules/zone.js/dist/zone-node.js:861:29)
    at mapper (/home/thomas/Documents/projects/knab-james-frontend/node_modules/jest-jasmine2/build/queue_runner.js:36:499)
    at promise.then (/home/thomas/Documents/projects/knab-james-frontend/node_modules/jest-jasmine2/build/queue_runner.js:75:39)
    at ZoneDelegate.Object.&lt;anonymous&gt;.ZoneDelegate.invoke (/home/thomas/Documents/projects/knab-james-frontend/node_modules/zone.js/dist/zone-node.js:392:26)
    at Zone.Object.&lt;anonymous&gt;.Zone.run (/home/thomas/Documents/projects/knab-james-frontend/node_modules/zone.js/dist/zone-node.js:142:43)
    at /home/thomas/Documents/projects/knab-james-frontend/node_modules/zone.js/dist/zone-node.js:844:57
    at ZoneDelegate.Object.&lt;anonymous&gt;.ZoneDelegate.invokeTask (/home/thomas/Documents/projects/knab-james-frontend/node_modules/zone.js/dist/zone-node.js:425:31)
    at Zone.Object.&lt;anonymous&gt;.Zone.runTask (/home/thomas/Documents/projects/knab-james-frontend/node_modules/zone.js/dist/zone-node.js:192:47)
    at drainMicroTaskQueue (/home/thomas/Documents/projects/knab-james-frontend/node_modules/zone.js/dist/zone-node.js:602:35)
    at process._tickCallback (internal/process/next_tick.js:109:7)</failure>
      <failure>SyntaxError
    at XMLHttpRequest.open (/home/thomas/Documents/projects/knab-james-frontend/node_modules/jsdom/lib/jsdom/living/xmlhttprequest.js:486:15)
    at ResourceLoaderImpl.Object.&lt;anonymous&gt;.ResourceLoaderImpl.get (/home/thomas/Documents/projects/knab-james-frontend/node_modules/@angular/platform-browser-dynamic/bundles/platform-browser-dynamic.umd.js:63:13)
    at DirectiveNormalizer.Object.&lt;anonymous&gt;.DirectiveNormalizer._fetch (/home/thomas/Documents/projects/knab-james-frontend/node_modules/@angular/compiler/bundles/compiler.umd.js:14104:43)
    at DirectiveNormalizer.Object.&lt;anonymous&gt;.DirectiveNormalizer.normalizeTemplateOnly (/home/thomas/Documents/projects/knab-james-frontend/node_modules/@angular/compiler/bundles/compiler.umd.js:14147:29)
    at DirectiveNormalizer.Object.&lt;anonymous&gt;.DirectiveNormalizer.normalizeTemplate (/home/thomas/Documents/projects/knab-james-frontend/node_modules/@angular/compiler/bundles/compiler.umd.js:14131:36)
    at CompileMetadataResolver.Object.&lt;anonymous&gt;.CompileMetadataResolver.loadDirectiveMetadata (/home/thomas/Documents/projects/knab-james-frontend/node_modules/@angular/compiler/bundles/compiler.umd.js:15160:75)
    at /home/thomas/Documents/projects/knab-james-frontend/node_modules/@angular/compiler/bundles/compiler.umd.js:26837:72
    at Array.forEach (native)
    at /home/thomas/Documents/projects/knab-james-frontend/node_modules/@angular/compiler/bundles/compiler.umd.js:26836:72
    at Array.forEach (native)</failure>
    </testcase>
    <testcase classname="Component: CarContactComponent should validate the mobile number" name="Component: CarContactComponent should validate the mobile number" time="0.13">
      <failure>Error: Failed: SyntaxError
    at stackFormatter (/home/thomas/Documents/projects/knab-james-frontend/node_modules/jest-jasmine2/build/expectation_result_factory.js:51:427)
    at expectationResultFactory (/home/thomas/Documents/projects/knab-james-frontend/node_modules/jest-jasmine2/build/expectation_result_factory.js:51:591)
    at Spec.Object.&lt;anonymous&gt;.Spec.addExpectationResult (/home/thomas/Documents/projects/knab-james-frontend/node_modules/jest-jasmine2/build/jasmine/Spec.js:74:70)
    at Env.fail (/home/thomas/Documents/projects/knab-james-frontend/node_modules/jest-jasmine2/build/jasmine/Env.js:511:25)
    at Function.next.fail (/home/thomas/Documents/projects/knab-james-frontend/node_modules/jest-jasmine2/build/queue_runner.js:43:22)
    at /home/thomas/Documents/projects/knab-james-frontend/node_modules/@angular/core/bundles/core-testing.umd.js:85:26
    at /home/thomas/Documents/projects/knab-james-frontend/node_modules/@angular/core/bundles/core-testing.umd.js:136:17
    at ZoneDelegate.Object.&lt;anonymous&gt;.ZoneDelegate.invoke (/home/thomas/Documents/projects/knab-james-frontend/node_modules/zone.js/dist/zone-node.js:392:26)
    at AsyncTestZoneSpec.Object.&lt;anonymous&gt;.AsyncTestZoneSpec.onInvoke (/home/thomas/Documents/projects/knab-james-frontend/node_modules/zone.js/dist/async-test.js:49:39)
    at ProxyZoneSpec.Object.&lt;anonymous&gt;.ProxyZoneSpec.onInvoke (/home/thomas/Documents/projects/knab-james-frontend/node_modules/zone.js/dist/proxy.js:76:39)
    at ZoneDelegate.Object.&lt;anonymous&gt;.ZoneDelegate.invoke (/home/thomas/Documents/projects/knab-james-frontend/node_modules/zone.js/dist/zone-node.js:391:32)
    at Zone.Object.&lt;anonymous&gt;.Zone.run (/home/thomas/Documents/projects/knab-james-frontend/node_modules/zone.js/dist/zone-node.js:142:43)
    at AsyncTestZoneSpec._failCallback (/home/thomas/Documents/projects/knab-james-frontend/packages/core/testing/src/async.ts:111:15)
    at AsyncTestZoneSpec.Object.&lt;anonymous&gt;.AsyncTestZoneSpec.onHandleError (/home/thomas/Documents/projects/knab-james-frontend/node_modules/zone.js/dist/async-test.js:59:18)
    at ProxyZoneSpec.Object.&lt;anonymous&gt;.ProxyZoneSpec.onHandleError (/home/thomas/Documents/projects/knab-james-frontend/node_modules/zone.js/dist/proxy.js:84:39)
    at ZoneDelegate.Object.&lt;anonymous&gt;.ZoneDelegate.handleError (/home/thomas/Documents/projects/knab-james-frontend/node_modules/zone.js/dist/zone-node.js:396:37)
    at Zone.Object.&lt;anonymous&gt;.Zone.runGuarded (/home/thomas/Documents/projects/knab-james-frontend/node_modules/zone.js/dist/zone-node.js:158:44)
    at runInTestZone (/home/thomas/Documents/projects/knab-james-frontend/node_modules/@angular/core/bundles/core-testing.umd.js:141:25)
    at /home/thomas/Documents/projects/knab-james-frontend/node_modules/@angular/core/bundles/core-testing.umd.js:80:13
    at ZoneDelegate.Object.&lt;anonymous&gt;.ZoneDelegate.invoke (/home/thomas/Documents/projects/knab-james-frontend/node_modules/zone.js/dist/zone-node.js:392:26)
    at ProxyZoneSpec.Object.&lt;anonymous&gt;.ProxyZoneSpec.onInvoke (/home/thomas/Documents/projects/knab-james-frontend/node_modules/zone.js/dist/proxy.js:79:39)
    at ZoneDelegate.Object.&lt;anonymous&gt;.ZoneDelegate.invoke (/home/thomas/Documents/projects/knab-james-frontend/node_modules/zone.js/dist/zone-node.js:391:32)
    at Zone.Object.&lt;anonymous&gt;.Zone.run (/home/thomas/Documents/projects/knab-james-frontend/node_modules/zone.js/dist/zone-node.js:142:43)
    at Object.testBody.length.done (/home/thomas/Documents/projects/knab-james-frontend/node_modules/jest-zone-patch/index.js:48:29)
    at resolve (/home/thomas/Documents/projects/knab-james-frontend/node_modules/jest-jasmine2/build/queue_runner.js:47:12)
    at new ZoneAwarePromise (/home/thomas/Documents/projects/knab-james-frontend/node_modules/zone.js/dist/zone-node.js:861:29)
    at mapper (/home/thomas/Documents/projects/knab-james-frontend/node_modules/jest-jasmine2/build/queue_runner.js:36:499)
    at promise.then (/home/thomas/Documents/projects/knab-james-frontend/node_modules/jest-jasmine2/build/queue_runner.js:75:39)
    at ZoneDelegate.Object.&lt;anonymous&gt;.ZoneDelegate.invoke (/home/thomas/Documents/projects/knab-james-frontend/node_modules/zone.js/dist/zone-node.js:392:26)
    at Zone.Object.&lt;anonymous&gt;.Zone.run (/home/thomas/Documents/projects/knab-james-frontend/node_modules/zone.js/dist/zone-node.js:142:43)
    at /home/thomas/Documents/projects/knab-james-frontend/node_modules/zone.js/dist/zone-node.js:844:57
    at ZoneDelegate.Object.&lt;anonymous&gt;.ZoneDelegate.invokeTask (/home/thomas/Documents/projects/knab-james-frontend/node_modules/zone.js/dist/zone-node.js:425:31)
    at Zone.Object.&lt;anonymous&gt;.Zone.runTask (/home/thomas/Documents/projects/knab-james-frontend/node_modules/zone.js/dist/zone-node.js:192:47)
    at drainMicroTaskQueue (/home/thomas/Documents/projects/knab-james-frontend/node_modules/zone.js/dist/zone-node.js:602:35)
    at process._tickCallback (internal/process/next_tick.js:109:7)</failure>
      <failure>SyntaxError
    at XMLHttpRequest.open (/home/thomas/Documents/projects/knab-james-frontend/node_modules/jsdom/lib/jsdom/living/xmlhttprequest.js:486:15)
    at ResourceLoaderImpl.Object.&lt;anonymous&gt;.ResourceLoaderImpl.get (/home/thomas/Documents/projects/knab-james-frontend/node_modules/@angular/platform-browser-dynamic/bundles/platform-browser-dynamic.umd.js:63:13)
    at DirectiveNormalizer.Object.&lt;anonymous&gt;.DirectiveNormalizer._fetch (/home/thomas/Documents/projects/knab-james-frontend/node_modules/@angular/compiler/bundles/compiler.umd.js:14104:43)
    at DirectiveNormalizer.Object.&lt;anonymous&gt;.DirectiveNormalizer.normalizeTemplateOnly (/home/thomas/Documents/projects/knab-james-frontend/node_modules/@angular/compiler/bundles/compiler.umd.js:14147:29)
    at DirectiveNormalizer.Object.&lt;anonymous&gt;.DirectiveNormalizer.normalizeTemplate (/home/thomas/Documents/projects/knab-james-frontend/node_modules/@angular/compiler/bundles/compiler.umd.js:14131:36)
    at CompileMetadataResolver.Object.&lt;anonymous&gt;.CompileMetadataResolver.loadDirectiveMetadata (/home/thomas/Documents/projects/knab-james-frontend/node_modules/@angular/compiler/bundles/compiler.umd.js:15160:75)
    at /home/thomas/Documents/projects/knab-james-frontend/node_modules/@angular/compiler/bundles/compiler.umd.js:26837:72
    at Array.forEach (native)
    at /home/thomas/Documents/projects/knab-james-frontend/node_modules/@angular/compiler/bundles/compiler.umd.js:26836:72
    at Array.forEach (native)</failure>
      <failure>TypeError: Cannot read property &apos;carContactComponent&apos; of undefined
    at /home/thomas/Documents/projects/knab-james-frontend/src/app/car/components/buy/car-contact.component.spec.ts:54:22
    at ZoneDelegate.Object.&lt;anonymous&gt;.ZoneDelegate.invoke (/home/thomas/Documents/projects/knab-james-frontend/node_modules/zone.js/dist/zone-node.js:392:26)
    at ProxyZoneSpec.Object.&lt;anonymous&gt;.ProxyZoneSpec.onInvoke (/home/thomas/Documents/projects/knab-james-frontend/node_modules/zone.js/dist/proxy.js:79:39)
    at ZoneDelegate.Object.&lt;anonymous&gt;.ZoneDelegate.invoke (/home/thomas/Documents/projects/knab-james-frontend/node_modules/zone.js/dist/zone-node.js:391:32)
    at Zone.Object.&lt;anonymous&gt;.Zone.run (/home/thomas/Documents/projects/knab-james-frontend/node_modules/zone.js/dist/zone-node.js:142:43)
    at Object.testBody.length (/home/thomas/Documents/projects/knab-james-frontend/node_modules/jest-zone-patch/index.js:47:27)
    at Object.asyncFn (/home/thomas/Documents/projects/knab-james-frontend/node_modules/jest-jasmine2/build/jasmine_async.js:126:345)
    at resolve (/home/thomas/Documents/projects/knab-james-frontend/node_modules/jest-jasmine2/build/queue_runner.js:47:12)
    at new ZoneAwarePromise (/home/thomas/Documents/projects/knab-james-frontend/node_modules/zone.js/dist/zone-node.js:861:29)
    at mapper (/home/thomas/Documents/projects/knab-james-frontend/node_modules/jest-jasmine2/build/queue_runner.js:36:499)
    at promise.then (/home/thomas/Documents/projects/knab-james-frontend/node_modules/jest-jasmine2/build/queue_runner.js:75:39)
    at ZoneDelegate.Object.&lt;anonymous&gt;.ZoneDelegate.invoke (/home/thomas/Documents/projects/knab-james-frontend/node_modules/zone.js/dist/zone-node.js:392:26)
    at Zone.Object.&lt;anonymous&gt;.Zone.run (/home/thomas/Documents/projects/knab-james-frontend/node_modules/zone.js/dist/zone-node.js:142:43)
    at /home/thomas/Documents/projects/knab-james-frontend/node_modules/zone.js/dist/zone-node.js:844:57
    at ZoneDelegate.Object.&lt;anonymous&gt;.ZoneDelegate.invokeTask (/home/thomas/Documents/projects/knab-james-frontend/node_modules/zone.js/dist/zone-node.js:425:31)
    at Zone.Object.&lt;anonymous&gt;.Zone.runTask (/home/thomas/Documents/projects/knab-james-frontend/node_modules/zone.js/dist/zone-node.js:192:47)
    at drainMicroTaskQueue (/home/thomas/Documents/projects/knab-james-frontend/node_modules/zone.js/dist/zone-node.js:602:35)
    at process._tickCallback (internal/process/next_tick.js:109:7)</failure>
    </testcase>
    <testcase classname="Component: CarContactComponent should validate the phone number" name="Component: CarContactComponent should validate the phone number" time="0.072">
      <failure>Error: Failed: SyntaxError
    at stackFormatter (/home/thomas/Documents/projects/knab-james-frontend/node_modules/jest-jasmine2/build/expectation_result_factory.js:51:427)
    at expectationResultFactory (/home/thomas/Documents/projects/knab-james-frontend/node_modules/jest-jasmine2/build/expectation_result_factory.js:51:591)
    at Spec.Object.&lt;anonymous&gt;.Spec.addExpectationResult (/home/thomas/Documents/projects/knab-james-frontend/node_modules/jest-jasmine2/build/jasmine/Spec.js:74:70)
    at Env.fail (/home/thomas/Documents/projects/knab-james-frontend/node_modules/jest-jasmine2/build/jasmine/Env.js:511:25)
    at Function.next.fail (/home/thomas/Documents/projects/knab-james-frontend/node_modules/jest-jasmine2/build/queue_runner.js:43:22)
    at /home/thomas/Documents/projects/knab-james-frontend/node_modules/@angular/core/bundles/core-testing.umd.js:85:26
    at /home/thomas/Documents/projects/knab-james-frontend/node_modules/@angular/core/bundles/core-testing.umd.js:136:17
    at ZoneDelegate.Object.&lt;anonymous&gt;.ZoneDelegate.invoke (/home/thomas/Documents/projects/knab-james-frontend/node_modules/zone.js/dist/zone-node.js:392:26)
    at AsyncTestZoneSpec.Object.&lt;anonymous&gt;.AsyncTestZoneSpec.onInvoke (/home/thomas/Documents/projects/knab-james-frontend/node_modules/zone.js/dist/async-test.js:49:39)
    at ProxyZoneSpec.Object.&lt;anonymous&gt;.ProxyZoneSpec.onInvoke (/home/thomas/Documents/projects/knab-james-frontend/node_modules/zone.js/dist/proxy.js:76:39)
    at ZoneDelegate.Object.&lt;anonymous&gt;.ZoneDelegate.invoke (/home/thomas/Documents/projects/knab-james-frontend/node_modules/zone.js/dist/zone-node.js:391:32)
    at Zone.Object.&lt;anonymous&gt;.Zone.run (/home/thomas/Documents/projects/knab-james-frontend/node_modules/zone.js/dist/zone-node.js:142:43)
    at AsyncTestZoneSpec._failCallback (/home/thomas/Documents/projects/knab-james-frontend/packages/core/testing/src/async.ts:111:15)
    at AsyncTestZoneSpec.Object.&lt;anonymous&gt;.AsyncTestZoneSpec.onHandleError (/home/thomas/Documents/projects/knab-james-frontend/node_modules/zone.js/dist/async-test.js:59:18)
    at ProxyZoneSpec.Object.&lt;anonymous&gt;.ProxyZoneSpec.onHandleError (/home/thomas/Documents/projects/knab-james-frontend/node_modules/zone.js/dist/proxy.js:84:39)
    at ZoneDelegate.Object.&lt;anonymous&gt;.ZoneDelegate.handleError (/home/thomas/Documents/projects/knab-james-frontend/node_modules/zone.js/dist/zone-node.js:396:37)
    at Zone.Object.&lt;anonymous&gt;.Zone.runGuarded (/home/thomas/Documents/projects/knab-james-frontend/node_modules/zone.js/dist/zone-node.js:158:44)
    at runInTestZone (/home/thomas/Documents/projects/knab-james-frontend/node_modules/@angular/core/bundles/core-testing.umd.js:141:25)
    at /home/thomas/Documents/projects/knab-james-frontend/node_modules/@angular/core/bundles/core-testing.umd.js:80:13
    at ZoneDelegate.Object.&lt;anonymous&gt;.ZoneDelegate.invoke (/home/thomas/Documents/projects/knab-james-frontend/node_modules/zone.js/dist/zone-node.js:392:26)
    at ProxyZoneSpec.Object.&lt;anonymous&gt;.ProxyZoneSpec.onInvoke (/home/thomas/Documents/projects/knab-james-frontend/node_modules/zone.js/dist/proxy.js:79:39)
    at ZoneDelegate.Object.&lt;anonymous&gt;.ZoneDelegate.invoke (/home/thomas/Documents/projects/knab-james-frontend/node_modules/zone.js/dist/zone-node.js:391:32)
    at Zone.Object.&lt;anonymous&gt;.Zone.run (/home/thomas/Documents/projects/knab-james-frontend/node_modules/zone.js/dist/zone-node.js:142:43)
    at Object.testBody.length.done (/home/thomas/Documents/projects/knab-james-frontend/node_modules/jest-zone-patch/index.js:48:29)
    at resolve (/home/thomas/Documents/projects/knab-james-frontend/node_modules/jest-jasmine2/build/queue_runner.js:47:12)
    at new ZoneAwarePromise (/home/thomas/Documents/projects/knab-james-frontend/node_modules/zone.js/dist/zone-node.js:861:29)
    at mapper (/home/thomas/Documents/projects/knab-james-frontend/node_modules/jest-jasmine2/build/queue_runner.js:36:499)
    at promise.then (/home/thomas/Documents/projects/knab-james-frontend/node_modules/jest-jasmine2/build/queue_runner.js:75:39)
    at ZoneDelegate.Object.&lt;anonymous&gt;.ZoneDelegate.invoke (/home/thomas/Documents/projects/knab-james-frontend/node_modules/zone.js/dist/zone-node.js:392:26)
    at Zone.Object.&lt;anonymous&gt;.Zone.run (/home/thomas/Documents/projects/knab-james-frontend/node_modules/zone.js/dist/zone-node.js:142:43)
    at /home/thomas/Documents/projects/knab-james-frontend/node_modules/zone.js/dist/zone-node.js:844:57
    at ZoneDelegate.Object.&lt;anonymous&gt;.ZoneDelegate.invokeTask (/home/thomas/Documents/projects/knab-james-frontend/node_modules/zone.js/dist/zone-node.js:425:31)
    at Zone.Object.&lt;anonymous&gt;.Zone.runTask (/home/thomas/Documents/projects/knab-james-frontend/node_modules/zone.js/dist/zone-node.js:192:47)
    at drainMicroTaskQueue (/home/thomas/Documents/projects/knab-james-frontend/node_modules/zone.js/dist/zone-node.js:602:35)
    at process._tickCallback (internal/process/next_tick.js:109:7)</failure>
      <failure>SyntaxError
    at XMLHttpRequest.open (/home/thomas/Documents/projects/knab-james-frontend/node_modules/jsdom/lib/jsdom/living/xmlhttprequest.js:486:15)
    at ResourceLoaderImpl.Object.&lt;anonymous&gt;.ResourceLoaderImpl.get (/home/thomas/Documents/projects/knab-james-frontend/node_modules/@angular/platform-browser-dynamic/bundles/platform-browser-dynamic.umd.js:63:13)
    at DirectiveNormalizer.Object.&lt;anonymous&gt;.DirectiveNormalizer._fetch (/home/thomas/Documents/projects/knab-james-frontend/node_modules/@angular/compiler/bundles/compiler.umd.js:14104:43)
    at DirectiveNormalizer.Object.&lt;anonymous&gt;.DirectiveNormalizer.normalizeTemplateOnly (/home/thomas/Documents/projects/knab-james-frontend/node_modules/@angular/compiler/bundles/compiler.umd.js:14147:29)
    at DirectiveNormalizer.Object.&lt;anonymous&gt;.DirectiveNormalizer.normalizeTemplate (/home/thomas/Documents/projects/knab-james-frontend/node_modules/@angular/compiler/bundles/compiler.umd.js:14131:36)
    at CompileMetadataResolver.Object.&lt;anonymous&gt;.CompileMetadataResolver.loadDirectiveMetadata (/home/thomas/Documents/projects/knab-james-frontend/node_modules/@angular/compiler/bundles/compiler.umd.js:15160:75)
    at /home/thomas/Documents/projects/knab-james-frontend/node_modules/@angular/compiler/bundles/compiler.umd.js:26837:72
    at Array.forEach (native)
    at /home/thomas/Documents/projects/knab-james-frontend/node_modules/@angular/compiler/bundles/compiler.umd.js:26836:72
    at Array.forEach (native)</failure>
      <failure>TypeError: Cannot read property &apos;carContactComponent&apos; of undefined
    at /home/thomas/Documents/projects/knab-james-frontend/src/app/car/components/buy/car-contact.component.spec.ts:65:22
    at ZoneDelegate.Object.&lt;anonymous&gt;.ZoneDelegate.invoke (/home/thomas/Documents/projects/knab-james-frontend/node_modules/zone.js/dist/zone-node.js:392:26)
    at ProxyZoneSpec.Object.&lt;anonymous&gt;.ProxyZoneSpec.onInvoke (/home/thomas/Documents/projects/knab-james-frontend/node_modules/zone.js/dist/proxy.js:79:39)
    at ZoneDelegate.Object.&lt;anonymous&gt;.ZoneDelegate.invoke (/home/thomas/Documents/projects/knab-james-frontend/node_modules/zone.js/dist/zone-node.js:391:32)
    at Zone.Object.&lt;anonymous&gt;.Zone.run (/home/thomas/Documents/projects/knab-james-frontend/node_modules/zone.js/dist/zone-node.js:142:43)
    at Object.testBody.length (/home/thomas/Documents/projects/knab-james-frontend/node_modules/jest-zone-patch/index.js:47:27)
    at Object.asyncFn (/home/thomas/Documents/projects/knab-james-frontend/node_modules/jest-jasmine2/build/jasmine_async.js:126:345)
    at resolve (/home/thomas/Documents/projects/knab-james-frontend/node_modules/jest-jasmine2/build/queue_runner.js:47:12)
    at new ZoneAwarePromise (/home/thomas/Documents/projects/knab-james-frontend/node_modules/zone.js/dist/zone-node.js:861:29)
    at mapper (/home/thomas/Documents/projects/knab-james-frontend/node_modules/jest-jasmine2/build/queue_runner.js:36:499)
    at promise.then (/home/thomas/Documents/projects/knab-james-frontend/node_modules/jest-jasmine2/build/queue_runner.js:75:39)
    at ZoneDelegate.Object.&lt;anonymous&gt;.ZoneDelegate.invoke (/home/thomas/Documents/projects/knab-james-frontend/node_modules/zone.js/dist/zone-node.js:392:26)
    at Zone.Object.&lt;anonymous&gt;.Zone.run (/home/thomas/Documents/projects/knab-james-frontend/node_modules/zone.js/dist/zone-node.js:142:43)
    at /home/thomas/Documents/projects/knab-james-frontend/node_modules/zone.js/dist/zone-node.js:844:57
    at ZoneDelegate.Object.&lt;anonymous&gt;.ZoneDelegate.invokeTask (/home/thomas/Documents/projects/knab-james-frontend/node_modules/zone.js/dist/zone-node.js:425:31)
    at Zone.Object.&lt;anonymous&gt;.Zone.runTask (/home/thomas/Documents/projects/knab-james-frontend/node_modules/zone.js/dist/zone-node.js:192:47)
    at drainMicroTaskQueue (/home/thomas/Documents/projects/knab-james-frontend/node_modules/zone.js/dist/zone-node.js:602:35)
    at process._tickCallback (internal/process/next_tick.js:109:7)</failure>
    </testcase>
  </testsuite>
  <testsuite name="Component: CarInfoMessageComponent" tests="1" errors="0" failures="0" skipped="0" timestamp="2017-10-07T17:23:01" time="0.722">
    <testcase classname="Component: CarInfoMessageComponent should show the car data" name="Component: CarInfoMessageComponent should show the car data" time="0.335">
    </testcase>
  </testsuite>
  <testsuite name="Utils: AuthUtils" tests="8" errors="0" failures="0" skipped="1" timestamp="2017-10-07T17:23:01" time="0.291">
    <testcase classname="Utils: AuthUtils TokenHelper should get expiration date" name="Utils: AuthUtils TokenHelper should get expiration date" time="0">
      <skipped/>
    </testcase>
    <testcase classname="Utils: AuthUtils TokenHelper should say that token is expired if no expires_in present" name="Utils: AuthUtils TokenHelper should say that token is expired if no expires_in present" time="0.005">
    </testcase>
    <testcase classname="Utils: AuthUtils TokenHelper should say that token is expired when token is expired" name="Utils: AuthUtils TokenHelper should say that token is expired when token is expired" time="0.003">
    </testcase>
    <testcase classname="Utils: AuthUtils TokenHelper should return false on empty token" name="Utils: AuthUtils TokenHelper should return false on empty token" time="0.001">
    </testcase>
    <testcase classname="Utils: AuthUtils TokenHelper should say that token is valid when token is not expired" name="Utils: AuthUtils TokenHelper should say that token is valid when token is not expired" time="0.002">
    </testcase>
    <testcase classname="Utils: AuthUtils tokenNotExpired should return false if token not exist" name="Utils: AuthUtils tokenNotExpired should return false if token not exist" time="0.001">
    </testcase>
    <testcase classname="Utils: AuthUtils tokenNotExpired should return false if token is expired" name="Utils: AuthUtils tokenNotExpired should return false if token is expired" time="0.001">
    </testcase>
    <testcase classname="Utils: AuthUtils tokenNotExpired should return true if token is valid" name="Utils: AuthUtils tokenNotExpired should return true if token is valid" time="0.003">
    </testcase>
  </testsuite>
  <testsuite name="Auth reducer" tests="4" errors="0" failures="0" skipped="0" timestamp="2017-10-07T17:23:02" time="0.304">
    <testcase classname="Auth reducer undefined action should handle initial state" name="Auth reducer undefined action should handle initial state" time="0.006">
    </testcase>
    <testcase classname="Auth reducer LOGIN_SUCCESS should update the login state" name="Auth reducer LOGIN_SUCCESS should update the login state" time="0.003">
    </testcase>
    <testcase classname="Auth reducer LOGOUT should reset the state" name="Auth reducer LOGOUT should reset the state" time="0.004">
    </testcase>
    <testcase classname="Auth reducer REFRESH_SUCCESS should update the token" name="Auth reducer REFRESH_SUCCESS should update the token" time="0.003">
    </testcase>
  </testsuite>
  <testsuite name="Component: CollapseMessage" tests="3" errors="0" failures="0" skipped="0" timestamp="2017-10-07T17:23:01" time="0.961">
    <testcase classname="Component: CollapseMessage should be invisible on isOpen false" name="Component: CollapseMessage should be invisible on isOpen false" time="0.306">
    </testcase>
    <testcase classname="Component: CollapseMessage should be visible on toggle" name="Component: CollapseMessage should be visible on toggle" time="0.134">
    </testcase>
    <testcase classname="Component: CollapseMessage should display the title" name="Component: CollapseMessage should display the title" time="0.131">
    </testcase>
  </testsuite>
  <testsuite name="Component: PriceTable" tests="4" errors="0" failures="0" skipped="0" timestamp="2017-10-07T17:23:01" time="1.148">
    <testcase classname="Component: PriceTable should render with with 3 elements" name="Component: PriceTable should render with with 3 elements" time="0.331">
    </testcase>
    <testcase classname="Component: PriceTable should render with 4 elements" name="Component: PriceTable should render with 4 elements" time="0.183">
    </testcase>
    <testcase classname="Component: PriceTable should show selected state on an element" name="Component: PriceTable should show selected state on an element" time="0.151">
    </testcase>
    <testcase classname="Component: PriceTable should highlight an item" name="Component: PriceTable should highlight an item" time="0.159">
    </testcase>
  </testsuite>
  <testsuite name="Component: License Plate" tests="2" errors="0" failures="0" skipped="0" timestamp="2017-10-07T17:23:02" time="0.509">
    <testcase classname="Component: License Plate LicensePlateValidator should validate correct license plates" name="Component: License Plate LicensePlateValidator should validate correct license plates" time="0.022">
    </testcase>
    <testcase classname="Component: License Plate LicensePlateValidator should reject invalid license plates" name="Component: License Plate LicensePlateValidator should reject invalid license plates" time="0.005">
    </testcase>
  </testsuite>
  <testsuite name="Utils: LicensePlate" tests="3" errors="0" failures="0" skipped="0" timestamp="2017-10-07T17:23:03" time="0.239">
    <testcase classname="Utils: LicensePlate should provide valid formats" name="Utils: LicensePlate should provide valid formats" time="0.004">
    </testcase>
    <testcase classname="Utils: LicensePlate should return the correct sidecodes" name="Utils: LicensePlate should return the correct sidecodes" time="0.008">
    </testcase>
    <testcase classname="Utils: LicensePlate should format licensePlates" name="Utils: LicensePlate should format licensePlates" time="0.004">
    </testcase>
  </testsuite>
  <testsuite name="Car Detail Form" tests="3" errors="0" failures="0" skipped="0" timestamp="2017-10-07T17:23:03" time="0.393">
    <testcase classname="Car Detail Form should have validation errors defined" name="Car Detail Form should have validation errors defined" time="0.006">
    </testcase>
    <testcase classname="Car Detail Form should have form options defined" name="Car Detail Form should have form options defined" time="0.002">
    </testcase>
    <testcase classname="Car Detail Form should init the form group" name="Car Detail Form should init the form group" time="0.005">
    </testcase>
  </testsuite>
  <testsuite name="Service: CookieService" tests="10" errors="0" failures="0" skipped="2" timestamp="2017-10-07T17:23:03" time="0.83">
    <testcase classname="Service: CookieService all method should be defined" name="Service: CookieService all method should be defined" time="0.008">
    </testcase>
    <testcase classname="Service: CookieService Cookie check methods should return true if cookie is present" name="Service: CookieService Cookie check methods should return true if cookie is present" time="0.009">
    </testcase>
    <testcase classname="Service: CookieService Cookie check methods should return false if cookie is not preset" name="Service: CookieService Cookie check methods should return false if cookie is not preset" time="0.003">
    </testcase>
    <testcase classname="Service: CookieService Cookie check methods should be able to get the list of all the cookies" name="Service: CookieService Cookie check methods should be able to get the list of all the cookies" time="0.005">
    </testcase>
    <testcase classname="Service: CookieService Cookie manipulation method should return empty string requesting not existing cookie" name="Service: CookieService Cookie manipulation method should return empty string requesting not existing cookie" time="0.002">
    </testcase>
    <testcase classname="Service: CookieService Cookie manipulation method should set the correct expire date in days" name="Service: CookieService Cookie manipulation method should set the correct expire date in days" time="0">
      <skipped/>
    </testcase>
    <testcase classname="Service: CookieService Cookie manipulation method should set the correct expire date with a date object" name="Service: CookieService Cookie manipulation method should set the correct expire date with a date object" time="0">
      <skipped/>
    </testcase>
    <testcase classname="Service: CookieService Cookie manipulation method should be able to add a new cookie" name="Service: CookieService Cookie manipulation method should be able to add a new cookie" time="0.004">
    </testcase>
    <testcase classname="Service: CookieService Cookie manipulation method should be able to remove a cookie" name="Service: CookieService Cookie manipulation method should be able to remove a cookie" time="0.005">
    </testcase>
    <testcase classname="Service: CookieService Cookie manipulation method should be able delete all cookie" name="Service: CookieService Cookie manipulation method should be able delete all cookie" time="0.004">
    </testcase>
  </testsuite>
  <testsuite name="Car coverage reducer" tests="4" errors="0" failures="0" skipped="0" timestamp="2017-10-07T17:23:03" time="0.695">
    <testcase classname="Car coverage reducer undefined action should return the initial state on unknown action" name="Car coverage reducer undefined action should return the initial state on unknown action" time="0.005">
    </testcase>
    <testcase classname="Car coverage reducer CAR_COVERAGE_REQUEST should set loading to true" name="Car coverage reducer CAR_COVERAGE_REQUEST should set loading to true" time="0.004">
    </testcase>
    <testcase classname="Car coverage reducer CAR_COVERAGE_SUCCESS should set the coverage" name="Car coverage reducer CAR_COVERAGE_SUCCESS should set the coverage" time="0.002">
    </testcase>
    <testcase classname="Car coverage reducer CAR_COVERAGE_SET_ACTIVE_LOAN should set the active loan" name="Car coverage reducer CAR_COVERAGE_SET_ACTIVE_LOAN should set the active loan" time="0.002">
    </testcase>
  </testsuite>
  <testsuite name="Component: Features" tests="2" errors="0" failures="0" skipped="0" timestamp="2017-10-07T17:23:04" time="0.658">
    <testcase classname="Component: Features should display list of features" name="Component: Features should display list of features" time="0.25">
    </testcase>
    <testcase classname="Component: Features should display list of features change adding one more" name="Component: Features should display list of features change adding one more" time="0.109">
    </testcase>
  </testsuite>
  <testsuite name="Component: SidePanel" tests="5" errors="0" failures="0" skipped="0" timestamp="2017-10-07T17:23:03" time="1.717">
    <testcase classname="Component: SidePanel should define the container element" name="Component: SidePanel should define the container element" time="0.223">
    </testcase>
    <testcase classname="Component: SidePanel should open the panel" name="Component: SidePanel should open the panel" time="0.148">
    </testcase>
    <testcase classname="Component: SidePanel should close the panel" name="Component: SidePanel should close the panel" time="0.31">
    </testcase>
    <testcase classname="Component: SidePanel should change the animation state on open" name="Component: SidePanel should change the animation state on open" time="0.374">
    </testcase>
    <testcase classname="Component: SidePanel should change the animation state on close" name="Component: SidePanel should change the animation state on close" time="0.09">
    </testcase>
  </testsuite>
  <testsuite name="Component: Thank You" tests="1" errors="0" failures="0" skipped="0" timestamp="2017-10-07T17:23:04" time="0.684">
    <testcase classname="Component: Thank You should take input parameters" name="Component: Thank You should take input parameters" time="0.267">
    </testcase>
  </testsuite>
  <testsuite name="CarEffects" tests="2" errors="0" failures="2" skipped="0" timestamp="2017-10-07T17:23:05" time="0.703">
    <testcase classname="CarEffects loadCarCompare$ should return compare success action" name="CarEffects loadCarCompare$ should return compare success action" time="0.255">
      <failure>TypeError: jasmine.createSpyObj is not a function
    at /home/thomas/Documents/projects/knab-james-frontend/src/app/car/effects/compare.spec.ts:24:21
    at ZoneDelegate.Object.&lt;anonymous&gt;.ZoneDelegate.invoke (/home/thomas/Documents/projects/knab-james-frontend/node_modules/zone.js/dist/zone-node.js:392:26)
    at ProxyZoneSpec.Object.&lt;anonymous&gt;.ProxyZoneSpec.onInvoke (/home/thomas/Documents/projects/knab-james-frontend/node_modules/zone.js/dist/proxy.js:79:39)
    at ZoneDelegate.Object.&lt;anonymous&gt;.ZoneDelegate.invoke (/home/thomas/Documents/projects/knab-james-frontend/node_modules/zone.js/dist/zone-node.js:391:32)
    at Zone.Object.&lt;anonymous&gt;.Zone.run (/home/thomas/Documents/projects/knab-james-frontend/node_modules/zone.js/dist/zone-node.js:142:43)
    at Object.testBody.length (/home/thomas/Documents/projects/knab-james-frontend/node_modules/jest-zone-patch/index.js:47:27)
    at Object.asyncFn (/home/thomas/Documents/projects/knab-james-frontend/node_modules/jest-jasmine2/build/jasmine_async.js:124:61)
    at resolve (/home/thomas/Documents/projects/knab-james-frontend/node_modules/jest-jasmine2/build/queue_runner.js:47:12)
    at new ZoneAwarePromise (/home/thomas/Documents/projects/knab-james-frontend/node_modules/zone.js/dist/zone-node.js:861:29)
    at mapper (/home/thomas/Documents/projects/knab-james-frontend/node_modules/jest-jasmine2/build/queue_runner.js:36:499)
    at promise.then (/home/thomas/Documents/projects/knab-james-frontend/node_modules/jest-jasmine2/build/queue_runner.js:75:39)
    at ZoneDelegate.Object.&lt;anonymous&gt;.ZoneDelegate.invoke (/home/thomas/Documents/projects/knab-james-frontend/node_modules/zone.js/dist/zone-node.js:392:26)
    at Zone.Object.&lt;anonymous&gt;.Zone.run (/home/thomas/Documents/projects/knab-james-frontend/node_modules/zone.js/dist/zone-node.js:142:43)
    at /home/thomas/Documents/projects/knab-james-frontend/node_modules/zone.js/dist/zone-node.js:844:57
    at ZoneDelegate.Object.&lt;anonymous&gt;.ZoneDelegate.invokeTask (/home/thomas/Documents/projects/knab-james-frontend/node_modules/zone.js/dist/zone-node.js:425:31)
    at Zone.Object.&lt;anonymous&gt;.Zone.runTask (/home/thomas/Documents/projects/knab-james-frontend/node_modules/zone.js/dist/zone-node.js:192:47)
    at drainMicroTaskQueue (/home/thomas/Documents/projects/knab-james-frontend/node_modules/zone.js/dist/zone-node.js:602:35)
    at process._tickCallback (internal/process/next_tick.js:109:7)</failure>
      <failure>TypeError: Cannot read property &apos;getInsurances&apos; of undefined
    at /home/thomas/Documents/projects/knab-james-frontend/src/app/car/effects/compare.spec.ts:41:17
    at ZoneDelegate.Object.&lt;anonymous&gt;.ZoneDelegate.invoke (/home/thomas/Documents/projects/knab-james-frontend/node_modules/zone.js/dist/zone-node.js:392:26)
    at ProxyZoneSpec.Object.&lt;anonymous&gt;.ProxyZoneSpec.onInvoke (/home/thomas/Documents/projects/knab-james-frontend/node_modules/zone.js/dist/proxy.js:79:39)
    at ZoneDelegate.Object.&lt;anonymous&gt;.ZoneDelegate.invoke (/home/thomas/Documents/projects/knab-james-frontend/node_modules/zone.js/dist/zone-node.js:391:32)
    at Zone.Object.&lt;anonymous&gt;.Zone.run (/home/thomas/Documents/projects/knab-james-frontend/node_modules/zone.js/dist/zone-node.js:142:43)
    at Object.testBody.length (/home/thomas/Documents/projects/knab-james-frontend/node_modules/jest-zone-patch/index.js:47:27)
    at Object.asyncFn (/home/thomas/Documents/projects/knab-james-frontend/node_modules/jest-jasmine2/build/jasmine_async.js:126:345)
    at resolve (/home/thomas/Documents/projects/knab-james-frontend/node_modules/jest-jasmine2/build/queue_runner.js:47:12)
    at new ZoneAwarePromise (/home/thomas/Documents/projects/knab-james-frontend/node_modules/zone.js/dist/zone-node.js:861:29)
    at mapper (/home/thomas/Documents/projects/knab-james-frontend/node_modules/jest-jasmine2/build/queue_runner.js:36:499)
    at promise.then (/home/thomas/Documents/projects/knab-james-frontend/node_modules/jest-jasmine2/build/queue_runner.js:75:39)
    at ZoneDelegate.Object.&lt;anonymous&gt;.ZoneDelegate.invoke (/home/thomas/Documents/projects/knab-james-frontend/node_modules/zone.js/dist/zone-node.js:392:26)
    at Zone.Object.&lt;anonymous&gt;.Zone.run (/home/thomas/Documents/projects/knab-james-frontend/node_modules/zone.js/dist/zone-node.js:142:43)
    at /home/thomas/Documents/projects/knab-james-frontend/node_modules/zone.js/dist/zone-node.js:844:57
    at ZoneDelegate.Object.&lt;anonymous&gt;.ZoneDelegate.invokeTask (/home/thomas/Documents/projects/knab-james-frontend/node_modules/zone.js/dist/zone-node.js:425:31)
    at Zone.Object.&lt;anonymous&gt;.Zone.runTask (/home/thomas/Documents/projects/knab-james-frontend/node_modules/zone.js/dist/zone-node.js:192:47)
    at drainMicroTaskQueue (/home/thomas/Documents/projects/knab-james-frontend/node_modules/zone.js/dist/zone-node.js:602:35)
    at process._tickCallback (internal/process/next_tick.js:109:7)</failure>
    </testcase>
    <testcase classname="CarEffects loadCarCompare$ should return compare failure action" name="CarEffects loadCarCompare$ should return compare failure action" time="0.005">
      <failure>TypeError: jasmine.createSpyObj is not a function
    at /home/thomas/Documents/projects/knab-james-frontend/src/app/car/effects/compare.spec.ts:24:21
    at ZoneDelegate.Object.&lt;anonymous&gt;.ZoneDelegate.invoke (/home/thomas/Documents/projects/knab-james-frontend/node_modules/zone.js/dist/zone-node.js:392:26)
    at ProxyZoneSpec.Object.&lt;anonymous&gt;.ProxyZoneSpec.onInvoke (/home/thomas/Documents/projects/knab-james-frontend/node_modules/zone.js/dist/proxy.js:79:39)
    at ZoneDelegate.Object.&lt;anonymous&gt;.ZoneDelegate.invoke (/home/thomas/Documents/projects/knab-james-frontend/node_modules/zone.js/dist/zone-node.js:391:32)
    at Zone.Object.&lt;anonymous&gt;.Zone.run (/home/thomas/Documents/projects/knab-james-frontend/node_modules/zone.js/dist/zone-node.js:142:43)
    at Object.testBody.length (/home/thomas/Documents/projects/knab-james-frontend/node_modules/jest-zone-patch/index.js:47:27)
    at Object.asyncFn (/home/thomas/Documents/projects/knab-james-frontend/node_modules/jest-jasmine2/build/jasmine_async.js:124:61)
    at resolve (/home/thomas/Documents/projects/knab-james-frontend/node_modules/jest-jasmine2/build/queue_runner.js:47:12)
    at new ZoneAwarePromise (/home/thomas/Documents/projects/knab-james-frontend/node_modules/zone.js/dist/zone-node.js:861:29)
    at mapper (/home/thomas/Documents/projects/knab-james-frontend/node_modules/jest-jasmine2/build/queue_runner.js:36:499)
    at promise.then (/home/thomas/Documents/projects/knab-james-frontend/node_modules/jest-jasmine2/build/queue_runner.js:75:39)
    at ZoneDelegate.Object.&lt;anonymous&gt;.ZoneDelegate.invoke (/home/thomas/Documents/projects/knab-james-frontend/node_modules/zone.js/dist/zone-node.js:392:26)
    at Zone.Object.&lt;anonymous&gt;.Zone.run (/home/thomas/Documents/projects/knab-james-frontend/node_modules/zone.js/dist/zone-node.js:142:43)
    at /home/thomas/Documents/projects/knab-james-frontend/node_modules/zone.js/dist/zone-node.js:844:57
    at ZoneDelegate.Object.&lt;anonymous&gt;.ZoneDelegate.invokeTask (/home/thomas/Documents/projects/knab-james-frontend/node_modules/zone.js/dist/zone-node.js:425:31)
    at Zone.Object.&lt;anonymous&gt;.Zone.runTask (/home/thomas/Documents/projects/knab-james-frontend/node_modules/zone.js/dist/zone-node.js:192:47)
    at drainMicroTaskQueue (/home/thomas/Documents/projects/knab-james-frontend/node_modules/zone.js/dist/zone-node.js:602:35)
    at process._tickCallback (internal/process/next_tick.js:109:7)</failure>
      <failure>TypeError: Cannot read property &apos;getInsurances&apos; of undefined
    at /home/thomas/Documents/projects/knab-james-frontend/src/app/car/effects/compare.spec.ts:52:17
    at ZoneDelegate.Object.&lt;anonymous&gt;.ZoneDelegate.invoke (/home/thomas/Documents/projects/knab-james-frontend/node_modules/zone.js/dist/zone-node.js:392:26)
    at ProxyZoneSpec.Object.&lt;anonymous&gt;.ProxyZoneSpec.onInvoke (/home/thomas/Documents/projects/knab-james-frontend/node_modules/zone.js/dist/proxy.js:79:39)
    at ZoneDelegate.Object.&lt;anonymous&gt;.ZoneDelegate.invoke (/home/thomas/Documents/projects/knab-james-frontend/node_modules/zone.js/dist/zone-node.js:391:32)
    at Zone.Object.&lt;anonymous&gt;.Zone.run (/home/thomas/Documents/projects/knab-james-frontend/node_modules/zone.js/dist/zone-node.js:142:43)
    at Object.testBody.length (/home/thomas/Documents/projects/knab-james-frontend/node_modules/jest-zone-patch/index.js:47:27)
    at Object.asyncFn (/home/thomas/Documents/projects/knab-james-frontend/node_modules/jest-jasmine2/build/jasmine_async.js:126:345)
    at resolve (/home/thomas/Documents/projects/knab-james-frontend/node_modules/jest-jasmine2/build/queue_runner.js:47:12)
    at new ZoneAwarePromise (/home/thomas/Documents/projects/knab-james-frontend/node_modules/zone.js/dist/zone-node.js:861:29)
    at mapper (/home/thomas/Documents/projects/knab-james-frontend/node_modules/jest-jasmine2/build/queue_runner.js:36:499)
    at promise.then (/home/thomas/Documents/projects/knab-james-frontend/node_modules/jest-jasmine2/build/queue_runner.js:75:39)
    at ZoneDelegate.Object.&lt;anonymous&gt;.ZoneDelegate.invoke (/home/thomas/Documents/projects/knab-james-frontend/node_modules/zone.js/dist/zone-node.js:392:26)
    at Zone.Object.&lt;anonymous&gt;.Zone.run (/home/thomas/Documents/projects/knab-james-frontend/node_modules/zone.js/dist/zone-node.js:142:43)
    at /home/thomas/Documents/projects/knab-james-frontend/node_modules/zone.js/dist/zone-node.js:844:57
    at ZoneDelegate.Object.&lt;anonymous&gt;.ZoneDelegate.invokeTask (/home/thomas/Documents/projects/knab-james-frontend/node_modules/zone.js/dist/zone-node.js:425:31)
    at Zone.Object.&lt;anonymous&gt;.Zone.runTask (/home/thomas/Documents/projects/knab-james-frontend/node_modules/zone.js/dist/zone-node.js:192:47)
    at drainMicroTaskQueue (/home/thomas/Documents/projects/knab-james-frontend/node_modules/zone.js/dist/zone-node.js:602:35)
    at process._tickCallback (internal/process/next_tick.js:109:7)</failure>
    </testcase>
  </testsuite>
  <testsuite name="Base Form Util" tests="9" errors="0" failures="0" skipped="0" timestamp="2017-10-07T17:23:05" time="0.391">
    <testcase classname="Base Form Util should decode birth date" name="Base Form Util should decode birth date" time="0.005">
    </testcase>
    <testcase classname="Base Form Util should decode initials" name="Base Form Util should decode initials" time="0.002">
    </testcase>
    <testcase classname="Base Form Util should decode date" name="Base Form Util should decode date" time="0.002">
    </testcase>
    <testcase classname="Base Form Util should validate form" name="Base Form Util should validate form" time="0.006">
    </testcase>
    <testcase classname="Base Form Util should format a Dutch date" name="Base Form Util should format a Dutch date" time="0.005">
    </testcase>
    <testcase classname="Base Form Util should format a date in Date format" name="Base Form Util should format a date in Date format" time="0.02">
    </testcase>
    <testcase classname="Base Form Util should handle null date" name="Base Form Util should handle null date" time="0.007">
    </testcase>
    <testcase classname="Base Form Util should parse a date in NICCI format" name="Base Form Util should parse a date in NICCI format" time="0.005">
    </testcase>
    <testcase classname="Base Form Util should format a date in NICCI format" name="Base Form Util should format a date in NICCI format" time="0.007">
    </testcase>
  </testsuite>
  <testsuite name="Component: Navbar" tests="1" errors="0" failures="1" skipped="0" timestamp="2017-10-07T17:23:05" time="0.852">
    <testcase classname="Component: Navbar should display the title" name="Component: Navbar should display the title" time="0.329">
      <failure>Error: Failed: SyntaxError
    at stackFormatter (/home/thomas/Documents/projects/knab-james-frontend/node_modules/jest-jasmine2/build/expectation_result_factory.js:51:427)
    at expectationResultFactory (/home/thomas/Documents/projects/knab-james-frontend/node_modules/jest-jasmine2/build/expectation_result_factory.js:51:591)
    at Spec.Object.&lt;anonymous&gt;.Spec.addExpectationResult (/home/thomas/Documents/projects/knab-james-frontend/node_modules/jest-jasmine2/build/jasmine/Spec.js:74:70)
    at Env.fail (/home/thomas/Documents/projects/knab-james-frontend/node_modules/jest-jasmine2/build/jasmine/Env.js:511:25)
    at Function.next.fail (/home/thomas/Documents/projects/knab-james-frontend/node_modules/jest-jasmine2/build/queue_runner.js:43:22)
    at /home/thomas/Documents/projects/knab-james-frontend/node_modules/@angular/core/bundles/core-testing.umd.js:85:26
    at /home/thomas/Documents/projects/knab-james-frontend/node_modules/@angular/core/bundles/core-testing.umd.js:136:17
    at ZoneDelegate.Object.&lt;anonymous&gt;.ZoneDelegate.invoke (/home/thomas/Documents/projects/knab-james-frontend/node_modules/zone.js/dist/zone-node.js:392:26)
    at AsyncTestZoneSpec.Object.&lt;anonymous&gt;.AsyncTestZoneSpec.onInvoke (/home/thomas/Documents/projects/knab-james-frontend/node_modules/zone.js/dist/async-test.js:49:39)
    at ProxyZoneSpec.Object.&lt;anonymous&gt;.ProxyZoneSpec.onInvoke (/home/thomas/Documents/projects/knab-james-frontend/node_modules/zone.js/dist/proxy.js:76:39)
    at ZoneDelegate.Object.&lt;anonymous&gt;.ZoneDelegate.invoke (/home/thomas/Documents/projects/knab-james-frontend/node_modules/zone.js/dist/zone-node.js:391:32)
    at Zone.Object.&lt;anonymous&gt;.Zone.run (/home/thomas/Documents/projects/knab-james-frontend/node_modules/zone.js/dist/zone-node.js:142:43)
    at AsyncTestZoneSpec._failCallback (/home/thomas/Documents/projects/knab-james-frontend/packages/core/testing/src/async.ts:111:15)
    at AsyncTestZoneSpec.Object.&lt;anonymous&gt;.AsyncTestZoneSpec.onHandleError (/home/thomas/Documents/projects/knab-james-frontend/node_modules/zone.js/dist/async-test.js:59:18)
    at ProxyZoneSpec.Object.&lt;anonymous&gt;.ProxyZoneSpec.onHandleError (/home/thomas/Documents/projects/knab-james-frontend/node_modules/zone.js/dist/proxy.js:84:39)
    at ZoneDelegate.Object.&lt;anonymous&gt;.ZoneDelegate.handleError (/home/thomas/Documents/projects/knab-james-frontend/node_modules/zone.js/dist/zone-node.js:396:37)
    at Zone.Object.&lt;anonymous&gt;.Zone.runGuarded (/home/thomas/Documents/projects/knab-james-frontend/node_modules/zone.js/dist/zone-node.js:158:44)
    at runInTestZone (/home/thomas/Documents/projects/knab-james-frontend/node_modules/@angular/core/bundles/core-testing.umd.js:141:25)
    at /home/thomas/Documents/projects/knab-james-frontend/node_modules/@angular/core/bundles/core-testing.umd.js:80:13
    at ZoneDelegate.Object.&lt;anonymous&gt;.ZoneDelegate.invoke (/home/thomas/Documents/projects/knab-james-frontend/node_modules/zone.js/dist/zone-node.js:392:26)
    at ProxyZoneSpec.Object.&lt;anonymous&gt;.ProxyZoneSpec.onInvoke (/home/thomas/Documents/projects/knab-james-frontend/node_modules/zone.js/dist/proxy.js:79:39)
    at ZoneDelegate.Object.&lt;anonymous&gt;.ZoneDelegate.invoke (/home/thomas/Documents/projects/knab-james-frontend/node_modules/zone.js/dist/zone-node.js:391:32)
    at Zone.Object.&lt;anonymous&gt;.Zone.run (/home/thomas/Documents/projects/knab-james-frontend/node_modules/zone.js/dist/zone-node.js:142:43)
    at Object.testBody.length.done (/home/thomas/Documents/projects/knab-james-frontend/node_modules/jest-zone-patch/index.js:48:29)
    at resolve (/home/thomas/Documents/projects/knab-james-frontend/node_modules/jest-jasmine2/build/queue_runner.js:47:12)
    at new ZoneAwarePromise (/home/thomas/Documents/projects/knab-james-frontend/node_modules/zone.js/dist/zone-node.js:861:29)
    at mapper (/home/thomas/Documents/projects/knab-james-frontend/node_modules/jest-jasmine2/build/queue_runner.js:36:499)
    at promise.then (/home/thomas/Documents/projects/knab-james-frontend/node_modules/jest-jasmine2/build/queue_runner.js:75:39)
    at ZoneDelegate.Object.&lt;anonymous&gt;.ZoneDelegate.invoke (/home/thomas/Documents/projects/knab-james-frontend/node_modules/zone.js/dist/zone-node.js:392:26)
    at Zone.Object.&lt;anonymous&gt;.Zone.run (/home/thomas/Documents/projects/knab-james-frontend/node_modules/zone.js/dist/zone-node.js:142:43)
    at /home/thomas/Documents/projects/knab-james-frontend/node_modules/zone.js/dist/zone-node.js:844:57
    at ZoneDelegate.Object.&lt;anonymous&gt;.ZoneDelegate.invokeTask (/home/thomas/Documents/projects/knab-james-frontend/node_modules/zone.js/dist/zone-node.js:425:31)
    at Zone.Object.&lt;anonymous&gt;.Zone.runTask (/home/thomas/Documents/projects/knab-james-frontend/node_modules/zone.js/dist/zone-node.js:192:47)
    at drainMicroTaskQueue (/home/thomas/Documents/projects/knab-james-frontend/node_modules/zone.js/dist/zone-node.js:602:35)
    at process._tickCallback (internal/process/next_tick.js:109:7)</failure>
      <failure>SyntaxError
    at XMLHttpRequest.open (/home/thomas/Documents/projects/knab-james-frontend/node_modules/jsdom/lib/jsdom/living/xmlhttprequest.js:486:15)
    at ResourceLoaderImpl.Object.&lt;anonymous&gt;.ResourceLoaderImpl.get (/home/thomas/Documents/projects/knab-james-frontend/node_modules/@angular/platform-browser-dynamic/bundles/platform-browser-dynamic.umd.js:63:13)
    at DirectiveNormalizer.Object.&lt;anonymous&gt;.DirectiveNormalizer._fetch (/home/thomas/Documents/projects/knab-james-frontend/node_modules/@angular/compiler/bundles/compiler.umd.js:14104:43)
    at DirectiveNormalizer.Object.&lt;anonymous&gt;.DirectiveNormalizer.normalizeTemplateOnly (/home/thomas/Documents/projects/knab-james-frontend/node_modules/@angular/compiler/bundles/compiler.umd.js:14147:29)
    at DirectiveNormalizer.Object.&lt;anonymous&gt;.DirectiveNormalizer.normalizeTemplate (/home/thomas/Documents/projects/knab-james-frontend/node_modules/@angular/compiler/bundles/compiler.umd.js:14131:36)
    at CompileMetadataResolver.Object.&lt;anonymous&gt;.CompileMetadataResolver.loadDirectiveMetadata (/home/thomas/Documents/projects/knab-james-frontend/node_modules/@angular/compiler/bundles/compiler.umd.js:15160:75)
    at /home/thomas/Documents/projects/knab-james-frontend/node_modules/@angular/compiler/bundles/compiler.umd.js:26837:72
    at Array.forEach (native)
    at /home/thomas/Documents/projects/knab-james-frontend/node_modules/@angular/compiler/bundles/compiler.umd.js:26836:72
    at Array.forEach (native)</failure>
      <failure>TypeError: Cannot read property &apos;debugElement&apos; of undefined
    at /home/thomas/Documents/projects/knab-james-frontend/src/app/components/knx-navigation/navbar.component.spec.ts:40:31
    at ZoneDelegate.Object.&lt;anonymous&gt;.ZoneDelegate.invoke (/home/thomas/Documents/projects/knab-james-frontend/node_modules/zone.js/dist/zone-node.js:392:26)
    at ProxyZoneSpec.Object.&lt;anonymous&gt;.ProxyZoneSpec.onInvoke (/home/thomas/Documents/projects/knab-james-frontend/node_modules/zone.js/dist/proxy.js:79:39)
    at ZoneDelegate.Object.&lt;anonymous&gt;.ZoneDelegate.invoke (/home/thomas/Documents/projects/knab-james-frontend/node_modules/zone.js/dist/zone-node.js:391:32)
    at Zone.Object.&lt;anonymous&gt;.Zone.run (/home/thomas/Documents/projects/knab-james-frontend/node_modules/zone.js/dist/zone-node.js:142:43)
    at Object.testBody.length (/home/thomas/Documents/projects/knab-james-frontend/node_modules/jest-zone-patch/index.js:47:27)
    at Object.asyncFn (/home/thomas/Documents/projects/knab-james-frontend/node_modules/jest-jasmine2/build/jasmine_async.js:126:345)
    at resolve (/home/thomas/Documents/projects/knab-james-frontend/node_modules/jest-jasmine2/build/queue_runner.js:47:12)
    at new ZoneAwarePromise (/home/thomas/Documents/projects/knab-james-frontend/node_modules/zone.js/dist/zone-node.js:861:29)
    at mapper (/home/thomas/Documents/projects/knab-james-frontend/node_modules/jest-jasmine2/build/queue_runner.js:36:499)
    at promise.then (/home/thomas/Documents/projects/knab-james-frontend/node_modules/jest-jasmine2/build/queue_runner.js:75:39)
    at ZoneDelegate.Object.&lt;anonymous&gt;.ZoneDelegate.invoke (/home/thomas/Documents/projects/knab-james-frontend/node_modules/zone.js/dist/zone-node.js:392:26)
    at Zone.Object.&lt;anonymous&gt;.Zone.run (/home/thomas/Documents/projects/knab-james-frontend/node_modules/zone.js/dist/zone-node.js:142:43)
    at /home/thomas/Documents/projects/knab-james-frontend/node_modules/zone.js/dist/zone-node.js:844:57
    at ZoneDelegate.Object.&lt;anonymous&gt;.ZoneDelegate.invokeTask (/home/thomas/Documents/projects/knab-james-frontend/node_modules/zone.js/dist/zone-node.js:425:31)
    at Zone.Object.&lt;anonymous&gt;.Zone.runTask (/home/thomas/Documents/projects/knab-james-frontend/node_modules/zone.js/dist/zone-node.js:192:47)
    at drainMicroTaskQueue (/home/thomas/Documents/projects/knab-james-frontend/node_modules/zone.js/dist/zone-node.js:602:35)
    at process._tickCallback (internal/process/next_tick.js:109:7)</failure>
    </testcase>
  </testsuite>
  <testsuite name="Component: CarContactComponent" tests="5" errors="0" failures="0" skipped="0" timestamp="2017-10-07T17:23:05" time="0.802">
    <testcase classname="Component: CarContactComponent shoud provide a default schedule" name="Component: CarContactComponent shoud provide a default schedule" time="0.134">
    </testcase>
    <testcase classname="Component: CarContactComponent should be closed on sundays" name="Component: CarContactComponent should be closed on sundays" time="0.128">
    </testcase>
    <testcase classname="Component: CarContactComponent should be closed before 8am" name="Component: CarContactComponent should be closed before 8am" time="0.071">
    </testcase>
    <testcase classname="Component: CarContactComponent should be closed after 22pm" name="Component: CarContactComponent should be closed after 22pm" time="0.082">
    </testcase>
    <testcase classname="Component: CarContactComponent should be open between 8am and 22pm" name="Component: CarContactComponent should be open between 8am and 22pm" time="0.08">
    </testcase>
  </testsuite>
  <testsuite name="Component: InsuranceTopList" tests="3" errors="0" failures="0" skipped="0" timestamp="2017-10-07T17:23:05" time="1.069">
    <testcase classname="Component: InsuranceTopList should initialize default sorting options" name="Component: InsuranceTopList should initialize default sorting options" time="0.262">
    </testcase>
    <testcase classname="Component: InsuranceTopList should show all insurances" name="Component: InsuranceTopList should show all insurances" time="0.201">
    </testcase>
    <testcase classname="Component: InsuranceTopList should show empty insurance list message" name="Component: InsuranceTopList should show empty insurance list message" time="0.239">
    </testcase>
  </testsuite>
  <testsuite name="Root reducer" tests="2" errors="0" failures="0" skipped="0" timestamp="2017-10-07T17:23:06" time="0.389">
    <testcase classname="Root reducer Logout metareducer should reset the state on LOGOUT action" name="Root reducer Logout metareducer should reset the state on LOGOUT action" time="0.004">
    </testcase>
    <testcase classname="Root reducer Logger metareducer should return the reducer without changes" name="Root reducer Logger metareducer should return the reducer without changes" time="0.002">
    </testcase>
  </testsuite>
  <testsuite name="Component: SidePanel" tests="5" errors="0" failures="0" skipped="0" timestamp="2017-10-07T17:23:06" time="1.057">
    <testcase classname="Component: SidePanel should return a morning greeting" name="Component: SidePanel should return a morning greeting" time="0.17">
    </testcase>
    <testcase classname="Component: SidePanel should return a afternoon greeting" name="Component: SidePanel should return a afternoon greeting" time="0.115">
    </testcase>
    <testcase classname="Component: SidePanel should return a evening greeting" name="Component: SidePanel should return a evening greeting" time="0.094">
    </testcase>
    <testcase classname="Component: SidePanel should return a night greeting" name="Component: SidePanel should return a night greeting" time="0.092">
    </testcase>
    <testcase classname="Component: SidePanel should handle an unkown or undefined hour" name="Component: SidePanel should handle an unkown or undefined hour" time="0.113">
    </testcase>
  </testsuite>
  <testsuite name="Component: ChatStreamComponent" tests="1" errors="0" failures="0" skipped="0" timestamp="2017-10-07T17:23:07" time="0.425">
    <testcase classname="Component: ChatStreamComponent should show an avatar" name="Component: ChatStreamComponent should show an avatar" time="0.128">
    </testcase>
  </testsuite>
  <testsuite name="Component: TextMessageComponent" tests="2" errors="0" failures="0" skipped="0" timestamp="2017-10-07T17:23:07" time="0.549">
    <testcase classname="Component: TextMessageComponent should show the message" name="Component: TextMessageComponent should show the message" time="0.121">
    </testcase>
    <testcase classname="Component: TextMessageComponent should add date to message" name="Component: TextMessageComponent should add date to message" time="0.11">
    </testcase>
  </testsuite>
  <testsuite name="Form: ContactDetail" tests="3" errors="0" failures="0" skipped="0" timestamp="2017-10-07T17:23:07" time="0.332">
    <testcase classname="Form: ContactDetail should initialize the form controls" name="Form: ContactDetail should initialize the form controls" time="0.017">
    </testcase>
    <testcase classname="Form: ContactDetail should init the form options" name="Form: ContactDetail should init the form options" time="0.006">
    </testcase>
    <testcase classname="Form: ContactDetail should init validation errors" name="Form: ContactDetail should init validation errors" time="0.009">
    </testcase>
  </testsuite>
  <testsuite name="Class: Assistant" tests="6" errors="0" failures="0" skipped="0" timestamp="2017-10-07T17:23:07" time="0.266">
    <testcase classname="Class: Assistant Car messages: should create a welcome message" name="Class: Assistant Car messages: should create a welcome message" time="0.003">
    </testcase>
    <testcase classname="Class: Assistant Car messages: should create a coverage message" name="Class: Assistant Car messages: should create a coverage message" time="0.002">
    </testcase>
    <testcase classname="Class: Assistant Car messages: should map coverage types" name="Class: Assistant Car messages: should map coverage types" time="0.003">
    </testcase>
    <testcase classname="Class: Assistant Car messages: should have a car not found message" name="Class: Assistant Car messages: should have a car not found message" time="0.002">
    </testcase>
    <testcase classname="Class: Assistant Car messages: should have a car check message with insurer brand" name="Class: Assistant Car messages: should have a car check message with insurer brand" time="0.002">
    </testcase>
    <testcase classname="Class: Assistant Car messages: should have a thank you message with an email" name="Class: Assistant Car messages: should have a thank you message with an email" time="0.001">
    </testcase>
  </testsuite>
  <testsuite name="Util: Email Validator" tests="3" errors="0" failures="0" skipped="0" timestamp="2017-10-07T17:23:07" time="0.323">
    <testcase classname="Util: Email Validator should validate simple email address" name="Util: Email Validator should validate simple email address" time="0.008">
    </testcase>
    <testcase classname="Util: Email Validator should not validate email with spaces" name="Util: Email Validator should not validate email with spaces" time="0.007">
    </testcase>
    <testcase classname="Util: Email Validator should not validate email with wrong character" name="Util: Email Validator should not validate email with wrong character" time="0.007">
    </testcase>
  </testsuite>
  <testsuite name="Form: Profile" tests="3" errors="0" failures="0" skipped="0" timestamp="2017-10-07T17:23:07" time="0.487">
    <testcase classname="Form: Profile should initialize the form controls" name="Form: Profile should initialize the form controls" time="0.024">
    </testcase>
    <testcase classname="Form: Profile should init the form options" name="Form: Profile should init the form options" time="0.004">
    </testcase>
    <testcase classname="Form: Profile should init validation errors" name="Form: Profile should init validation errors" time="0.002">
    </testcase>
  </testsuite>
  <testsuite name="Component: Loader" tests="2" errors="0" failures="0" skipped="0" timestamp="2017-10-07T17:23:08" time="0.497">
    <testcase classname="Component: Loader should hide the spinner by default" name="Component: Loader should hide the spinner by default" time="0.111">
    </testcase>
    <testcase classname="Component: Loader should show the spinner" name="Component: Loader should show the spinner" time="0.108">
    </testcase>
  </testsuite>
  <testsuite name="Service: NavigationService" tests="4" errors="0" failures="0" skipped="0" timestamp="2017-10-07T17:23:08" time="0.288">
    <testcase classname="Service: NavigationService all method should be defined" name="Service: NavigationService all method should be defined" time="0.005">
    </testcase>
    <testcase classname="Service: NavigationService navigation getMenu methods should return nav element array" name="Service: NavigationService navigation getMenu methods should return nav element array" time="0.005">
    </testcase>
    <testcase classname="Service: NavigationService navigation getMenu methods should contain phone information" name="Service: NavigationService navigation getMenu methods should contain phone information" time="0.002">
    </testcase>
    <testcase classname="Service: NavigationService navigation getMenu methods should not contain link to Dashboard" name="Service: NavigationService navigation getMenu methods should not contain link to Dashboard" time="0.005">
    </testcase>
  </testsuite>
  <testsuite name="Component: AppPromoBlockComponent" tests="1" errors="0" failures="0" skipped="0" timestamp="2017-10-07T17:23:08" time="0.461">
    <testcase classname="Component: AppPromoBlockComponent should initialize template links" name="Component: AppPromoBlockComponent should initialize template links" time="0.201">
    </testcase>
  </testsuite>
  <testsuite name="AddressForm" tests="1" errors="0" failures="0" skipped="0" timestamp="2017-10-07T17:23:08" time="0.334">
    <testcase classname="AddressForm should create a new form" name="AddressForm should create a new form" time="0.033">
    </testcase>
  </testsuite>
  <testsuite name="Form: Iban" tests="3" errors="0" failures="0" skipped="0" timestamp="2017-10-07T17:23:08" time="0.318">
    <testcase classname="Form: Iban should initialize the form controls" name="Form: Iban should initialize the form controls" time="0.007">
    </testcase>
    <testcase classname="Form: Iban should init the form options" name="Form: Iban should init the form options" time="0.003">
    </testcase>
    <testcase classname="Form: Iban should init validation errors" name="Form: Iban should init validation errors" time="0.002">
    </testcase>
  </testsuite>
  <testsuite name="Component: AvatarComponent" tests="1" errors="0" failures="1" skipped="0" timestamp="2017-10-07T17:23:08" time="0.598">
    <testcase classname="Component: AvatarComponent should show the avatar" name="Component: AvatarComponent should show the avatar" time="0.268">
      <failure>Error: Failed: SyntaxError
    at stackFormatter (/home/thomas/Documents/projects/knab-james-frontend/node_modules/jest-jasmine2/build/expectation_result_factory.js:51:427)
    at expectationResultFactory (/home/thomas/Documents/projects/knab-james-frontend/node_modules/jest-jasmine2/build/expectation_result_factory.js:51:591)
    at Spec.Object.&lt;anonymous&gt;.Spec.addExpectationResult (/home/thomas/Documents/projects/knab-james-frontend/node_modules/jest-jasmine2/build/jasmine/Spec.js:74:70)
    at Env.fail (/home/thomas/Documents/projects/knab-james-frontend/node_modules/jest-jasmine2/build/jasmine/Env.js:511:25)
    at Function.next.fail (/home/thomas/Documents/projects/knab-james-frontend/node_modules/jest-jasmine2/build/queue_runner.js:43:22)
    at /home/thomas/Documents/projects/knab-james-frontend/node_modules/@angular/core/bundles/core-testing.umd.js:85:26
    at /home/thomas/Documents/projects/knab-james-frontend/node_modules/@angular/core/bundles/core-testing.umd.js:136:17
    at ZoneDelegate.Object.&lt;anonymous&gt;.ZoneDelegate.invoke (/home/thomas/Documents/projects/knab-james-frontend/node_modules/zone.js/dist/zone-node.js:392:26)
    at AsyncTestZoneSpec.Object.&lt;anonymous&gt;.AsyncTestZoneSpec.onInvoke (/home/thomas/Documents/projects/knab-james-frontend/node_modules/zone.js/dist/async-test.js:49:39)
    at ProxyZoneSpec.Object.&lt;anonymous&gt;.ProxyZoneSpec.onInvoke (/home/thomas/Documents/projects/knab-james-frontend/node_modules/zone.js/dist/proxy.js:76:39)
    at ZoneDelegate.Object.&lt;anonymous&gt;.ZoneDelegate.invoke (/home/thomas/Documents/projects/knab-james-frontend/node_modules/zone.js/dist/zone-node.js:391:32)
    at Zone.Object.&lt;anonymous&gt;.Zone.run (/home/thomas/Documents/projects/knab-james-frontend/node_modules/zone.js/dist/zone-node.js:142:43)
    at AsyncTestZoneSpec._failCallback (/home/thomas/Documents/projects/knab-james-frontend/packages/core/testing/src/async.ts:111:15)
    at AsyncTestZoneSpec.Object.&lt;anonymous&gt;.AsyncTestZoneSpec.onHandleError (/home/thomas/Documents/projects/knab-james-frontend/node_modules/zone.js/dist/async-test.js:59:18)
    at ProxyZoneSpec.Object.&lt;anonymous&gt;.ProxyZoneSpec.onHandleError (/home/thomas/Documents/projects/knab-james-frontend/node_modules/zone.js/dist/proxy.js:84:39)
    at ZoneDelegate.Object.&lt;anonymous&gt;.ZoneDelegate.handleError (/home/thomas/Documents/projects/knab-james-frontend/node_modules/zone.js/dist/zone-node.js:396:37)
    at Zone.Object.&lt;anonymous&gt;.Zone.runGuarded (/home/thomas/Documents/projects/knab-james-frontend/node_modules/zone.js/dist/zone-node.js:158:44)
    at runInTestZone (/home/thomas/Documents/projects/knab-james-frontend/node_modules/@angular/core/bundles/core-testing.umd.js:141:25)
    at /home/thomas/Documents/projects/knab-james-frontend/node_modules/@angular/core/bundles/core-testing.umd.js:80:13
    at ZoneDelegate.Object.&lt;anonymous&gt;.ZoneDelegate.invoke (/home/thomas/Documents/projects/knab-james-frontend/node_modules/zone.js/dist/zone-node.js:392:26)
    at ProxyZoneSpec.Object.&lt;anonymous&gt;.ProxyZoneSpec.onInvoke (/home/thomas/Documents/projects/knab-james-frontend/node_modules/zone.js/dist/proxy.js:79:39)
    at ZoneDelegate.Object.&lt;anonymous&gt;.ZoneDelegate.invoke (/home/thomas/Documents/projects/knab-james-frontend/node_modules/zone.js/dist/zone-node.js:391:32)
    at Zone.Object.&lt;anonymous&gt;.Zone.run (/home/thomas/Documents/projects/knab-james-frontend/node_modules/zone.js/dist/zone-node.js:142:43)
    at Object.testBody.length.done (/home/thomas/Documents/projects/knab-james-frontend/node_modules/jest-zone-patch/index.js:48:29)
    at resolve (/home/thomas/Documents/projects/knab-james-frontend/node_modules/jest-jasmine2/build/queue_runner.js:47:12)
    at new ZoneAwarePromise (/home/thomas/Documents/projects/knab-james-frontend/node_modules/zone.js/dist/zone-node.js:861:29)
    at mapper (/home/thomas/Documents/projects/knab-james-frontend/node_modules/jest-jasmine2/build/queue_runner.js:36:499)
    at promise.then (/home/thomas/Documents/projects/knab-james-frontend/node_modules/jest-jasmine2/build/queue_runner.js:75:39)
    at ZoneDelegate.Object.&lt;anonymous&gt;.ZoneDelegate.invoke (/home/thomas/Documents/projects/knab-james-frontend/node_modules/zone.js/dist/zone-node.js:392:26)
    at Zone.Object.&lt;anonymous&gt;.Zone.run (/home/thomas/Documents/projects/knab-james-frontend/node_modules/zone.js/dist/zone-node.js:142:43)
    at /home/thomas/Documents/projects/knab-james-frontend/node_modules/zone.js/dist/zone-node.js:844:57
    at ZoneDelegate.Object.&lt;anonymous&gt;.ZoneDelegate.invokeTask (/home/thomas/Documents/projects/knab-james-frontend/node_modules/zone.js/dist/zone-node.js:425:31)
    at Zone.Object.&lt;anonymous&gt;.Zone.runTask (/home/thomas/Documents/projects/knab-james-frontend/node_modules/zone.js/dist/zone-node.js:192:47)
    at drainMicroTaskQueue (/home/thomas/Documents/projects/knab-james-frontend/node_modules/zone.js/dist/zone-node.js:602:35)
    at process._tickCallback (internal/process/next_tick.js:109:7)</failure>
      <failure>SyntaxError
    at XMLHttpRequest.open (/home/thomas/Documents/projects/knab-james-frontend/node_modules/jsdom/lib/jsdom/living/xmlhttprequest.js:486:15)
    at ResourceLoaderImpl.Object.&lt;anonymous&gt;.ResourceLoaderImpl.get (/home/thomas/Documents/projects/knab-james-frontend/node_modules/@angular/platform-browser-dynamic/bundles/platform-browser-dynamic.umd.js:63:13)
    at DirectiveNormalizer.Object.&lt;anonymous&gt;.DirectiveNormalizer._fetch (/home/thomas/Documents/projects/knab-james-frontend/node_modules/@angular/compiler/bundles/compiler.umd.js:14104:43)
    at /home/thomas/Documents/projects/knab-james-frontend/node_modules/@angular/compiler/bundles/compiler.umd.js:14220:68
    at Array.map (native)
    at DirectiveNormalizer.Object.&lt;anonymous&gt;.DirectiveNormalizer._loadMissingExternalStylesheets (/home/thomas/Documents/projects/knab-james-frontend/node_modules/@angular/compiler/bundles/compiler.umd.js:14220:14)
    at DirectiveNormalizer.Object.&lt;anonymous&gt;.DirectiveNormalizer.normalizeExternalStylesheets (/home/thomas/Documents/projects/knab-james-frontend/node_modules/@angular/compiler/bundles/compiler.umd.js:14198:36)
    at /home/thomas/Documents/projects/knab-james-frontend/node_modules/@angular/compiler/bundles/compiler.umd.js:14131:105
    at Object.then (/home/thomas/Documents/projects/knab-james-frontend/node_modules/@angular/compiler/bundles/compiler.umd.js:1714:92)
    at DirectiveNormalizer.Object.&lt;anonymous&gt;.DirectiveNormalizer.normalizeTemplate (/home/thomas/Documents/projects/knab-james-frontend/node_modules/@angular/compiler/bundles/compiler.umd.js:14131:26)</failure>
      <failure>TypeError: Cannot read property &apos;getElementsByTagName&apos; of undefined
    at /home/thomas/Documents/projects/knab-james-frontend/src/app/components/knx-avatar/avatar.component.spec.ts:31:14
    at ZoneDelegate.Object.&lt;anonymous&gt;.ZoneDelegate.invoke (/home/thomas/Documents/projects/knab-james-frontend/node_modules/zone.js/dist/zone-node.js:392:26)
    at ProxyZoneSpec.Object.&lt;anonymous&gt;.ProxyZoneSpec.onInvoke (/home/thomas/Documents/projects/knab-james-frontend/node_modules/zone.js/dist/proxy.js:79:39)
    at ZoneDelegate.Object.&lt;anonymous&gt;.ZoneDelegate.invoke (/home/thomas/Documents/projects/knab-james-frontend/node_modules/zone.js/dist/zone-node.js:391:32)
    at Zone.Object.&lt;anonymous&gt;.Zone.run (/home/thomas/Documents/projects/knab-james-frontend/node_modules/zone.js/dist/zone-node.js:142:43)
    at Object.testBody.length (/home/thomas/Documents/projects/knab-james-frontend/node_modules/jest-zone-patch/index.js:47:27)
    at Object.asyncFn (/home/thomas/Documents/projects/knab-james-frontend/node_modules/jest-jasmine2/build/jasmine_async.js:126:345)
    at resolve (/home/thomas/Documents/projects/knab-james-frontend/node_modules/jest-jasmine2/build/queue_runner.js:47:12)
    at new ZoneAwarePromise (/home/thomas/Documents/projects/knab-james-frontend/node_modules/zone.js/dist/zone-node.js:861:29)
    at mapper (/home/thomas/Documents/projects/knab-james-frontend/node_modules/jest-jasmine2/build/queue_runner.js:36:499)
    at promise.then (/home/thomas/Documents/projects/knab-james-frontend/node_modules/jest-jasmine2/build/queue_runner.js:75:39)
    at ZoneDelegate.Object.&lt;anonymous&gt;.ZoneDelegate.invoke (/home/thomas/Documents/projects/knab-james-frontend/node_modules/zone.js/dist/zone-node.js:392:26)
    at Zone.Object.&lt;anonymous&gt;.Zone.run (/home/thomas/Documents/projects/knab-james-frontend/node_modules/zone.js/dist/zone-node.js:142:43)
    at /home/thomas/Documents/projects/knab-james-frontend/node_modules/zone.js/dist/zone-node.js:844:57
    at ZoneDelegate.Object.&lt;anonymous&gt;.ZoneDelegate.invokeTask (/home/thomas/Documents/projects/knab-james-frontend/node_modules/zone.js/dist/zone-node.js:425:31)
    at Zone.Object.&lt;anonymous&gt;.Zone.runTask (/home/thomas/Documents/projects/knab-james-frontend/node_modules/zone.js/dist/zone-node.js:192:47)
    at drainMicroTaskQueue (/home/thomas/Documents/projects/knab-james-frontend/node_modules/zone.js/dist/zone-node.js:602:35)
    at process._tickCallback (internal/process/next_tick.js:109:7)</failure>
    </testcase>
  </testsuite>
  <testsuite name="Mask: Licenseplate" tests="4" errors="0" failures="0" skipped="0" timestamp="2017-10-07T17:23:09" time="0.309">
    <testcase classname="Mask: Licenseplate should have a mask of 8 characters" name="Mask: Licenseplate should have a mask of 8 characters" time="0.008">
    </testcase>
    <testcase classname="Mask: Licenseplate should provide a decode function" name="Mask: Licenseplate should provide a decode function" time="0.005">
    </testcase>
    <testcase classname="Mask: Licenseplate should provide a pipe function" name="Mask: Licenseplate should provide a pipe function" time="0.003">
    </testcase>
    <testcase classname="Mask: Licenseplate should not have a guide" name="Mask: Licenseplate should not have a guide" time="0.002">
    </testcase>
  </testsuite>
  <testsuite name="Insurance reducer" tests="1" errors="0" failures="0" skipped="0" timestamp="2017-10-07T17:23:09" time="0.224">
    <testcase classname="Insurance reducer undefined action should handle initial state" name="Insurance reducer undefined action should handle initial state" time="0.003">
    </testcase>
  </testsuite>
  <testsuite name="Service: LoggingService" tests="2" errors="0" failures="0" skipped="1" timestamp="2017-10-07T17:23:09" time="0.206">
    <testcase classname="Service: LoggingService all method should be defined" name="Service: LoggingService all method should be defined" time="0.005">
    </testcase>
    <testcase classname="Service: LoggingService log should do a log request" name="Service: LoggingService log should do a log request" time="0">
      <skipped/>
    </testcase>
  </testsuite>
  <testsuite name="Service: LoaderService (isolated test)" tests="1" errors="0" failures="0" skipped="0" timestamp="2017-10-07T17:23:09" time="0.232">
    <testcase classname="Service: LoaderService (isolated test) loaderState should return observable value" name="Service: LoaderService (isolated test) loaderState should return observable value" time="0.004">
    </testcase>
  </testsuite>
  <testsuite name="Boolean Pipe" tests="2" errors="0" failures="0" skipped="0" timestamp="2017-10-07T17:23:09" time="0.247">
    <testcase classname="Boolean Pipe should change true to string" name="Boolean Pipe should change true to string" time="0.004">
    </testcase>
    <testcase classname="Boolean Pipe should change false to string" name="Boolean Pipe should change false to string" time="0.001">
    </testcase>
  </testsuite>
  <testsuite name="License Plate Pipe" tests="1" errors="0" failures="0" skipped="0" timestamp="2017-10-07T17:23:09" time="1.08">
    <testcase classname="License Plate Pipe should transform license plate" name="License Plate Pipe should transform license plate" time="0.005">
    </testcase>
  </testsuite>
  <testsuite name="Round Number Pipe" tests="1" errors="0" failures="0" skipped="0" timestamp="2017-10-07T17:23:09" time="1.161">
    <testcase classname="Round Number Pipe should round number" name="Round Number Pipe should round number" time="0.006">
    </testcase>
  </testsuite>
  <testsuite name="Round Number Pipe" tests="1" errors="0" failures="0" skipped="0" timestamp="2017-10-07T17:23:09" time="1.238">
    <testcase classname="Round Number Pipe should round number" name="Round Number Pipe should round number" time="0.005">
    </testcase>
  </testsuite>
  <testsuite name="Class: BaseForm" tests="1" errors="0" failures="0" skipped="0" timestamp="2017-10-07T17:23:10" time="0.24">
    <testcase classname="Class: BaseForm should initialize correctly" name="Class: BaseForm should initialize correctly" time="0.01">
    </testcase>
  </testsuite>
  <testsuite name="Slider Util" tests="1" errors="0" failures="0" skipped="0" timestamp="2017-10-07T17:23:10" time="0.273">
    <testcase classname="Slider Util should generate a range of values" name="Slider Util should generate a range of values" time="0.005">
    </testcase>
  </testsuite>
</testsuites>